Archive member included because of file (symbol)

contiki-srf06-cc26xx.a(er-coap-engine.)
                              very-sleepy-demo.co (coap_rest_implementation)
contiki-srf06-cc26xx.a(er-coap-transac)
                              contiki-srf06-cc26xx.a(er-coap-engine.) (coap_register_as_transaction_handler)
contiki-srf06-cc26xx.a(er-coap-observe)
                              contiki-srf06-cc26xx.a(er-coap-transac) (coap_remove_observer_by_client)
contiki-srf06-cc26xx.a(er-coap-res-wel)
                              contiki-srf06-cc26xx.a(er-coap-engine.) (res_well_known_core)
contiki-srf06-cc26xx.a(rest-engine.o)
                              very-sleepy-demo.co (rest_init_engine)
contiki-srf06-cc26xx.a(contiki-main.o)
                              obj_srf06-cc26xx/startup_gcc.o (main)
contiki-srf06-cc26xx.a(sensors.o)
                              very-sleepy-demo.co (sensors_event)
contiki-srf06-cc26xx.a(leds.o)
                              contiki-srf06-cc26xx.a(contiki-main.o) (leds_init)
contiki-srf06-cc26xx.a(leds-arch.o)
                              contiki-srf06-cc26xx.a(leds.o) (leds_arch_init)
contiki-srf06-cc26xx.a(srf06-sensors.o)
                              contiki-srf06-cc26xx.a(sensors.o) (sensors_flags)
contiki-srf06-cc26xx.a(button-sensor.o)
                              contiki-srf06-cc26xx.a(srf06-sensors.o) (button_down_sensor)
contiki-srf06-cc26xx.a(board.o)
                              contiki-srf06-cc26xx.a(contiki-main.o) (board_init)
contiki-srf06-cc26xx.a(als-sensor.o)
                              contiki-srf06-cc26xx.a(srf06-sensors.o) (als_sensor)
contiki-srf06-cc26xx.a(clock.o)
                              contiki-srf06-cc26xx.a(contiki-main.o) (clock_init)
contiki-srf06-cc26xx.a(soc-rtc.o)
                              contiki-srf06-cc26xx.a(contiki-main.o) (soc_rtc_init)
contiki-srf06-cc26xx.a(contiki-watchdo)
                              contiki-srf06-cc26xx.a(contiki-main.o) (watchdog_init)
contiki-srf06-cc26xx.a(aux-ctrl.o)
                              contiki-srf06-cc26xx.a(als-sensor.o) (aux_ctrl_register_consumer)
contiki-srf06-cc26xx.a(putchar.o)
                              contiki-srf06-cc26xx.a(contiki-main.o) (putchar)
contiki-srf06-cc26xx.a(ieee-addr.o)
                              contiki-srf06-cc26xx.a(contiki-main.o) (ieee_addr_cpy_to)
contiki-srf06-cc26xx.a(batmon-sensor.o)
                              very-sleepy-demo.co (batmon_sensor)
contiki-srf06-cc26xx.a(cc26xx-uart.o)
                              contiki-srf06-cc26xx.a(contiki-main.o) (cc26xx_uart_init)
contiki-srf06-cc26xx.a(lpm.o)
                              contiki-srf06-cc26xx.a(button-sensor.o) (lpm_shutdown)
contiki-srf06-cc26xx.a(gpio-interrupt.)
                              contiki-srf06-cc26xx.a(button-sensor.o) (gpio_interrupt_register_handler)
contiki-srf06-cc26xx.a(oscillators.o)
                              contiki-srf06-cc26xx.a(contiki-main.o) (oscillators_select_lf_xosc)
contiki-srf06-cc26xx.a(ieee-mode.o)
                              contiki-srf06-cc26xx.a(contiki-main.o) (ieee_mode_driver)
contiki-srf06-cc26xx.a(random.o)
                              contiki-srf06-cc26xx.a(er-coap-transac) (random_rand)
contiki-srf06-cc26xx.a(soc-trng.o)
                              contiki-srf06-cc26xx.a(random.o) (soc_trng_rand_synchronous)
contiki-srf06-cc26xx.a(dbg-printf.o)
                              contiki-srf06-cc26xx.a(contiki-main.o) (printf)
contiki-srf06-cc26xx.a(dbg-snprintf.o)
                              very-sleepy-demo.co (snprintf)
contiki-srf06-cc26xx.a(strformat.o)
                              contiki-srf06-cc26xx.a(dbg-printf.o) (format_str_v)
contiki-srf06-cc26xx.a(autostart.o)
                              contiki-srf06-cc26xx.a(contiki-main.o) (autostart_start)
contiki-srf06-cc26xx.a(ctimer.o)
                              contiki-srf06-cc26xx.a(contiki-main.o) (ctimer_init)
contiki-srf06-cc26xx.a(energest.o)
                              contiki-srf06-cc26xx.a(contiki-main.o) (energest_init)
contiki-srf06-cc26xx.a(etimer.o)
                              contiki-srf06-cc26xx.a(clock.o) (etimer_request_poll)
contiki-srf06-cc26xx.a(process.o)
                              very-sleepy-demo.co (process_alloc_event)
contiki-srf06-cc26xx.a(rtimer.o)
                              contiki-srf06-cc26xx.a(contiki-main.o) (rtimer_init)
contiki-srf06-cc26xx.a(stimer.o)
                              very-sleepy-demo.co (stimer_set)
contiki-srf06-cc26xx.a(timer.o)
                              contiki-srf06-cc26xx.a(button-sensor.o) (timer_set)
contiki-srf06-cc26xx.a(serial-line.o)
                              contiki-srf06-cc26xx.a(contiki-main.o) (serial_line_init)
contiki-srf06-cc26xx.a(list.o)
                              contiki-srf06-cc26xx.a(rest-engine.o) (list_init)
contiki-srf06-cc26xx.a(memb.o)
                              contiki-srf06-cc26xx.a(er-coap-transac) (memb_alloc)
contiki-srf06-cc26xx.a(ringbuf.o)
[...]
Memory Configuration

Name             Origin             Length             Attributes
FLASH            0x0000000000000000 0x000000000001ffa8 xr
FLASH_CCFG       0x000000000001ffa8 0x0000000000000058 xr
SRAM             0x0000000020000000 0x0000000000005000 xrw
GPRAM            0x0000000011000000 0x0000000000002000 xrw
*default*        0x0000000000000000 0xffffffffffffffff

Linker script and memory map

LOAD obj_srf06-cc26xx/fault-handlers.o
LOAD obj_srf06-cc26xx/ccfg.o
LOAD obj_srf06-cc26xx/startup_gcc.o
LOAD very-sleepy-demo.co
LOAD contiki-srf06-cc26xx.a
LOAD /usr/lib/gcc/arm-none-eabi/4.8.2/../../../arm-none-eabi/lib/armv7-m/libm.a
START GROUP
LOAD /usr/lib/gcc/arm-none-eabi/4.8.2/armv7-m/libgcc.a
LOAD /usr/lib/gcc/arm-none-eabi/4.8.2/../../../arm-none-eabi/lib/armv7-m/libc.a
END GROUP
                0x0000000020005000                _estack = (ORIGIN (SRAM) + 0x5000)
                0x0000000000000000                _Min_Heap_Size = 0x0
                0x0000000000000100                _Min_Stack_Size = 0x100

.text           0x0000000000000000    0x10580
                0x0000000000000000                _text = .
 *(SORT(.vectors))
 .vectors       0x0000000000000000       0xc8 obj_srf06-cc26xx/startup_gcc.o
                0x0000000000000000                g_pfnVectors
 *(SORT(.text*))
 .text.FaultISR
                0x00000000000000c8       0x1c obj_srf06-cc26xx/fault-handlers.o
                0x00000000000000c8                FaultISR
 .text.NmiSRHandler
                0x00000000000000e4        0x4 obj_srf06-cc26xx/startup_gcc.o
                0x00000000000000e4                NmiSR
 .text.IntDefaultHandler
                0x00000000000000e8        0x4 obj_srf06-cc26xx/startup_gcc.o
                0x00000000000000e8                SSI0IntHandler
                0x00000000000000e8                SWEvent0IntHandler
                0x00000000000000e8                uDMAIntHandler
                0x00000000000000e8                WatchdogIntHandler
                0x00000000000000e8                RFCHardwareIntHandler
                0x00000000000000e8                Timer1BIntHandler
                0x00000000000000e8                I2SIntHandler
                0x00000000000000e8                Timer2BIntHandler
                0x00000000000000e8                Timer2AIntHandler
                0x00000000000000e8                Timer1AIntHandler
                0x00000000000000e8                AONIntHandler
                0x00000000000000e8                AUXSWEvent0IntHandler
                0x00000000000000e8                AUXADCIntHandler
                0x00000000000000e8                PendSVIntHandler
                0x00000000000000e8                AUXSWEvent1IntHandler
                0x00000000000000e8                SVCallIntHandler
                0x00000000000000e8                MPUFaultIntHandler
                0x00000000000000e8                SysTickIntHandler
                0x00000000000000e8                BusFaultIntHandler
                0x00000000000000e8                AONProgIntHandler
                0x00000000000000e8                AUXCompAIntHandler
                0x00000000000000e8                SSI1IntHandler
                0x00000000000000e8                FlashIntHandler
                0x00000000000000e8                uDMAErrIntHandler
                0x00000000000000e8                UsageFaultIntHandler
                0x00000000000000e8                RFCCmdAckIntHandler
                0x00000000000000e8                CryptoIntHandler
                0x00000000000000e8                Timer0AIntHandler
                0x00000000000000e8                I2CIntHandler
                0x00000000000000e8                DebugMonIntHandler
                0x00000000000000e8                Timer0BIntHandler
                0x00000000000000e8                AUXCombEventIntHandler
                0x00000000000000e8                Timer3AIntHandler
                0x00000000000000e8                DynProgIntHandler
                0x00000000000000e8                Timer3BIntHandler
 .text.ResetISR
                0x00000000000000ec       0x5c obj_srf06-cc26xx/startup_gcc.o
                0x00000000000000ec                ResetISR
 .text.switch_to_normal
                0x0000000000000148       0x38 very-sleepy-demo.co
 .text.process_thread_very_sleepy_demo_process
                0x0000000000000180      0x288 very-sleepy-demo.co
 .text.readings_get_handler
                0x0000000000000408       0xfc very-sleepy-demo.co
 .text.conf_get_handler
                0x0000000000000504       0xc0 very-sleepy-demo.co
 .text.conf_post_handler
                0x00000000000005c4      0x1ac very-sleepy-demo.co
 .text.coap_set_service_callback
                0x0000000000000770        0xc contiki-srf06-cc26xx.a(er-coap-engine.)
                0x0000000000000770                coap_set_service_callback
 .text.coap_get_rest_method
                0x000000000000077c       0x10 contiki-srf06-cc26xx.a(er-coap-engine.)
                0x000000000000077c                coap_get_rest_method
 .text.process_thread_coap_engine
                0x000000000000078c      0x458 contiki-srf06-cc26xx.a(er-coap-engine.)
 .text.coap_init_engine
                0x0000000000000be4       0x10 contiki-srf06-cc26xx.a(er-coap-engine.)
                0x0000000000000be4                coap_init_engine
 .text.coap_register_as_transaction_handler
                0x0000000000000bf4       0x18 contiki-srf06-cc26xx.a(er-coap-transac)
                0x0000000000000bf4                coap_register_as_transaction_handler
 .text.coap_new_transaction
                0x0000000000000c0c       0x4c contiki-srf06-cc26xx.a(er-coap-transac)
                0x0000000000000c0c                coap_new_transaction
 .text.coap_clear_transaction
                0x0000000000000c58       0x30 contiki-srf06-cc26xx.a(er-coap-transac)
                0x0000000000000c58                coap_clear_transaction
 .text.coap_send_transaction
                0x0000000000000c88       0x9c contiki-srf06-cc26xx.a(er-coap-transac)
                0x0000000000000c88                coap_send_transaction
 .text.coap_get_transaction_by_mid
                0x0000000000000d24       0x2c contiki-srf06-cc26xx.a(er-coap-transac)
                0x0000000000000d24                coap_get_transaction_by_mid
 .text.coap_check_transactions
                0x0000000000000d50       0x38 contiki-srf06-cc26xx.a(er-coap-transac)
                0x0000000000000d50                coap_check_transactions
 .text.coap_remove_observer
                0x0000000000000d88       0x24 contiki-srf06-cc26xx.a(er-coap-observe)
                0x0000000000000d88                coap_remove_observer
 .text.coap_remove_observer_by_client
                0x0000000000000dac       0x44 contiki-srf06-cc26xx.a(er-coap-observe)
                0x0000000000000dac                coap_remove_observer_by_client
 .text.coap_remove_observer_by_token
                0x0000000000000df0       0x70 contiki-srf06-cc26xx.a(er-coap-observe)
                0x0000000000000df0                coap_remove_observer_by_token
 .text.coap_remove_observer_by_uri
                0x0000000000000e60       0x70 contiki-srf06-cc26xx.a(er-coap-observe)
                0x0000000000000e60                coap_remove_observer_by_uri
 .text.coap_remove_observer_by_mid
                0x0000000000000ed0       0x5c contiki-srf06-cc26xx.a(er-coap-observe)
                0x0000000000000ed0                coap_remove_observer_by_mid
 .text.coap_notify_observers_sub
                0x0000000000000f2c      0x14c contiki-srf06-cc26xx.a(er-coap-observe)
                0x0000000000000f2c                coap_notify_observers_sub
 .text.coap_notify_observers
                0x0000000000001078        0x8 contiki-srf06-cc26xx.a(er-coap-observe)
                0x0000000000001078                coap_notify_observers
 .text.coap_observe_handler
                0x0000000000001080      0x110 contiki-srf06-cc26xx.a(er-coap-observe)
                0x0000000000001080                coap_observe_handler
 .text.well_known_core_get_handler
                0x0000000000001190      0x1bc contiki-srf06-cc26xx.a(er-coap-res-wel)
                0x0000000000001190                well_known_core_get_handler
 .text.process_thread_rest_engine_process
                0x000000000000134c       0xac contiki-srf06-cc26xx.a(rest-engine.o)
 .text.rest_invoke_restful_service
                0x00000000000013f8       0xfc contiki-srf06-cc26xx.a(rest-engine.o)
                0x00000000000013f8                rest_invoke_restful_service
 .text.rest_init_engine
                0x00000000000014f4       0x4c contiki-srf06-cc26xx.a(rest-engine.o)
                0x00000000000014f4                rest_init_engine
 .text.rest_activate_resource
                0x0000000000001540       0x68 contiki-srf06-cc26xx.a(rest-engine.o)
                0x0000000000001540                rest_activate_resource
 .text.rest_get_resources
                0x00000000000015a8        0xc contiki-srf06-cc26xx.a(rest-engine.o)
                0x00000000000015a8                rest_get_resources
 .text.fade     0x00000000000015b4       0x64 contiki-srf06-cc26xx.a(contiki-main.o)
 .text.startup.main
                0x0000000000001618      0x28c contiki-srf06-cc26xx.a(contiki-main.o)
                0x0000000000001618                main
 .text.process_thread_sensors_process
                0x00000000000018a4      0x138 contiki-srf06-cc26xx.a(sensors.o)
 .text.sensors_changed
                0x00000000000019dc       0x54 contiki-srf06-cc26xx.a(sensors.o)
                0x00000000000019dc                sensors_changed
 .text.leds_init
                0x0000000000001a30       0x14 contiki-srf06-cc26xx.a(leds.o)
                0x0000000000001a30                leds_init
 .text.leds_on  0x0000000000001a44       0x14 contiki-srf06-cc26xx.a(leds.o)
                0x0000000000001a44                leds_on
 .text.leds_off
                0x0000000000001a58       0x18 contiki-srf06-cc26xx.a(leds.o)
                0x0000000000001a58                leds_off
 .text.leds_arch_init
                0x0000000000001a70       0x4c contiki-srf06-cc26xx.a(leds-arch.o)
                0x0000000000001a70                leds_arch_init
 .text.leds_arch_set
                0x0000000000001abc       0x68 contiki-srf06-cc26xx.a(leds-arch.o)
                0x0000000000001abc                leds_arch_set
 .text.button_press_handler
                0x0000000000001b24      0x148 contiki-srf06-cc26xx.a(button-sensor.o)
 .text.value_select
                0x0000000000001c6c       0x28 contiki-srf06-cc26xx.a(button-sensor.o)
 .text.value_left
                0x0000000000001c94       0x28 contiki-srf06-cc26xx.a(button-sensor.o)
 .text.value_right
                0x0000000000001cbc       0x1c contiki-srf06-cc26xx.a(button-sensor.o)
 .text.value_up
                0x0000000000001cd8       0x28 contiki-srf06-cc26xx.a(button-sensor.o)
 .text.value_down
                0x0000000000001d00       0x28 contiki-srf06-cc26xx.a(button-sensor.o)
 .text.status.part.5
                0x0000000000001d28       0x18 contiki-srf06-cc26xx.a(button-sensor.o)
 .text.status_select
                0x0000000000001d40       0x10 contiki-srf06-cc26xx.a(button-sensor.o)
 .text.status_left
                0x0000000000001d50       0x10 contiki-srf06-cc26xx.a(button-sensor.o)
 .text.status_right
                0x0000000000001d60       0x10 contiki-srf06-cc26xx.a(button-sensor.o)
 .text.status_up
                0x0000000000001d70       0x10 contiki-srf06-cc26xx.a(button-sensor.o)
 .text.status_down
                0x0000000000001d80       0x10 contiki-srf06-cc26xx.a(button-sensor.o)
 .text.config_buttons
                0x0000000000001d90       0xa0 contiki-srf06-cc26xx.a(button-sensor.o)
 .text.config_select
                0x0000000000001e30        0xc contiki-srf06-cc26xx.a(button-sensor.o)
 .text.config_left
                0x0000000000001e3c        0xc contiki-srf06-cc26xx.a(button-sensor.o)
 .text.config_right
                0x0000000000001e48        0xc contiki-srf06-cc26xx.a(button-sensor.o)
 .text.config_up
                0x0000000000001e54        0xc contiki-srf06-cc26xx.a(button-sensor.o)
 .text.config_down
                0x0000000000001e60        0xc contiki-srf06-cc26xx.a(button-sensor.o)
 .text.lpm_handler
                0x0000000000001e6c       0x38 contiki-srf06-cc26xx.a(board.o)
 .text.wakeup_handler
                0x0000000000001ea4       0x20 contiki-srf06-cc26xx.a(board.o)
 .text.board_init
                0x0000000000001ec4       0x7c contiki-srf06-cc26xx.a(board.o)
                0x0000000000001ec4                board_init
 .text.status   0x0000000000001f40        0x4 contiki-srf06-cc26xx.a(als-sensor.o)
 .text.value    0x0000000000001f44       0x28 contiki-srf06-cc26xx.a(als-sensor.o)
 .text.config   0x0000000000001f6c       0x9c contiki-srf06-cc26xx.a(als-sensor.o)
 .text.power_domain_on
                0x0000000000002008       0x20 contiki-srf06-cc26xx.a(clock.o)
 .text.clock_init
                0x0000000000002028       0xac contiki-srf06-cc26xx.a(clock.o)
                0x0000000000002028                clock_init
 .text.clock_time
                0x00000000000020d4       0x38 contiki-srf06-cc26xx.a(clock.o)
                0x00000000000020d4                clock_time
 .text.clock_update
                0x000000000000210c       0x40 contiki-srf06-cc26xx.a(clock.o)
                0x000000000000210c                clock_update
 .text.clock_seconds
                0x000000000000214c       0x1c contiki-srf06-cc26xx.a(clock.o)
                0x000000000000214c                clock_seconds
 .text.clock_delay_usec
                0x0000000000002168       0xa4 contiki-srf06-cc26xx.a(clock.o)
                0x0000000000002168                clock_delay_usec
 .text.soc_rtc_init
                0x000000000000220c       0xac contiki-srf06-cc26xx.a(soc-rtc.o)
                0x000000000000220c                soc_rtc_init
 .text.soc_rtc_schedule_one_shot
                0x00000000000022b8       0x6c contiki-srf06-cc26xx.a(soc-rtc.o)
                0x00000000000022b8                soc_rtc_schedule_one_shot
 .text.soc_rtc_last_isr_time
                0x0000000000002324        0xc contiki-srf06-cc26xx.a(soc-rtc.o)
                0x0000000000002324                soc_rtc_last_isr_time
 .text.AONRTCIntHandler
                0x0000000000002330       0xa0 contiki-srf06-cc26xx.a(soc-rtc.o)
                0x0000000000002330                AONRTCIntHandler
 .text.lock_config
                0x00000000000023d0       0x1c contiki-srf06-cc26xx.a(contiki-watchdo)
 .text.unlock_config
                0x00000000000023ec       0x30 contiki-srf06-cc26xx.a(contiki-watchdo)
 .text.watchdog_init
                0x000000000000241c       0x20 contiki-srf06-cc26xx.a(contiki-watchdo)
                0x000000000000241c                watchdog_init
 .text.watchdog_start
                0x000000000000243c       0x34 contiki-srf06-cc26xx.a(contiki-watchdo)
                0x000000000000243c                watchdog_start
 .text.watchdog_periodic
                0x0000000000002470       0x1c contiki-srf06-cc26xx.a(contiki-watchdo)
                0x0000000000002470                watchdog_periodic
 .text.aux_ctrl_power_up
                0x000000000000248c       0x2c contiki-srf06-cc26xx.a(aux-ctrl.o)
                0x000000000000248c                aux_ctrl_power_up
 .text.aux_ctrl_register_consumer
                0x00000000000024b8       0x44 contiki-srf06-cc26xx.a(aux-ctrl.o)
                0x00000000000024b8                aux_ctrl_register_consumer
 .text.aux_ctrl_power_down
                0x00000000000024fc       0x80 contiki-srf06-cc26xx.a(aux-ctrl.o)
                0x00000000000024fc                aux_ctrl_power_down
 .text.aux_ctrl_unregister_consumer
                0x000000000000257c       0x2c contiki-srf06-cc26xx.a(aux-ctrl.o)
                0x000000000000257c                aux_ctrl_unregister_consumer
 .text.putchar  0x00000000000025a8       0x10 contiki-srf06-cc26xx.a(putchar.o)
                0x00000000000025a8                putchar
 .text.puts     0x00000000000025b8       0x2c contiki-srf06-cc26xx.a(putchar.o)
                0x00000000000025b8                puts
 .text.dbg_send_bytes
                0x00000000000025e4       0x40 contiki-srf06-cc26xx.a(putchar.o)
                0x00000000000025e4                dbg_send_bytes
 .text.ieee_addr_cpy_to
                0x0000000000002624       0x4c contiki-srf06-cc26xx.a(ieee-addr.o)
                0x0000000000002624                ieee_addr_cpy_to
 .text.configure
                0x0000000000002670       0x4c contiki-srf06-cc26xx.a(batmon-sensor.o)
 .text.status   0x00000000000026bc       0x14 contiki-srf06-cc26xx.a(batmon-sensor.o)
 .text.value    0x00000000000026d0       0x2c contiki-srf06-cc26xx.a(batmon-sensor.o)
 .text.power_and_clock
                0x00000000000026fc       0x4c contiki-srf06-cc26xx.a(cc26xx-uart.o)
 .text.enable   0x0000000000002748      0x108 contiki-srf06-cc26xx.a(cc26xx-uart.o)
 .text.accessible
                0x0000000000002850       0x2c contiki-srf06-cc26xx.a(cc26xx-uart.o)
 .text.lpm_drop_handler
                0x000000000000287c       0xe0 contiki-srf06-cc26xx.a(cc26xx-uart.o)
 .text.cc26xx_uart_init
                0x000000000000295c       0x2c contiki-srf06-cc26xx.a(cc26xx-uart.o)
                0x000000000000295c                cc26xx_uart_init
 .text.cc26xx_uart_write_byte
                0x0000000000002988       0x28 contiki-srf06-cc26xx.a(cc26xx-uart.o)
                0x0000000000002988                cc26xx_uart_write_byte
 .text.cc26xx_uart_busy
                0x00000000000029b0       0x18 contiki-srf06-cc26xx.a(cc26xx-uart.o)
                0x00000000000029b0                cc26xx_uart_busy
 .text.UART0IntHandler
                0x00000000000029c8       0x60 contiki-srf06-cc26xx.a(cc26xx-uart.o)
                0x00000000000029c8                UART0IntHandler
 .text.lpm_shutdown
                0x0000000000002a28      0x1bc contiki-srf06-cc26xx.a(lpm.o)
                0x0000000000002a28                lpm_shutdown
 .text.lpm_sleep
                0x0000000000002be4       0x14 contiki-srf06-cc26xx.a(lpm.o)
                0x0000000000002be4                lpm_sleep
 .text.lpm_drop
                0x0000000000002bf8      0x2a4 contiki-srf06-cc26xx.a(lpm.o)
                0x0000000000002bf8                lpm_drop
 .text.lpm_register_module
                0x0000000000002e9c       0x10 contiki-srf06-cc26xx.a(lpm.o)
                0x0000000000002e9c                lpm_register_module
 .text.lpm_unregister_module
                0x0000000000002eac       0x10 contiki-srf06-cc26xx.a(lpm.o)
                0x0000000000002eac                lpm_unregister_module
 .text.lpm_init
                0x0000000000002ebc       0x24 contiki-srf06-cc26xx.a(lpm.o)
                0x0000000000002ebc                lpm_init
 .text.lpm_pin_set_default_state
                0x0000000000002ee0       0x30 contiki-srf06-cc26xx.a(lpm.o)
                0x0000000000002ee0                lpm_pin_set_default_state
 .text.gpio_interrupt_register_handler
                0x0000000000002f10       0x30 contiki-srf06-cc26xx.a(gpio-interrupt.)
                0x0000000000002f10                gpio_interrupt_register_handler
 .text.gpio_interrupt_init
                0x0000000000002f40       0x28 contiki-srf06-cc26xx.a(gpio-interrupt.)
                0x0000000000002f40                gpio_interrupt_init
 .text.GPIOIntHandler
                0x0000000000002f68       0x34 contiki-srf06-cc26xx.a(gpio-interrupt.)
                0x0000000000002f68                GPIOIntHandler
 .text.oscillators_select_lf_xosc
                0x0000000000002f9c       0x54 contiki-srf06-cc26xx.a(oscillators.o)
                0x0000000000002f9c                oscillators_select_lf_xosc
 .text.oscillators_select_lf_rcosc
                0x0000000000002ff0       0x3c contiki-srf06-cc26xx.a(oscillators.o)
                0x0000000000002ff0                oscillators_select_lf_rcosc
 .text.oscillators_request_hf_xosc
                0x000000000000302c       0x30 contiki-srf06-cc26xx.a(oscillators.o)
                0x000000000000302c                oscillators_request_hf_xosc
 .text.oscillators_switch_to_hf_xosc
                0x000000000000305c       0x34 contiki-srf06-cc26xx.a(oscillators.o)
                0x000000000000305c                oscillators_switch_to_hf_xosc
 .text.oscillators_switch_to_hf_rc
                0x0000000000003090       0x38 contiki-srf06-cc26xx.a(oscillators.o)
                0x0000000000003090                oscillators_switch_to_hf_rc
 .text.request  0x00000000000030c8       0x20 contiki-srf06-cc26xx.a(ieee-mode.o)
 .text.rx_on    0x00000000000030e8       0x74 contiki-srf06-cc26xx.a(ieee-mode.o)
 .text.prepare  0x000000000000315c       0x1c contiki-srf06-cc26xx.a(ieee-mode.o)
 .text.check_rat_overflow
                0x0000000000003178       0x80 contiki-srf06-cc26xx.a(ieee-mode.o)
 .text.rf_radio_setup
                0x00000000000031f8       0x74 contiki-srf06-cc26xx.a(ieee-mode.o)
 .text.soft_on  0x000000000000326c       0x18 contiki-srf06-cc26xx.a(ieee-mode.o)
 .text.pending_packet
                0x0000000000003284       0x4c contiki-srf06-cc26xx.a(ieee-mode.o)
 .text.soft_off
                0x00000000000032d0       0x3c contiki-srf06-cc26xx.a(ieee-mode.o)
 .text.get_object
                0x000000000000330c       0x64 contiki-srf06-cc26xx.a(ieee-mode.o)
 .text.transmitting
                0x0000000000003370       0x44 contiki-srf06-cc26xx.a(ieee-mode.o)
 .text.rx_off   0x00000000000033b4       0x5c contiki-srf06-cc26xx.a(ieee-mode.o)
 .text.off      0x0000000000003410       0x74 contiki-srf06-cc26xx.a(ieee-mode.o)
 .text.get_cca_info
                0x0000000000003484       0x4c contiki-srf06-cc26xx.a(ieee-mode.o)
 .text.set_object
                0x00000000000034d0       0x60 contiki-srf06-cc26xx.a(ieee-mode.o)
 .text.receiving_packet
                0x0000000000003530       0x38 contiki-srf06-cc26xx.a(ieee-mode.o)
 .text.on       0x0000000000003568       0xb8 contiki-srf06-cc26xx.a(ieee-mode.o)
 .text.set_value
                0x0000000000003620      0x1ac contiki-srf06-cc26xx.a(ieee-mode.o)
 .text.get_value
                0x00000000000037cc      0x18c contiki-srf06-cc26xx.a(ieee-mode.o)
 .text.transmit
                0x0000000000003958       0xf0 contiki-srf06-cc26xx.a(ieee-mode.o)
 .text.send     0x0000000000003a48       0x24 contiki-srf06-cc26xx.a(ieee-mode.o)
 .text.channel_clear
                0x0000000000003a6c       0x60 contiki-srf06-cc26xx.a(ieee-mode.o)
 .text.read_frame
                0x0000000000003acc      0x184 contiki-srf06-cc26xx.a(ieee-mode.o)
 .text.handle_rat_overflow
                0x0000000000003c50       0x50 contiki-srf06-cc26xx.a(ieee-mode.o)
 .text.init     0x0000000000003ca0      0x134 contiki-srf06-cc26xx.a(ieee-mode.o)
 .text.random_rand
                0x0000000000003dd4        0xc contiki-srf06-cc26xx.a(random.o)
                0x0000000000003dd4                random_rand
 .text.random_init
                0x0000000000003de0        0x4 contiki-srf06-cc26xx.a(random.o)
                0x0000000000003de0                random_init
 .text.power_up
                0x0000000000003de4       0x4c contiki-srf06-cc26xx.a(soc-trng.o)
 .text.request  0x0000000000003e30       0x14 contiki-srf06-cc26xx.a(soc-trng.o)
 .text.process_thread_soc_trng_process
                0x0000000000003e44       0xb0 contiki-srf06-cc26xx.a(soc-trng.o)
 .text.accessible
                0x0000000000003ef4       0x2c contiki-srf06-cc26xx.a(soc-trng.o)
 .text.soc_trng_rand_synchronous
                0x0000000000003f20       0xd8 contiki-srf06-cc26xx.a(soc-trng.o)
                0x0000000000003f20                soc_trng_rand_synchronous
 .text.TRNGIntHandler
                0x0000000000003ff8       0x5c contiki-srf06-cc26xx.a(soc-trng.o)
                0x0000000000003ff8                TRNGIntHandler
 .text.soc_trng_init
                0x0000000000004054       0x2c contiki-srf06-cc26xx.a(soc-trng.o)
                0x0000000000004054                soc_trng_init
 .text.write_str
                0x0000000000004080       0x10 contiki-srf06-cc26xx.a(dbg-printf.o)
 .text.printf   0x0000000000004090       0x28 contiki-srf06-cc26xx.a(dbg-printf.o)
                0x0000000000004090                printf
 .text.buffer_str
                0x00000000000040b8       0x28 contiki-srf06-cc26xx.a(dbg-snprintf.o)
 .text.snprintf
                0x00000000000040e0       0x3c contiki-srf06-cc26xx.a(dbg-snprintf.o)
                0x00000000000040e0                snprintf
 .text.fill_space
                0x000000000000411c       0x38 contiki-srf06-cc26xx.a(strformat.o)
 .text.format_str_v
                0x0000000000004154      0x904 contiki-srf06-cc26xx.a(strformat.o)
                0x0000000000004154                format_str_v
 .text.autostart_start
                0x0000000000004a58       0x18 contiki-srf06-cc26xx.a(autostart.o)
                0x0000000000004a58                autostart_start
 .text.process_thread_ctimer_process
                0x0000000000004a70       0xa4 contiki-srf06-cc26xx.a(ctimer.o)
 .text.ctimer_init
                0x0000000000004b14       0x2c contiki-srf06-cc26xx.a(ctimer.o)
                0x0000000000004b14                ctimer_init
 .text.ctimer_set_with_process
                0x0000000000004b40       0x4c contiki-srf06-cc26xx.a(ctimer.o)
                0x0000000000004b40                ctimer_set_with_process
 .text.ctimer_set
                0x0000000000004b8c       0x18 contiki-srf06-cc26xx.a(ctimer.o)
                0x0000000000004b8c                ctimer_set
 .text.ctimer_reset
                0x0000000000004ba4       0x40 contiki-srf06-cc26xx.a(ctimer.o)
                0x0000000000004ba4                ctimer_reset
 .text.ctimer_restart
                0x0000000000004be4       0x40 contiki-srf06-cc26xx.a(ctimer.o)
                0x0000000000004be4                ctimer_restart
 .text.ctimer_stop
                0x0000000000004c24       0x30 contiki-srf06-cc26xx.a(ctimer.o)
                0x0000000000004c24                ctimer_stop
 .text.energest_init
                0x0000000000004c54        0x4 contiki-srf06-cc26xx.a(energest.o)
                0x0000000000004c54                energest_init
 .text.update_time
                0x0000000000004c58       0x50 contiki-srf06-cc26xx.a(etimer.o)
 .text.process_thread_etimer_process
                0x0000000000004ca8       0xd8 contiki-srf06-cc26xx.a(etimer.o)
 .text.add_timer
                0x0000000000004d80       0x60 contiki-srf06-cc26xx.a(etimer.o)
 .text.etimer_request_poll
                0x0000000000004de0        0xc contiki-srf06-cc26xx.a(etimer.o)
                0x0000000000004de0                etimer_request_poll
 .text.etimer_set
                0x0000000000004dec       0x14 contiki-srf06-cc26xx.a(etimer.o)
                0x0000000000004dec                etimer_set
 .text.etimer_reset
                0x0000000000004e00       0x14 contiki-srf06-cc26xx.a(etimer.o)
                0x0000000000004e00                etimer_reset
 .text.etimer_restart
                0x0000000000004e14       0x14 contiki-srf06-cc26xx.a(etimer.o)
                0x0000000000004e14                etimer_restart
 .text.etimer_expired
                0x0000000000004e28        0xc contiki-srf06-cc26xx.a(etimer.o)
                0x0000000000004e28                etimer_expired
 .text.etimer_expiration_time
                0x0000000000004e34        0x8 contiki-srf06-cc26xx.a(etimer.o)
                0x0000000000004e34                etimer_expiration_time
 .text.etimer_pending
                0x0000000000004e3c       0x14 contiki-srf06-cc26xx.a(etimer.o)
                0x0000000000004e3c                etimer_pending
 .text.etimer_next_expiration_time
                0x0000000000004e50       0x18 contiki-srf06-cc26xx.a(etimer.o)
                0x0000000000004e50                etimer_next_expiration_time
 .text.etimer_stop
                0x0000000000004e68       0x4c contiki-srf06-cc26xx.a(etimer.o)
                0x0000000000004e68                etimer_stop
 .text.exit_process
                0x0000000000004eb4       0xac contiki-srf06-cc26xx.a(process.o)
 .text.call_process.part.0
                0x0000000000004f60       0x3c contiki-srf06-cc26xx.a(process.o)
 .text.do_poll  0x0000000000004f9c       0x40 contiki-srf06-cc26xx.a(process.o)
 .text.process_alloc_event
                0x0000000000004fdc       0x10 contiki-srf06-cc26xx.a(process.o)
                0x0000000000004fdc                process_alloc_event
 .text.process_init
                0x0000000000004fec       0x3c contiki-srf06-cc26xx.a(process.o)
                0x0000000000004fec                process_init
 .text.process_run
                0x0000000000005028       0xbc contiki-srf06-cc26xx.a(process.o)
                0x0000000000005028                process_run
 .text.process_nevents
                0x00000000000050e4       0x18 contiki-srf06-cc26xx.a(process.o)
                0x00000000000050e4                process_nevents
 .text.process_post
                0x00000000000050fc       0x48 contiki-srf06-cc26xx.a(process.o)
                0x00000000000050fc                process_post
 .text.process_post_synch
                0x0000000000005144       0x1c contiki-srf06-cc26xx.a(process.o)
                0x0000000000005144                process_post_synch
 .text.process_start
                0x0000000000005160       0x44 contiki-srf06-cc26xx.a(process.o)
                0x0000000000005160                process_start
 .text.process_poll
                0x00000000000051a4       0x20 contiki-srf06-cc26xx.a(process.o)
                0x00000000000051a4                process_poll
 .text.process_is_running
                0x00000000000051c4        0xc contiki-srf06-cc26xx.a(process.o)
                0x00000000000051c4                process_is_running
 .text.rtimer_init
                0x00000000000051d0        0x4 contiki-srf06-cc26xx.a(rtimer.o)
                0x00000000000051d0                rtimer_init
 .text.rtimer_set
                0x00000000000051d4       0x2c contiki-srf06-cc26xx.a(rtimer.o)
                0x00000000000051d4                rtimer_set
 .text.rtimer_run_next
                0x0000000000005200       0x2c contiki-srf06-cc26xx.a(rtimer.o)
                0x0000000000005200                rtimer_run_next
 .text.stimer_set
                0x000000000000522c       0x10 contiki-srf06-cc26xx.a(stimer.o)
                0x000000000000522c                stimer_set
 .text.stimer_expired
                0x000000000000523c       0x24 contiki-srf06-cc26xx.a(stimer.o)
                0x000000000000523c                stimer_expired
 .text.timer_set
                0x0000000000005260       0x10 contiki-srf06-cc26xx.a(timer.o)
                0x0000000000005260                timer_set
 .text.timer_reset
                0x0000000000005270        0xc contiki-srf06-cc26xx.a(timer.o)
                0x0000000000005270                timer_reset
 .text.timer_restart
                0x000000000000527c        0xc contiki-srf06-cc26xx.a(timer.o)
                0x000000000000527c                timer_restart
 .text.timer_expired
                0x0000000000005288       0x1c contiki-srf06-cc26xx.a(timer.o)
                0x0000000000005288                timer_expired
 .text.process_thread_serial_line_process
                0x00000000000052a4       0xd8 contiki-srf06-cc26xx.a(serial-line.o)
 .text.serial_line_init
                0x000000000000537c       0x2c contiki-srf06-cc26xx.a(serial-line.o)
                0x000000000000537c                serial_line_init
 .text.list_init
                0x00000000000053a8        0x8 contiki-srf06-cc26xx.a(list.o)
                0x00000000000053a8                list_init
 .text.list_head
                0x00000000000053b0        0x4 contiki-srf06-cc26xx.a(list.o)
                0x00000000000053b0                list_head
 .text.list_add
                0x00000000000053b4       0x60 contiki-srf06-cc26xx.a(list.o)
                0x00000000000053b4                list_add
 .text.list_push
                0x0000000000005414       0x48 contiki-srf06-cc26xx.a(list.o)
                0x0000000000005414                list_push
 .text.list_remove
                0x000000000000545c       0x40 contiki-srf06-cc26xx.a(list.o)
                0x000000000000545c                list_remove
 .text.list_length
                0x000000000000549c       0x14 contiki-srf06-cc26xx.a(list.o)
                0x000000000000549c                list_length
 .text.list_item_next
                0x00000000000054b0        0x8 contiki-srf06-cc26xx.a(list.o)
                0x00000000000054b0                list_item_next
 .text.memb_init
                0x00000000000054b8       0x24 contiki-srf06-cc26xx.a(memb.o)
                0x00000000000054b8                memb_init
 .text.memb_alloc
                0x00000000000054dc       0x3c contiki-srf06-cc26xx.a(memb.o)
                0x00000000000054dc                memb_alloc
 .text.memb_free
                0x0000000000005518       0x44 contiki-srf06-cc26xx.a(memb.o)
                0x0000000000005518                memb_free
 .text.memb_inmemb
                0x000000000000555c       0x1c contiki-srf06-cc26xx.a(memb.o)
                0x000000000000555c                memb_inmemb
 .text.memb_numfree
                0x0000000000005578       0x24 contiki-srf06-cc26xx.a(memb.o)
                0x0000000000005578                memb_numfree
 .text.ringbuf_init
                0x000000000000559c       0x10 contiki-srf06-cc26xx.a(ringbuf.o)
                0x000000000000559c                ringbuf_init
 .text.ringbuf_get
                0x00000000000055ac       0x28 contiki-srf06-cc26xx.a(ringbuf.o)
                0x00000000000055ac                ringbuf_get
 .text.sicslowpan_init
                0x00000000000055d4       0x28 contiki-srf06-cc26xx.a(sicslowpan.o)
                0x00000000000055d4                sicslowpan_init
 .text.compress_addr_64
                0x00000000000055fc       0xa4 contiki-srf06-cc26xx.a(sicslowpan.o)
 .text.set_packet_attrs
                0x00000000000056a0       0x4c contiki-srf06-cc26xx.a(sicslowpan.o)
 .text.addr_context_lookup_by_prefix
                0x00000000000056ec       0x28 contiki-srf06-cc26xx.a(sicslowpan.o)
 .text.send_packet
                0x0000000000005714       0x28 contiki-srf06-cc26xx.a(sicslowpan.o)
 .text.packet_sent
                0x000000000000573c       0x2c contiki-srf06-cc26xx.a(sicslowpan.o)
 .text.store_fragment
                0x0000000000005768       0x78 contiki-srf06-cc26xx.a(sicslowpan.o)
 .text.add_fragment
                0x00000000000057e0      0x1cc contiki-srf06-cc26xx.a(sicslowpan.o)
 .text.uncompress_addr
                0x00000000000059ac       0x8c contiki-srf06-cc26xx.a(sicslowpan.o)
 .text.input    0x0000000000005a38      0x704 contiki-srf06-cc26xx.a(sicslowpan.o)
 .text.output   0x000000000000613c      0x7dc contiki-srf06-cc26xx.a(sicslowpan.o)
 .text.chksum   0x0000000000006918       0x50 contiki-srf06-cc26xx.a(uip6.o)
 .text.upper_layer_chksum
                0x0000000000006968       0x5c contiki-srf06-cc26xx.a(uip6.o)
 .text.ext_hdr_options_process
                0x00000000000069c4       0xd4 contiki-srf06-cc26xx.a(uip6.o)
 .text.uip_icmp6chksum
                0x0000000000006a98        0x8 contiki-srf06-cc26xx.a(uip6.o)
                0x0000000000006a98                uip_icmp6chksum
 .text.uip_init
                0x0000000000006aa0       0x34 contiki-srf06-cc26xx.a(uip6.o)
                0x0000000000006aa0                uip_init
 .text.remove_ext_hdr
                0x0000000000006ad4       0x64 contiki-srf06-cc26xx.a(uip6.o)
                0x0000000000006ad4                remove_ext_hdr
 .text.uip_udp_new
                0x0000000000006b38       0xac contiki-srf06-cc26xx.a(uip6.o)
                0x0000000000006b38                uip_udp_new
 .text.uip_process
                0x0000000000006be4      0x65c contiki-srf06-cc26xx.a(uip6.o)
                0x0000000000006be4                uip_process
 .text.uip_htonl
                0x0000000000007240       0x14 contiki-srf06-cc26xx.a(uip6.o)
                0x0000000000007240                uip_htonl
 .text.uip_ds6_list_loop
                0x0000000000007254       0x68 contiki-srf06-cc26xx.a(uip-ds6.o)
                0x0000000000007254                uip_ds6_list_loop
 .text.uip_ds6_prefix_add
                0x00000000000072bc       0x70 contiki-srf06-cc26xx.a(uip-ds6.o)
                0x00000000000072bc                uip_ds6_prefix_add
 .text.uip_ds6_is_addr_onlink
                0x000000000000732c       0x4c contiki-srf06-cc26xx.a(uip-ds6.o)
                0x000000000000732c                uip_ds6_is_addr_onlink
 .text.uip_ds6_addr_lookup
                0x0000000000007378       0x30 contiki-srf06-cc26xx.a(uip-ds6.o)
                0x0000000000007378                uip_ds6_addr_lookup
 .text.uip_ds6_get_link_local
                0x00000000000073a8       0x50 contiki-srf06-cc26xx.a(uip-ds6.o)
                0x00000000000073a8                uip_ds6_get_link_local
 .text.uip_ds6_maddr_add
                0x00000000000073f8       0x50 contiki-srf06-cc26xx.a(uip-ds6.o)
                0x00000000000073f8                uip_ds6_maddr_add
 .text.uip_ds6_addr_add
                0x0000000000007448       0xac contiki-srf06-cc26xx.a(uip-ds6.o)
                0x0000000000007448                uip_ds6_addr_add
 .text.uip_ds6_maddr_lookup
                0x00000000000074f4       0x30 contiki-srf06-cc26xx.a(uip-ds6.o)
                0x00000000000074f4                uip_ds6_maddr_lookup
 .text.uip_ds6_addr_rm
                0x0000000000007524       0x4c contiki-srf06-cc26xx.a(uip-ds6.o)
                0x0000000000007524                uip_ds6_addr_rm
 .text.uip_ds6_periodic
                0x0000000000007570       0x60 contiki-srf06-cc26xx.a(uip-ds6.o)
                0x0000000000007570                uip_ds6_periodic
 .text.uip_ds6_select_src
                0x00000000000075d0      0x104 contiki-srf06-cc26xx.a(uip-ds6.o)
                0x00000000000075d0                uip_ds6_select_src
 .text.uip_ds6_set_addr_iid
                0x00000000000076d4       0x14 contiki-srf06-cc26xx.a(uip-ds6.o)
                0x00000000000076d4                uip_ds6_set_addr_iid
 .text.uip_ds6_compute_reachable_time
                0x00000000000076e8       0x2c contiki-srf06-cc26xx.a(uip-ds6.o)
                0x00000000000076e8                uip_ds6_compute_reachable_time
 .text.uip_ds6_init
                0x0000000000007714      0x100 contiki-srf06-cc26xx.a(uip-ds6.o)
                0x0000000000007714                uip_ds6_init
 .text.uip_ds6_nbr_rm
                0x0000000000007814       0x20 contiki-srf06-cc26xx.a(uip-ds6-nbr.o)
                0x0000000000007814                uip_ds6_nbr_rm
 .text.uip_ds6_neighbors_init
                0x0000000000007834       0x20 contiki-srf06-cc26xx.a(uip-ds6-nbr.o)
                0x0000000000007834                uip_ds6_neighbors_init
 .text.uip_ds6_nbr_add
                0x0000000000007854       0x38 contiki-srf06-cc26xx.a(uip-ds6-nbr.o)
                0x0000000000007854                uip_ds6_nbr_add
 .text.uip_ds6_nbr_get_ll
                0x000000000000788c       0x10 contiki-srf06-cc26xx.a(uip-ds6-nbr.o)
                0x000000000000788c                uip_ds6_nbr_get_ll
 .text.uip_ds6_nbr_lookup
                0x000000000000789c       0x3c contiki-srf06-cc26xx.a(uip-ds6-nbr.o)
                0x000000000000789c                uip_ds6_nbr_lookup
 .text.uip_ds6_nbr_ipaddr_from_lladdr
                0x00000000000078d8       0x10 contiki-srf06-cc26xx.a(uip-ds6-nbr.o)
                0x00000000000078d8                uip_ds6_nbr_ipaddr_from_lladdr
 .text.uip_ds6_nbr_lladdr_from_ipaddr
                0x00000000000078e8       0x20 contiki-srf06-cc26xx.a(uip-ds6-nbr.o)
                0x00000000000078e8                uip_ds6_nbr_lladdr_from_ipaddr
 .text.uip_ds6_link_neighbor_callback
                0x0000000000007908       0x38 contiki-srf06-cc26xx.a(uip-ds6-nbr.o)
                0x0000000000007908                uip_ds6_link_neighbor_callback
 .text.call_route_callback
                0x0000000000007940       0x54 contiki-srf06-cc26xx.a(uip-ds6-route.o)
 .text.uip_ds6_route_init
                0x0000000000007994       0x58 contiki-srf06-cc26xx.a(uip-ds6-route.o)
                0x0000000000007994                uip_ds6_route_init
 .text.uip_ds6_route_nexthop
                0x00000000000079ec       0x20 contiki-srf06-cc26xx.a(uip-ds6-route.o)
                0x00000000000079ec                uip_ds6_route_nexthop
 .text.uip_ds6_route_head
                0x0000000000007a0c        0xc contiki-srf06-cc26xx.a(uip-ds6-route.o)
                0x0000000000007a0c                uip_ds6_route_head
 .text.uip_ds6_route_next
                0x0000000000007a18        0x8 contiki-srf06-cc26xx.a(uip-ds6-route.o)
                0x0000000000007a18                uip_ds6_route_next
 .text.uip_ds6_route_is_nexthop
                0x0000000000007a20       0x20 contiki-srf06-cc26xx.a(uip-ds6-route.o)
                0x0000000000007a20                uip_ds6_route_is_nexthop
 .text.uip_ds6_route_lookup
                0x0000000000007a40       0x88 contiki-srf06-cc26xx.a(uip-ds6-route.o)
                0x0000000000007a40                uip_ds6_route_lookup
 .text.uip_ds6_route_rm
                0x0000000000007ac8       0xb4 contiki-srf06-cc26xx.a(uip-ds6-route.o)
                0x0000000000007ac8                uip_ds6_route_rm
 .text.rm_routelist
                0x0000000000007b7c       0x34 contiki-srf06-cc26xx.a(uip-ds6-route.o)
 .text.rm_routelist_callback
                0x0000000000007bb0        0x4 contiki-srf06-cc26xx.a(uip-ds6-route.o)
 .text.uip_ds6_route_add
                0x0000000000007bb4      0x13c contiki-srf06-cc26xx.a(uip-ds6-route.o)
                0x0000000000007bb4                uip_ds6_route_add
 .text.uip_ds6_defrt_rm
                0x0000000000007cf0       0x50 contiki-srf06-cc26xx.a(uip-ds6-route.o)
                0x0000000000007cf0                uip_ds6_defrt_rm
 .text.uip_ds6_defrt_lookup
                0x0000000000007d40       0x38 contiki-srf06-cc26xx.a(uip-ds6-route.o)
                0x0000000000007d40                uip_ds6_defrt_lookup
 .text.uip_ds6_defrt_add
                0x0000000000007d78       0x60 contiki-srf06-cc26xx.a(uip-ds6-route.o)
                0x0000000000007d78                uip_ds6_defrt_add
 .text.uip_ds6_defrt_choose
                0x0000000000007dd8       0x38 contiki-srf06-cc26xx.a(uip-ds6-route.o)
                0x0000000000007dd8                uip_ds6_defrt_choose
 .text.uip_ds6_defrt_periodic
                0x0000000000007e10       0x44 contiki-srf06-cc26xx.a(uip-ds6-route.o)
                0x0000000000007e10                uip_ds6_defrt_periodic
 .text.echo_reply_input
                0x0000000000007e54       0xb0 contiki-srf06-cc26xx.a(uip-icmp6.o)
 .text.echo_request_input
                0x0000000000007f04       0xc0 contiki-srf06-cc26xx.a(uip-icmp6.o)
 .text.uip_icmp6_input
                0x0000000000007fc4       0x44 contiki-srf06-cc26xx.a(uip-icmp6.o)
                0x0000000000007fc4                uip_icmp6_input
 .text.uip_icmp6_register_input_handler
                0x0000000000008008       0x10 contiki-srf06-cc26xx.a(uip-icmp6.o)
                0x0000000000008008                uip_icmp6_register_input_handler
 .text.uip_icmp6_error_output
                0x0000000000008018      0x198 contiki-srf06-cc26xx.a(uip-icmp6.o)
                0x0000000000008018                uip_icmp6_error_output
 .text.uip_icmp6_send
                0x00000000000081b0       0x94 contiki-srf06-cc26xx.a(uip-icmp6.o)
                0x00000000000081b0                uip_icmp6_send
 .text.uip_icmp6_init
                0x0000000000008244       0x2c contiki-srf06-cc26xx.a(uip-icmp6.o)
                0x0000000000008244                uip_icmp6_init
 .text.uip_nd6_init
                0x0000000000008270        0x4 contiki-srf06-cc26xx.a(uip-nd6.o)
                0x0000000000008270                uip_nd6_init
 .text.tcpip_set_outputfunc
                0x0000000000008274        0xc contiki-srf06-cc26xx.a(tcpip.o)
                0x0000000000008274                tcpip_set_outputfunc
 .text.udp_new  0x0000000000008280       0x1c contiki-srf06-cc26xx.a(tcpip.o)
                0x0000000000008280                udp_new
 .text.tcpip_icmp6_call
                0x000000000000829c       0x30 contiki-srf06-cc26xx.a(tcpip.o)
                0x000000000000829c                tcpip_icmp6_call
 .text.tcpip_input
                0x00000000000082cc       0x2c contiki-srf06-cc26xx.a(tcpip.o)
                0x00000000000082cc                tcpip_input
 .text.tcpip_ipv6_output
                0x00000000000082f8       0xdc contiki-srf06-cc26xx.a(tcpip.o)
                0x00000000000082f8                tcpip_ipv6_output
 .text.process_thread_tcpip_process
                0x00000000000083d4       0xfc contiki-srf06-cc26xx.a(tcpip.o)
 .text.tcpip_uipcall
                0x00000000000084d0       0x34 contiki-srf06-cc26xx.a(tcpip.o)
                0x00000000000084d0                tcpip_uipcall
 .text.uip_debug_ipaddr_print
                0x0000000000008504       0xbc contiki-srf06-cc26xx.a(uip-debug.o)
                0x0000000000008504                uip_debug_ipaddr_print
 .text.rpl_get_mode
                0x00000000000085c0        0xc contiki-srf06-cc26xx.a(rpl.o)
                0x00000000000085c0                rpl_get_mode
 .text.rpl_purge_routes
                0x00000000000085cc       0x7c contiki-srf06-cc26xx.a(rpl.o)
                0x00000000000085cc                rpl_purge_routes
 .text.rpl_remove_routes
                0x0000000000008648       0x2c contiki-srf06-cc26xx.a(rpl.o)
                0x0000000000008648                rpl_remove_routes
 .text.rpl_remove_routes_by_nexthop
                0x0000000000008674       0x38 contiki-srf06-cc26xx.a(rpl.o)
                0x0000000000008674                rpl_remove_routes_by_nexthop
 .text.rpl_add_route
                0x00000000000086ac       0x30 contiki-srf06-cc26xx.a(rpl.o)
                0x00000000000086ac                rpl_add_route
 .text.rpl_link_neighbor_callback
                0x00000000000086dc       0x60 contiki-srf06-cc26xx.a(rpl.o)
                0x00000000000086dc                rpl_link_neighbor_callback
 .text.rpl_ipv6_neighbor_callback
                0x000000000000873c       0x30 contiki-srf06-cc26xx.a(rpl.o)
                0x000000000000873c                rpl_ipv6_neighbor_callback
 .text.rpl_purge_dags
                0x000000000000876c       0x44 contiki-srf06-cc26xx.a(rpl.o)
                0x000000000000876c                rpl_purge_dags
 .text.rpl_init
                0x00000000000087b0       0x50 contiki-srf06-cc26xx.a(rpl.o)
                0x00000000000087b0                rpl_init
 .text.rpl_set_preferred_parent
                0x0000000000008800       0x28 contiki-srf06-cc26xx.a(rpl-dag.o)
 .text.set_ip_from_prefix
                0x0000000000008828       0x30 contiki-srf06-cc26xx.a(rpl-dag.o)
 .text.check_prefix
                0x0000000000008858       0x70 contiki-srf06-cc26xx.a(rpl-dag.o)
 .text.find_parent_any_dag_any_instance
                0x00000000000088c8       0x20 contiki-srf06-cc26xx.a(rpl-dag.o)
 .text.lollipop_greater_than
                0x00000000000088e8       0x3c contiki-srf06-cc26xx.a(rpl-dag.o)
 .text.rpl_dag_init
                0x0000000000008924       0x18 contiki-srf06-cc26xx.a(rpl-dag.o)
                0x0000000000008924                rpl_dag_init
 .text.rpl_get_parent
                0x000000000000893c       0x10 contiki-srf06-cc26xx.a(rpl-dag.o)
                0x000000000000893c                rpl_get_parent
 .text.rpl_rank_via_parent
                0x000000000000894c       0x20 contiki-srf06-cc26xx.a(rpl-dag.o)
                0x000000000000894c                rpl_rank_via_parent
 .text.rpl_get_parent_ipaddr
                0x000000000000896c       0x1c contiki-srf06-cc26xx.a(rpl-dag.o)
                0x000000000000896c                rpl_get_parent_ipaddr
 .text.rpl_get_parent_link_stats
                0x0000000000008988       0x1c contiki-srf06-cc26xx.a(rpl-dag.o)
                0x0000000000008988                rpl_get_parent_link_stats
 .text.best_parent
                0x00000000000089a4       0x7c contiki-srf06-cc26xx.a(rpl-dag.o)
 .text.rpl_parent_is_fresh
                0x0000000000008a20       0x10 contiki-srf06-cc26xx.a(rpl-dag.o)
                0x0000000000008a20                rpl_parent_is_fresh
 .text.rpl_parent_is_reachable
                0x0000000000008a30       0x40 contiki-srf06-cc26xx.a(rpl-dag.o)
                0x0000000000008a30                rpl_parent_is_reachable
 .text.rpl_repair_root
                0x0000000000008a70       0x68 contiki-srf06-cc26xx.a(rpl-dag.o)
                0x0000000000008a70                rpl_repair_root
 .text.rpl_set_prefix
                0x0000000000008ad8       0x94 contiki-srf06-cc26xx.a(rpl-dag.o)
                0x0000000000008ad8                rpl_set_prefix
 .text.rpl_set_default_route
                0x0000000000008b6c       0x30 contiki-srf06-cc26xx.a(rpl-dag.o)
                0x0000000000008b6c                rpl_set_default_route
 .text.rpl_alloc_instance
                0x0000000000008b9c       0x34 contiki-srf06-cc26xx.a(rpl-dag.o)
                0x0000000000008b9c                rpl_alloc_instance
 .text.rpl_alloc_dag
                0x0000000000008bd0       0x60 contiki-srf06-cc26xx.a(rpl-dag.o)
                0x0000000000008bd0                rpl_alloc_dag
 .text.rpl_get_default_instance
                0x0000000000008c30        0xc contiki-srf06-cc26xx.a(rpl-dag.o)
                0x0000000000008c30                rpl_get_default_instance
 .text.rpl_add_parent
                0x0000000000008c3c       0x30 contiki-srf06-cc26xx.a(rpl-dag.o)
                0x0000000000008c3c                rpl_add_parent
 .text.rpl_find_parent
                0x0000000000008c6c       0x18 contiki-srf06-cc26xx.a(rpl-dag.o)
                0x0000000000008c6c                rpl_find_parent
 .text.rpl_find_parent_any_dag
                0x0000000000008c84       0x1c contiki-srf06-cc26xx.a(rpl-dag.o)
                0x0000000000008c84                rpl_find_parent_any_dag
 .text.rpl_select_parent
                0x0000000000008ca0       0x58 contiki-srf06-cc26xx.a(rpl-dag.o)
                0x0000000000008ca0                rpl_select_parent
 .text.rpl_select_dag
                0x0000000000008cf8      0x184 contiki-srf06-cc26xx.a(rpl-dag.o)
                0x0000000000008cf8                rpl_select_dag
 .text.rpl_nullify_parent
                0x0000000000008e7c       0x58 contiki-srf06-cc26xx.a(rpl-dag.o)
                0x0000000000008e7c                rpl_nullify_parent
 .text.rpl_remove_parent
                0x0000000000008ed4       0x1c contiki-srf06-cc26xx.a(rpl-dag.o)
                0x0000000000008ed4                rpl_remove_parent
 .text.nbr_callback
                0x0000000000008ef0        0x4 contiki-srf06-cc26xx.a(rpl-dag.o)
 .text.remove_parents.constprop.5
                0x0000000000008ef4       0x44 contiki-srf06-cc26xx.a(rpl-dag.o)
 .text.rpl_free_dag
                0x0000000000008f38       0x3c contiki-srf06-cc26xx.a(rpl-dag.o)
                0x0000000000008f38                rpl_free_dag
 .text.rpl_move_parent
                0x0000000000008f74       0x58 contiki-srf06-cc26xx.a(rpl-dag.o)
                0x0000000000008f74                rpl_move_parent
 .text.rpl_get_any_dag
                0x0000000000008fcc       0x1c contiki-srf06-cc26xx.a(rpl-dag.o)
                0x0000000000008fcc                rpl_get_any_dag
 .text.rpl_get_instance
                0x0000000000008fe8       0x20 contiki-srf06-cc26xx.a(rpl-dag.o)
                0x0000000000008fe8                rpl_get_instance
 .text.rpl_join_instance
                0x0000000000009008      0x15c contiki-srf06-cc26xx.a(rpl-dag.o)
                0x0000000000009008                rpl_join_instance
 .text.rpl_local_repair
                0x0000000000009164       0x8c contiki-srf06-cc26xx.a(rpl-dag.o)
                0x0000000000009164                rpl_local_repair
 .text.rpl_process_parent_event
                0x00000000000091f0       0xa0 contiki-srf06-cc26xx.a(rpl-dag.o)
                0x00000000000091f0                rpl_process_parent_event
 .text.rpl_add_dag
                0x0000000000009290      0x150 contiki-srf06-cc26xx.a(rpl-dag.o)
                0x0000000000009290                rpl_add_dag
 .text.rpl_recalculate_ranks
                0x00000000000093e0       0x48 contiki-srf06-cc26xx.a(rpl-dag.o)
                0x00000000000093e0                rpl_recalculate_ranks
 .text.rpl_process_dio
                0x0000000000009428      0x36c contiki-srf06-cc26xx.a(rpl-dag.o)
                0x0000000000009428                rpl_process_dio
 .text.update_hbh_header
                0x0000000000009794       0xd0 contiki-srf06-cc26xx.a(rpl-ext-header.)
 .text.insert_hbh_header.isra.0
                0x0000000000009864       0xbc contiki-srf06-cc26xx.a(rpl-ext-header.)
 .text.rpl_verify_hbh_header
                0x0000000000009920      0x100 contiki-srf06-cc26xx.a(rpl-ext-header.)
                0x0000000000009920                rpl_verify_hbh_header
 .text.rpl_remove_header
                0x0000000000009a20       0x8c contiki-srf06-cc26xx.a(rpl-ext-header.)
                0x0000000000009a20                rpl_remove_header
 .text.rpl_update_header
                0x0000000000009aac       0x70 contiki-srf06-cc26xx.a(rpl-ext-header.)
                0x0000000000009aac                rpl_update_header
 .text.get32    0x0000000000009b1c       0x18 contiki-srf06-cc26xx.a(rpl-icmp6.o)
 .text.dao_ack_input
                0x0000000000009b34       0x18 contiki-srf06-cc26xx.a(rpl-icmp6.o)
 .text.dao_output_target_seq
                0x0000000000009b4c      0x120 contiki-srf06-cc26xx.a(rpl-icmp6.o)
 .text.dio_input
                0x0000000000009c6c      0x29c contiki-srf06-cc26xx.a(rpl-icmp6.o)
 .text.rpl_icmp6_update_nbr_table
                0x0000000000009f08       0x38 contiki-srf06-cc26xx.a(rpl-icmp6.o)
                0x0000000000009f08                rpl_icmp6_update_nbr_table
 .text.dao_input
                0x0000000000009f40      0x2f8 contiki-srf06-cc26xx.a(rpl-icmp6.o)
 .text.dis_output
                0x000000000000a238       0x5c contiki-srf06-cc26xx.a(rpl-icmp6.o)
                0x000000000000a238                dis_output
 .text.dio_output
                0x000000000000a294      0x180 contiki-srf06-cc26xx.a(rpl-icmp6.o)
                0x000000000000a294                dio_output
 .text.dis_input
                0x000000000000a414       0x54 contiki-srf06-cc26xx.a(rpl-icmp6.o)
 .text.dao_output
                0x000000000000a468       0xa0 contiki-srf06-cc26xx.a(rpl-icmp6.o)
                0x000000000000a468                dao_output
 .text.dao_output_target
                0x000000000000a508       0x10 contiki-srf06-cc26xx.a(rpl-icmp6.o)
                0x000000000000a508                dao_output_target
 .text.rpl_icmp6_register_handlers
                0x000000000000a518       0x38 contiki-srf06-cc26xx.a(rpl-icmp6.o)
                0x000000000000a518                rpl_icmp6_register_handlers
 .text.reset    0x000000000000a550        0x4 contiki-srf06-cc26xx.a(rpl-mrhof.o)
 .text.update_metric_container
                0x000000000000a554        0x8 contiki-srf06-cc26xx.a(rpl-mrhof.o)
 .text.parent_link_metric
                0x000000000000a55c       0x14 contiki-srf06-cc26xx.a(rpl-mrhof.o)
 .text.parent_has_usable_link
                0x000000000000a570       0x18 contiki-srf06-cc26xx.a(rpl-mrhof.o)
 .text.best_dag
                0x000000000000a588       0x2c contiki-srf06-cc26xx.a(rpl-mrhof.o)
 .text.parent_path_cost
                0x000000000000a5b4       0x44 contiki-srf06-cc26xx.a(rpl-mrhof.o)
 .text.parent_is_acceptable
                0x000000000000a5f8       0x30 contiki-srf06-cc26xx.a(rpl-mrhof.o)
 .text.rank_via_parent
                0x000000000000a628       0x34 contiki-srf06-cc26xx.a(rpl-mrhof.o)
 .text.best_parent
                0x000000000000a65c       0x68 contiki-srf06-cc26xx.a(rpl-mrhof.o)
 .text.handle_periodic_timer
                0x000000000000a6c4       0x60 contiki-srf06-cc26xx.a(rpl-timers.o)
 .text.set_dao_lifetime_timer
                0x000000000000a724       0x50 contiki-srf06-cc26xx.a(rpl-timers.o)
 .text.handle_unicast_dio_timer
                0x000000000000a774       0x1c contiki-srf06-cc26xx.a(rpl-timers.o)
 .text.schedule_dao
                0x000000000000a790       0x54 contiki-srf06-cc26xx.a(rpl-timers.o)
 .text.handle_dao_timer
                0x000000000000a7e4       0x50 contiki-srf06-cc26xx.a(rpl-timers.o)
 .text.rpl_reset_periodic_timer
                0x000000000000a834       0x44 contiki-srf06-cc26xx.a(rpl-timers.o)
                0x000000000000a834                rpl_reset_periodic_timer
 .text.rpl_reset_dio_timer
                0x000000000000a878        0x4 contiki-srf06-cc26xx.a(rpl-timers.o)
                0x000000000000a878                rpl_reset_dio_timer
 .text.rpl_schedule_dao
                0x000000000000a87c        0x8 contiki-srf06-cc26xx.a(rpl-timers.o)
                0x000000000000a87c                rpl_schedule_dao
 .text.rpl_schedule_unicast_dio_immediately
                0x000000000000a884       0x14 contiki-srf06-cc26xx.a(rpl-timers.o)
                0x000000000000a884                rpl_schedule_unicast_dio_immediately
 .text.get_probing_delay
                0x000000000000a898       0x50 contiki-srf06-cc26xx.a(rpl-timers.o)
                0x000000000000a898                get_probing_delay
 .text.get_probing_target
                0x000000000000a8e8       0xf4 contiki-srf06-cc26xx.a(rpl-timers.o)
                0x000000000000a8e8                get_probing_target
 .text.rpl_schedule_probing
                0x000000000000a9dc       0x24 contiki-srf06-cc26xx.a(rpl-timers.o)
                0x000000000000a9dc                rpl_schedule_probing
 .text.handle_probing_timer
                0x000000000000aa00       0x34 contiki-srf06-cc26xx.a(rpl-timers.o)
 .text.SafeHapiVoid
                0x000000000000aa34       0x34 contiki-srf06-cc26xx.a(adi.o)
                0x000000000000aa34                SafeHapiVoid
 .text.SafeHapiAuxAdiSelect
                0x000000000000aa68       0x38 contiki-srf06-cc26xx.a(adi.o)
                0x000000000000aa68                SafeHapiAuxAdiSelect
 .text.NOROM_AONBatMonTemperatureGetDegC
                0x000000000000aaa0       0x38 contiki-srf06-cc26xx.a(aon_batmon.o)
                0x000000000000aaa0                NOROM_AONBatMonTemperatureGetDegC
 .text.NOROM_AONRTCCurrentCompareValueGet
                0x000000000000aad8       0x28 contiki-srf06-cc26xx.a(aon_rtc.o)
                0x000000000000aad8                NOROM_AONRTCCurrentCompareValueGet
 .text.NOROM_AUXADCDisable
                0x000000000000ab00       0xa8 contiki-srf06-cc26xx.a(aux_adc.o)
                0x000000000000ab00                NOROM_AUXADCDisable
 .text.NOROM_AUXADCEnableSync
                0x000000000000aba8       0xf4 contiki-srf06-cc26xx.a(aux_adc.o)
                0x000000000000aba8                NOROM_AUXADCEnableSync
 .text.NOROM_AUXADCReadFifo
                0x000000000000ac9c       0x1c contiki-srf06-cc26xx.a(aux_adc.o)
                0x000000000000ac9c                NOROM_AUXADCReadFifo
 .text.NOROM_ChipInfo_GetSupportedProtocol_BV
                0x000000000000acb8       0x10 contiki-srf06-cc26xx.a(chipinfo.o)
                0x000000000000acb8                NOROM_ChipInfo_GetSupportedProtocol_BV
 .text.NOROM_ChipInfo_GetChipFamily
                0x000000000000acc8       0x50 contiki-srf06-cc26xx.a(chipinfo.o)
                0x000000000000acc8                NOROM_ChipInfo_GetChipFamily
 .text.NOROM_ChipInfo_GetChipType
                0x000000000000ad18       0x5c contiki-srf06-cc26xx.a(chipinfo.o)
                0x000000000000ad18                NOROM_ChipInfo_GetChipType
 .text.NOROM_ChipInfo_GetHwRevision
                0x000000000000ad74       0x94 contiki-srf06-cc26xx.a(chipinfo.o)
                0x000000000000ad74                NOROM_ChipInfo_GetHwRevision
 .text.NOROM_ThisCodeIsBuiltForCC26xxHwRev22AndLater_HaltIfViolated
                0x000000000000ae08       0x14 contiki-srf06-cc26xx.a(chipinfo.o)
                0x000000000000ae08                NOROM_ThisCodeIsBuiltForCC26xxHwRev22AndLater_HaltIfViolated
 .text.NOROM_CPUcpsid
                0x000000000000ae1c        0x8 contiki-srf06-cc26xx.a(cpu.o)
                0x000000000000ae1c                NOROM_CPUcpsid
 .text.NOROM_CPUcpsie
                0x000000000000ae24        0x8 contiki-srf06-cc26xx.a(cpu.o)
                0x000000000000ae24                NOROM_CPUcpsie
 .text.NOROM_DDI32RegWrite
                0x000000000000ae2c       0x3c contiki-srf06-cc26xx.a(ddi.o)
                0x000000000000ae2c                NOROM_DDI32RegWrite
 .text.NOROM_DDI16BitfieldWrite
                0x000000000000ae68       0x50 contiki-srf06-cc26xx.a(ddi.o)
                0x000000000000ae68                NOROM_DDI16BitfieldWrite
 .text.NOROM_DDI16BitfieldRead
                0x000000000000aeb8       0x54 contiki-srf06-cc26xx.a(ddi.o)
                0x000000000000aeb8                NOROM_DDI16BitfieldRead
 .text.NOROM_OSCClockSourceSet
                0x000000000000af0c       0x60 contiki-srf06-cc26xx.a(osc.o)
                0x000000000000af0c                NOROM_OSCClockSourceSet
 .text.NOROM_OSCClockSourceGet
                0x000000000000af6c       0x24 contiki-srf06-cc26xx.a(osc.o)
                0x000000000000af6c                NOROM_OSCClockSourceGet
 .text.NOROM_PowerCtrlSourceSet
                0x000000000000af90       0x34 contiki-srf06-cc26xx.a(pwr_ctrl.o)
                0x000000000000af90                NOROM_PowerCtrlSourceSet
 .text.TrimAfterColdResetWakeupFromShutDown
                0x000000000000afc4      0x104 contiki-srf06-cc26xx.a(setup.o)
 .text.NOROM_SetupTrimDevice
                0x000000000000b0c8       0xb4 contiki-srf06-cc26xx.a(setup.o)
                0x000000000000b0c8                NOROM_SetupTrimDevice
 .text.NOROM_SetupAfterColdResetWakeupFromShutDownCfg1
                0x000000000000b17c       0x80 contiki-srf06-cc26xx.a(setup_rom.o)
                0x000000000000b17c                NOROM_SetupAfterColdResetWakeupFromShutDownCfg1
 .text.NOROM_SetupAfterColdResetWakeupFromShutDownCfg3
                0x000000000000b1fc      0x1f0 contiki-srf06-cc26xx.a(setup_rom.o)
                0x000000000000b1fc                NOROM_SetupAfterColdResetWakeupFromShutDownCfg3
 .text.NOROM_SetupGetTrimForAnabypassValue1
                0x000000000000b3ec       0x64 contiki-srf06-cc26xx.a(setup_rom.o)
                0x000000000000b3ec                NOROM_SetupGetTrimForAnabypassValue1
 .text.NOROM_SetupGetTrimForAmpcompCtrl
                0x000000000000b450       0x78 contiki-srf06-cc26xx.a(setup_rom.o)
                0x000000000000b450                NOROM_SetupGetTrimForAmpcompCtrl
 .text.NOROM_SetupAfterColdResetWakeupFromShutDownCfg2
                0x000000000000b4c8      0x220 contiki-srf06-cc26xx.a(setup_rom.o)
                0x000000000000b4c8                NOROM_SetupAfterColdResetWakeupFromShutDownCfg2
 .text.NOROM_SetupSetCacheModeAccordingToCcfgSetting
                0x000000000000b6e8       0x78 contiki-srf06-cc26xx.a(setup_rom.o)
                0x000000000000b6e8                NOROM_SetupSetCacheModeAccordingToCcfgSetting
 .text.NOROM_SysCtrlSetRechargeBeforePowerDown
                0x000000000000b760      0x2b0 contiki-srf06-cc26xx.a(sys_ctrl.o)
                0x000000000000b760                NOROM_SysCtrlSetRechargeBeforePowerDown
 .text.NOROM_SysCtrlAdjustRechargeAfterPowerDown
                0x000000000000ba10       0x80 contiki-srf06-cc26xx.a(sys_ctrl.o)
                0x000000000000ba10                NOROM_SysCtrlAdjustRechargeAfterPowerDown
 .text.NOROM_SysCtrl_DCDC_VoltageConditionalControl
                0x000000000000ba90       0x88 contiki-srf06-cc26xx.a(sys_ctrl.o)
                0x000000000000ba90                NOROM_SysCtrl_DCDC_VoltageConditionalControl
 .text.NOROM_TRNGConfigure
                0x000000000000bb18       0x3c contiki-srf06-cc26xx.a(trng.o)
                0x000000000000bb18                NOROM_TRNGConfigure
 .text.linkaddr_copy
                0x000000000000bb54        0xc contiki-srf06-cc26xx.a(linkaddr.o)
                0x000000000000bb54                linkaddr_copy
 .text.linkaddr_cmp
                0x000000000000bb60       0x14 contiki-srf06-cc26xx.a(linkaddr.o)
                0x000000000000bb60                linkaddr_cmp
 .text.periodic
                0x000000000000bb74       0x38 contiki-srf06-cc26xx.a(link-stats.o)
 .text.link_stats_from_lladdr
                0x000000000000bbac       0x10 contiki-srf06-cc26xx.a(link-stats.o)
                0x000000000000bbac                link_stats_from_lladdr
 .text.link_stats_is_fresh
                0x000000000000bbbc       0x24 contiki-srf06-cc26xx.a(link-stats.o)
                0x000000000000bbbc                link_stats_is_fresh
 .text.link_stats_packet_sent
                0x000000000000bbe0       0x94 contiki-srf06-cc26xx.a(link-stats.o)
                0x000000000000bbe0                link_stats_packet_sent
 .text.link_stats_input_callback
                0x000000000000bc74       0x68 contiki-srf06-cc26xx.a(link-stats.o)
                0x000000000000bc74                link_stats_input_callback
 .text.link_stats_init
                0x000000000000bcdc       0x30 contiki-srf06-cc26xx.a(link-stats.o)
                0x000000000000bcdc                link_stats_init
 .text.nbr_set_bit
                0x000000000000bd0c       0x4c contiki-srf06-cc26xx.a(nbr-table.o)
 .text.index_from_lladdr
                0x000000000000bd58       0x58 contiki-srf06-cc26xx.a(nbr-table.o)
 .text.nbr_get_bit.constprop.0
                0x000000000000bdb0       0x38 contiki-srf06-cc26xx.a(nbr-table.o)
 .text.remove_key
                0x000000000000bde8       0xa4 contiki-srf06-cc26xx.a(nbr-table.o)
 .text.nbr_table_register
                0x000000000000be8c       0x30 contiki-srf06-cc26xx.a(nbr-table.o)
                0x000000000000be8c                nbr_table_register
 .text.nbr_table_next
                0x000000000000bebc       0x84 contiki-srf06-cc26xx.a(nbr-table.o)
                0x000000000000bebc                nbr_table_next
 .text.nbr_table_head
                0x000000000000bf40       0x60 contiki-srf06-cc26xx.a(nbr-table.o)
                0x000000000000bf40                nbr_table_head
 .text.nbr_table_add_lladdr
                0x000000000000bfa0      0x198 contiki-srf06-cc26xx.a(nbr-table.o)
                0x000000000000bfa0                nbr_table_add_lladdr
 .text.nbr_table_get_from_lladdr
                0x000000000000c138       0x34 contiki-srf06-cc26xx.a(nbr-table.o)
                0x000000000000c138                nbr_table_get_from_lladdr
 .text.nbr_table_remove
                0x000000000000c16c       0x30 contiki-srf06-cc26xx.a(nbr-table.o)
                0x000000000000c16c                nbr_table_remove
 .text.nbr_table_lock
                0x000000000000c19c       0x14 contiki-srf06-cc26xx.a(nbr-table.o)
                0x000000000000c19c                nbr_table_lock
 .text.nbr_table_unlock
                0x000000000000c1b0       0x14 contiki-srf06-cc26xx.a(nbr-table.o)
                0x000000000000c1b0                nbr_table_unlock
 .text.nbr_table_get_lladdr
                0x000000000000c1c4       0x3c contiki-srf06-cc26xx.a(nbr-table.o)
                0x000000000000c1c4                nbr_table_get_lladdr
 .text.netstack_init
                0x000000000000c200       0x40 contiki-srf06-cc26xx.a(netstack.o)
                0x000000000000c200                netstack_init
 .text.packetbuf_copyto
                0x000000000000c240       0x54 contiki-srf06-cc26xx.a(packetbuf.o)
                0x000000000000c240                packetbuf_copyto
 .text.packetbuf_hdralloc
                0x000000000000c294       0x60 contiki-srf06-cc26xx.a(packetbuf.o)
                0x000000000000c294                packetbuf_hdralloc
 .text.packetbuf_hdrreduce
                0x000000000000c2f4       0x34 contiki-srf06-cc26xx.a(packetbuf.o)
                0x000000000000c2f4                packetbuf_hdrreduce
 .text.packetbuf_set_datalen
                0x000000000000c328        0xc contiki-srf06-cc26xx.a(packetbuf.o)
                0x000000000000c328                packetbuf_set_datalen
 .text.packetbuf_dataptr
                0x000000000000c334       0x24 contiki-srf06-cc26xx.a(packetbuf.o)
                0x000000000000c334                packetbuf_dataptr
 .text.packetbuf_hdrptr
                0x000000000000c358        0xc contiki-srf06-cc26xx.a(packetbuf.o)
                0x000000000000c358                packetbuf_hdrptr
 .text.packetbuf_datalen
                0x000000000000c364        0xc contiki-srf06-cc26xx.a(packetbuf.o)
                0x000000000000c364                packetbuf_datalen
 .text.packetbuf_totlen
                0x000000000000c370       0x28 contiki-srf06-cc26xx.a(packetbuf.o)
                0x000000000000c370                packetbuf_totlen
 .text.packetbuf_attr_clear
                0x000000000000c398       0x54 contiki-srf06-cc26xx.a(packetbuf.o)
                0x000000000000c398                packetbuf_attr_clear
 .text.packetbuf_clear
                0x000000000000c3ec       0x24 contiki-srf06-cc26xx.a(packetbuf.o)
                0x000000000000c3ec                packetbuf_clear
 .text.packetbuf_copyfrom
                0x000000000000c410       0x48 contiki-srf06-cc26xx.a(packetbuf.o)
                0x000000000000c410                packetbuf_copyfrom
 .text.packetbuf_attr_copyto
                0x000000000000c458       0x3c contiki-srf06-cc26xx.a(packetbuf.o)
                0x000000000000c458                packetbuf_attr_copyto
 .text.packetbuf_attr_copyfrom
                0x000000000000c494       0x3c contiki-srf06-cc26xx.a(packetbuf.o)
                0x000000000000c494                packetbuf_attr_copyfrom
 .text.packetbuf_set_attr
                0x000000000000c4d0       0x10 contiki-srf06-cc26xx.a(packetbuf.o)
                0x000000000000c4d0                packetbuf_set_attr
 .text.packetbuf_attr
                0x000000000000c4e0       0x10 contiki-srf06-cc26xx.a(packetbuf.o)
                0x000000000000c4e0                packetbuf_attr
 .text.packetbuf_set_addr
                0x000000000000c4f0       0x18 contiki-srf06-cc26xx.a(packetbuf.o)
                0x000000000000c4f0                packetbuf_set_addr
 .text.packetbuf_addr
                0x000000000000c508       0x10 contiki-srf06-cc26xx.a(packetbuf.o)
                0x000000000000c508                packetbuf_addr
 .text.packetbuf_holds_broadcast
                0x000000000000c518       0x14 contiki-srf06-cc26xx.a(packetbuf.o)
                0x000000000000c518                packetbuf_holds_broadcast
 .text.queuebuf_init
                0x000000000000c52c       0x20 contiki-srf06-cc26xx.a(queuebuf.o)
                0x000000000000c52c                queuebuf_init
 .text.queuebuf_numfree
                0x000000000000c54c        0xc contiki-srf06-cc26xx.a(queuebuf.o)
                0x000000000000c54c                queuebuf_numfree
 .text.queuebuf_new_from_packetbuf
                0x000000000000c558       0x50 contiki-srf06-cc26xx.a(queuebuf.o)
                0x000000000000c558                queuebuf_new_from_packetbuf
 .text.queuebuf_update_attr_from_packetbuf
                0x000000000000c5a8        0xc contiki-srf06-cc26xx.a(queuebuf.o)
                0x000000000000c5a8                queuebuf_update_attr_from_packetbuf
 .text.queuebuf_update_from_packetbuf
                0x000000000000c5b4       0x1c contiki-srf06-cc26xx.a(queuebuf.o)
                0x000000000000c5b4                queuebuf_update_from_packetbuf
 .text.queuebuf_free
                0x000000000000c5d0       0x38 contiki-srf06-cc26xx.a(queuebuf.o)
                0x000000000000c5d0                queuebuf_free
 .text.queuebuf_to_packetbuf
                0x000000000000c608       0x34 contiki-srf06-cc26xx.a(queuebuf.o)
                0x000000000000c608                queuebuf_to_packetbuf
 .text.queuebuf_attr
                0x000000000000c63c        0xc contiki-srf06-cc26xx.a(queuebuf.o)
                0x000000000000c63c                queuebuf_attr
 .text.input_packet
                0x000000000000c648       0x10 contiki-srf06-cc26xx.a(csma.o)
 .text.on       0x000000000000c658       0x10 contiki-srf06-cc26xx.a(csma.o)
 .text.off      0x000000000000c668       0x10 contiki-srf06-cc26xx.a(csma.o)
 .text.channel_check_interval
                0x000000000000c678       0x14 contiki-srf06-cc26xx.a(csma.o)
 .text.transmit_packet_list
                0x000000000000c68c       0x28 contiki-srf06-cc26xx.a(csma.o)
 .text.schedule_transmission
                0x000000000000c6b4       0x54 contiki-srf06-cc26xx.a(csma.o)
 .text.send_packet
                0x000000000000c708      0x180 contiki-srf06-cc26xx.a(csma.o)
 .text.init     0x000000000000c888       0x2c contiki-srf06-cc26xx.a(csma.o)
 .text.tx_done  0x000000000000c8b4       0x8c contiki-srf06-cc26xx.a(csma.o)
 .text.packet_sent
                0x000000000000c940       0xe8 contiki-srf06-cc26xx.a(csma.o)
 .text.parse    0x000000000000ca28       0xa0 contiki-srf06-cc26xx.a(framer-802154.o)
 .text.create_frame.isra.0
                0x000000000000cac8      0x14c contiki-srf06-cc26xx.a(framer-802154.o)
 .text.create   0x000000000000cc14        0x8 contiki-srf06-cc26xx.a(framer-802154.o)
 .text.hdr_length
                0x000000000000cc1c        0x8 contiki-srf06-cc26xx.a(framer-802154.o)
 .text.mac_call_sent_callback
                0x000000000000cc24       0x10 contiki-srf06-cc26xx.a(mac.o)
                0x000000000000cc24                mac_call_sent_callback
 .text.duty_cycle
                0x000000000000cc34        0x4 contiki-srf06-cc26xx.a(contikimac.o)
 .text.init     0x000000000000cc38       0x4c contiki-srf06-cc26xx.a(contikimac.o)
 .text.on       0x000000000000cc84       0x30 contiki-srf06-cc26xx.a(contikimac.o)
 .text.off      0x000000000000ccb4       0x3c contiki-srf06-cc26xx.a(contikimac.o)
 .text.recv_burst_off
                0x000000000000ccf0       0x14 contiki-srf06-cc26xx.a(contikimac.o)
 .text.powercycle_turn_radio_off.part.2
                0x000000000000cd04       0x14 contiki-srf06-cc26xx.a(contikimac.o)
 .text.turn_off
                0x000000000000cd18       0x44 contiki-srf06-cc26xx.a(contikimac.o)
 .text.turn_on  0x000000000000cd5c       0x48 contiki-srf06-cc26xx.a(contikimac.o)
 .text.schedule_powercycle_fixed.part.5
                0x000000000000cda4       0x30 contiki-srf06-cc26xx.a(contikimac.o)
 .text.input_packet
                0x000000000000cdd4       0xb4 contiki-srf06-cc26xx.a(contikimac.o)
 .text.send_packet.isra.8
                0x000000000000ce88      0x250 contiki-srf06-cc26xx.a(contikimac.o)
 .text.qsend_list
                0x000000000000d0d8       0xd0 contiki-srf06-cc26xx.a(contikimac.o)
 .text.qsend_packet
                0x000000000000d1a8       0x24 contiki-srf06-cc26xx.a(contikimac.o)
 .text.powercycle_wrapper
                0x000000000000d1cc      0x2a0 contiki-srf06-cc26xx.a(contikimac.o)
 .text.init     0x000000000000d46c        0x4 contiki-srf06-cc26xx.a(nullsec.o)
 .text.input    0x000000000000d470       0x10 contiki-srf06-cc26xx.a(nullsec.o)
 .text.send     0x000000000000d480       0x20 contiki-srf06-cc26xx.a(nullsec.o)
 .text.coap_set_option_header
                0x000000000000d4a0       0x8c contiki-srf06-cc26xx.a(er-coap.o)
 .text.coap_serialize_int_option
                0x000000000000d52c       0x68 contiki-srf06-cc26xx.a(er-coap.o)
 .text.coap_merge_multi_option
                0x000000000000d594       0x34 contiki-srf06-cc26xx.a(er-coap.o)
 .text.coap_get_variable
                0x000000000000d5c8       0x7c contiki-srf06-cc26xx.a(er-coap.o)
 .text.coap_serialize_array_option.part.0
                0x000000000000d644       0x20 contiki-srf06-cc26xx.a(er-coap.o)
 .text.coap_serialize_array_option
                0x000000000000d664       0x8c contiki-srf06-cc26xx.a(er-coap.o)
 .text.coap_init_connection
                0x000000000000d6f0       0x2c contiki-srf06-cc26xx.a(er-coap.o)
                0x000000000000d6f0                coap_init_connection
 .text.coap_get_mid
                0x000000000000d71c       0x14 contiki-srf06-cc26xx.a(er-coap.o)
                0x000000000000d71c                coap_get_mid
 .text.coap_init_message
                0x000000000000d730       0x1c contiki-srf06-cc26xx.a(er-coap.o)
                0x000000000000d730                coap_init_message
 .text.coap_serialize_message
                0x000000000000d74c      0x31c contiki-srf06-cc26xx.a(er-coap.o)
                0x000000000000d74c                coap_serialize_message
 .text.coap_send_message
                0x000000000000da68       0x40 contiki-srf06-cc26xx.a(er-coap.o)
                0x000000000000da68                coap_send_message
 .text.coap_parse_message
                0x000000000000daa8      0x400 contiki-srf06-cc26xx.a(er-coap.o)
                0x000000000000daa8                coap_parse_message
 .text.coap_get_query_variable
                0x000000000000dea8       0x28 contiki-srf06-cc26xx.a(er-coap.o)
                0x000000000000dea8                coap_get_query_variable
 .text.coap_get_post_variable
                0x000000000000ded0       0x20 contiki-srf06-cc26xx.a(er-coap.o)
                0x000000000000ded0                coap_get_post_variable
 .text.coap_set_status_code
                0x000000000000def0        0xc contiki-srf06-cc26xx.a(er-coap.o)
                0x000000000000def0                coap_set_status_code
 .text.coap_set_token
                0x000000000000defc       0x18 contiki-srf06-cc26xx.a(er-coap.o)
                0x000000000000defc                coap_set_token
 .text.coap_get_header_content_format
                0x000000000000df14       0x18 contiki-srf06-cc26xx.a(er-coap.o)
                0x000000000000df14                coap_get_header_content_format
 .text.coap_set_header_content_format
                0x000000000000df2c       0x10 contiki-srf06-cc26xx.a(er-coap.o)
                0x000000000000df2c                coap_set_header_content_format
 .text.coap_get_header_accept
                0x000000000000df3c       0x1c contiki-srf06-cc26xx.a(er-coap.o)
                0x000000000000df3c                coap_get_header_accept
 .text.coap_get_header_max_age
                0x000000000000df58       0x10 contiki-srf06-cc26xx.a(er-coap.o)
                0x000000000000df58                coap_get_header_max_age
 .text.coap_set_header_max_age
                0x000000000000df68       0x10 contiki-srf06-cc26xx.a(er-coap.o)
                0x000000000000df68                coap_set_header_max_age
 .text.coap_set_header_etag
                0x000000000000df78       0x24 contiki-srf06-cc26xx.a(er-coap.o)
                0x000000000000df78                coap_set_header_etag
 .text.coap_get_header_if_match
                0x000000000000df9c       0x1c contiki-srf06-cc26xx.a(er-coap.o)
                0x000000000000df9c                coap_get_header_if_match
 .text.coap_get_header_if_none_match
                0x000000000000dfb8        0x8 contiki-srf06-cc26xx.a(er-coap.o)
                0x000000000000dfb8                coap_get_header_if_none_match
 .text.coap_get_header_uri_host
                0x000000000000dfc0       0x18 contiki-srf06-cc26xx.a(er-coap.o)
                0x000000000000dfc0                coap_get_header_uri_host
 .text.coap_get_header_uri_path
                0x000000000000dfd8       0x18 contiki-srf06-cc26xx.a(er-coap.o)
                0x000000000000dfd8                coap_get_header_uri_path
 .text.coap_set_header_uri_path
                0x000000000000dff0       0x2c contiki-srf06-cc26xx.a(er-coap.o)
                0x000000000000dff0                coap_set_header_uri_path
 .text.coap_get_header_uri_query
                0x000000000000e01c       0x18 contiki-srf06-cc26xx.a(er-coap.o)
                0x000000000000e01c                coap_get_header_uri_query
 .text.coap_set_header_location_query
                0x000000000000e034       0x2c contiki-srf06-cc26xx.a(er-coap.o)
                0x000000000000e034                coap_set_header_location_query
 .text.coap_set_header_location_path
                0x000000000000e060       0x4c contiki-srf06-cc26xx.a(er-coap.o)
                0x000000000000e060                coap_set_header_location_path
 .text.coap_set_header_observe
                0x000000000000e0ac       0x10 contiki-srf06-cc26xx.a(er-coap.o)
                0x000000000000e0ac                coap_set_header_observe
 .text.coap_get_header_block2
                0x000000000000e0bc       0x3c contiki-srf06-cc26xx.a(er-coap.o)
                0x000000000000e0bc                coap_get_header_block2
 .text.coap_set_header_block2
                0x000000000000e0f8       0x3c contiki-srf06-cc26xx.a(er-coap.o)
                0x000000000000e0f8                coap_set_header_block2
 .text.coap_get_header_size2
                0x000000000000e134       0x1c contiki-srf06-cc26xx.a(er-coap.o)
                0x000000000000e134                coap_get_header_size2
 .text.coap_set_header_size2
                0x000000000000e150       0x10 contiki-srf06-cc26xx.a(er-coap.o)
                0x000000000000e150                coap_set_header_size2
 .text.coap_get_payload
                0x000000000000e160       0x14 contiki-srf06-cc26xx.a(er-coap.o)
                0x000000000000e160                coap_get_payload
 .text.coap_set_payload
                0x000000000000e174       0x14 contiki-srf06-cc26xx.a(er-coap.o)
                0x000000000000e174                coap_set_payload
 .text.rtimer_arch_init
                0x000000000000e188        0x4 contiki-srf06-cc26xx.a(rtimer-arch.o)
                0x000000000000e188                rtimer_arch_init
 .text.rtimer_arch_schedule
                0x000000000000e18c        0x8 contiki-srf06-cc26xx.a(rtimer-arch.o)
                0x000000000000e18c                rtimer_arch_schedule
 .text.rtimer_arch_now
                0x000000000000e194        0x4 contiki-srf06-cc26xx.a(rtimer-arch.o)
                0x000000000000e194                rtimer_arch_now
 .text.process_thread_rf_core_process
                0x000000000000e198       0x5c contiki-srf06-cc26xx.a(rf-core.o)
 .text.rf_core_is_accessible
                0x000000000000e1f4       0x10 contiki-srf06-cc26xx.a(rf-core.o)
                0x000000000000e1f4                rf_core_is_accessible
 .text.rf_core_send_cmd
                0x000000000000e204       0xac contiki-srf06-cc26xx.a(rf-core.o)
                0x000000000000e204                rf_core_send_cmd
 .text.rf_core_wait_cmd_done
                0x000000000000e2b0       0x34 contiki-srf06-cc26xx.a(rf-core.o)
                0x000000000000e2b0                rf_core_wait_cmd_done
 .text.rf_core_power_up
                0x000000000000e2e4       0xc8 contiki-srf06-cc26xx.a(rf-core.o)
                0x000000000000e2e4                rf_core_power_up
 .text.rf_core_start_rat
                0x000000000000e3ac       0x6c contiki-srf06-cc26xx.a(rf-core.o)
                0x000000000000e3ac                rf_core_start_rat
 .text.rf_core_stop_rat
                0x000000000000e418       0x80 contiki-srf06-cc26xx.a(rf-core.o)
                0x000000000000e418                rf_core_stop_rat
 .text.rf_core_power_down
                0x000000000000e498      0x104 contiki-srf06-cc26xx.a(rf-core.o)
                0x000000000000e498                rf_core_power_down
 .text.rf_core_set_modesel
                0x000000000000e59c       0x54 contiki-srf06-cc26xx.a(rf-core.o)
                0x000000000000e59c                rf_core_set_modesel
 .text.rf_core_boot
                0x000000000000e5f0       0x1c contiki-srf06-cc26xx.a(rf-core.o)
                0x000000000000e5f0                rf_core_boot
 .text.rf_core_restart_rat
                0x000000000000e60c       0x20 contiki-srf06-cc26xx.a(rf-core.o)
                0x000000000000e60c                rf_core_restart_rat
 .text.rf_core_setup_interrupts
                0x000000000000e62c       0x80 contiki-srf06-cc26xx.a(rf-core.o)
                0x000000000000e62c                rf_core_setup_interrupts
 .text.rf_core_cmd_done_en
                0x000000000000e6ac       0x2c contiki-srf06-cc26xx.a(rf-core.o)
                0x000000000000e6ac                rf_core_cmd_done_en
 .text.rf_core_cmd_done_dis
                0x000000000000e6d8       0x18 contiki-srf06-cc26xx.a(rf-core.o)
                0x000000000000e6d8                rf_core_cmd_done_dis
 .text.rf_core_get_last_radio_op
                0x000000000000e6f0        0xc contiki-srf06-cc26xx.a(rf-core.o)
                0x000000000000e6f0                rf_core_get_last_radio_op
 .text.rf_core_init_radio_op
                0x000000000000e6fc       0x1c contiki-srf06-cc26xx.a(rf-core.o)
                0x000000000000e6fc                rf_core_init_radio_op
 .text.rf_core_primary_mode_register
                0x000000000000e718        0xc contiki-srf06-cc26xx.a(rf-core.o)
                0x000000000000e718                rf_core_primary_mode_register
 .text.RFCCPE1IntHandler
                0x000000000000e724       0x2c contiki-srf06-cc26xx.a(rf-core.o)
                0x000000000000e724                RFCCPE1IntHandler
 .text.RFCCPE0IntHandler
                0x000000000000e750       0x6c contiki-srf06-cc26xx.a(rf-core.o)
                0x000000000000e750                RFCCPE0IntHandler
 .text.rf_ble_is_active
                0x000000000000e7bc        0xc contiki-srf06-cc26xx.a(rf-ble.o)
                0x000000000000e7bc                rf_ble_is_active
 .text.uip_udp_packet_send
                0x000000000000e7c8       0x50 contiki-srf06-cc26xx.a(uip-udp-packet.)
                0x000000000000e7c8                uip_udp_packet_send
 .text.update_nbr
                0x000000000000e818      0x130 contiki-srf06-cc26xx.a(rpl-nbr-policy.)
 .text.handle_periodic_timer
                0x000000000000e948       0x18 contiki-srf06-cc26xx.a(rpl-nbr-policy.)
 .text.find_removable_dio
                0x000000000000e960       0x44 contiki-srf06-cc26xx.a(rpl-nbr-policy.)
                0x000000000000e960                find_removable_dio
 .text.find_removable_dao
                0x000000000000e9a4       0x38 contiki-srf06-cc26xx.a(rpl-nbr-policy.)
                0x000000000000e9a4                find_removable_dao
 .text.rpl_nbr_policy_find_removable
                0x000000000000e9dc       0x48 contiki-srf06-cc26xx.a(rpl-nbr-policy.)
                0x000000000000e9dc                rpl_nbr_policy_find_removable
 .text.frame802154_get_pan_id
                0x000000000000ea24        0xc contiki-srf06-cc26xx.a(frame802154.o)
                0x000000000000ea24                frame802154_get_pan_id
 .text.frame802154_has_panid
                0x000000000000ea30       0xac contiki-srf06-cc26xx.a(frame802154.o)
                0x000000000000ea30                frame802154_has_panid
 .text.field_len
                0x000000000000eadc       0x9c contiki-srf06-cc26xx.a(frame802154.o)
 .text.frame802154_is_broadcast_addr
                0x000000000000eb78       0x24 contiki-srf06-cc26xx.a(frame802154.o)
                0x000000000000eb78                frame802154_is_broadcast_addr
 .text.frame802154_hdrlen
                0x000000000000eb9c       0x34 contiki-srf06-cc26xx.a(frame802154.o)
                0x000000000000eb9c                frame802154_hdrlen
 .text.frame802154_create
                0x000000000000ebd0      0x118 contiki-srf06-cc26xx.a(frame802154.o)
                0x000000000000ebd0                frame802154_create
 .text.frame802154_parse
                0x000000000000ece8      0x18c contiki-srf06-cc26xx.a(frame802154.o)
                0x000000000000ece8                frame802154_parse
 .text.mac_sequence_is_duplicate
                0x000000000000ee74       0x50 contiki-srf06-cc26xx.a(mac-sequence.o)
                0x000000000000ee74                mac_sequence_is_duplicate
 .text.mac_sequence_register_seqno
                0x000000000000eec4       0x70 contiki-srf06-cc26xx.a(mac-sequence.o)
                0x000000000000eec4                mac_sequence_register_seqno
 .text          0x000000000000ef34       0x2c /usr/lib/gcc/arm-none-eabi/4.8.2/armv7-m/libgcc.a(_aeabi_uldivmod.o)
                0x000000000000ef34                __aeabi_uldivmod
 .text          0x000000000000ef60       0x60 /usr/lib/gcc/arm-none-eabi/4.8.2/armv7-m/libgcc.a(bpabi.o)
                0x000000000000ef60                __gnu_ldivmod_helper
                0x000000000000ef90                __gnu_uldivmod_helper
 .text          0x000000000000efc0        0x4 /usr/lib/gcc/arm-none-eabi/4.8.2/armv7-m/libgcc.a(_dvmd_tls.o)
                0x000000000000efc0                __aeabi_ldiv0
                0x000000000000efc0                __aeabi_idiv0
 .text          0x000000000000efc4      0x2bc /usr/lib/gcc/arm-none-eabi/4.8.2/armv7-m/libgcc.a(_divdi3.o)
                0x000000000000efc4                __divdi3
 .text          0x000000000000f280      0x284 /usr/lib/gcc/arm-none-eabi/4.8.2/armv7-m/libgcc.a(_udivdi3.o)
                0x000000000000f280                __udivdi3
 .text.atoi     0x000000000000f504        0x8 /usr/lib/gcc/arm-none-eabi/4.8.2/../../../arm-none-eabi/lib/armv7-m/libc.a(lib_a-atoi.o)
                0x000000000000f504                atoi
 .text.memchr   0x000000000000f50c       0x94 /usr/lib/gcc/arm-none-eabi/4.8.2/../../../arm-none-eabi/lib/armv7-m/libc.a(lib_a-memchr-stub.o)
                0x000000000000f50c                memchr
 .text.memcmp   0x000000000000f5a0       0x68 /usr/lib/gcc/arm-none-eabi/4.8.2/../../../arm-none-eabi/lib/armv7-m/libc.a(lib_a-memcmp.o)
                0x000000000000f5a0                memcmp
 .text          0x000000000000f608       0xec /usr/lib/gcc/arm-none-eabi/4.8.2/../../../arm-none-eabi/lib/armv7-m/libc.a(lib_a-memcpy.o)
                0x000000000000f608                memcpy
 .text.memmove  0x000000000000f6f4       0xcc /usr/lib/gcc/arm-none-eabi/4.8.2/../../../arm-none-eabi/lib/armv7-m/libc.a(lib_a-memmove.o)
                0x000000000000f6f4                memmove
 .text.memset   0x000000000000f7c0       0x94 /usr/lib/gcc/arm-none-eabi/4.8.2/../../../arm-none-eabi/lib/armv7-m/libc.a(lib_a-memset.o)
                0x000000000000f7c0                memset
 .text.strchr   0x000000000000f854       0xf4 /usr/lib/gcc/arm-none-eabi/4.8.2/../../../arm-none-eabi/lib/armv7-m/libc.a(lib_a-strchr.o)
                0x000000000000f854                strchr
 .text.strlen   0x000000000000f948       0x60 /usr/lib/gcc/arm-none-eabi/4.8.2/../../../arm-none-eabi/lib/armv7-m/libc.a(lib_a-strlen.o)
                0x000000000000f948                strlen
 .text.strncmp  0x000000000000f9a8       0xb4 /usr/lib/gcc/arm-none-eabi/4.8.2/../../../arm-none-eabi/lib/armv7-m/libc.a(lib_a-strncmp.o)
                0x000000000000f9a8                strncmp
 .text.strncpy  0x000000000000fa5c       0x68 /usr/lib/gcc/arm-none-eabi/4.8.2/../../../arm-none-eabi/lib/armv7-m/libc.a(lib_a-strncpy.o)
                0x000000000000fa5c                strncpy
 .text._strtol_r
                0x000000000000fac4      0x124 /usr/lib/gcc/arm-none-eabi/4.8.2/../../../arm-none-eabi/lib/armv7-m/libc.a(lib_a-strtol.o)
                0x000000000000fac4                _strtol_r
 .text.strtol   0x000000000000fbe8       0x1c /usr/lib/gcc/arm-none-eabi/4.8.2/../../../arm-none-eabi/lib/armv7-m/libc.a(lib_a-strtol.o)
                0x000000000000fbe8                strtol
 *(SORT(.rodata*))
 .rodata.autostart_processes
                0x000000000000fc04        0x8 very-sleepy-demo.co
                0x000000000000fc04                autostart_processes
 .rodata.str1.4
                0x000000000000fc0c      0x202 very-sleepy-demo.co
                                        0x204 (size before relaxing)
 *fill*         0x000000000000fe0e        0x2 00000000
 .rodata.coap_rest_implementation
                0x000000000000fe10      0x10c contiki-srf06-cc26xx.a(er-coap-engine.)
                0x000000000000fe10                coap_rest_implementation
 .rodata.str1.4
                0x000000000000ff1c       0x6c contiki-srf06-cc26xx.a(er-coap-engine.)
 .rodata.str1.4
                0x000000000000ff88       0x11 contiki-srf06-cc26xx.a(er-coap-observe)
                                         0x14 (size before relaxing)
 *fill*         0x000000000000ff99        0x3 00000000
 .rodata.str1.4
                0x000000000000ff9c        0xa contiki-srf06-cc26xx.a(er-coap-res-wel)
                                         0x1c (size before relaxing)
 *fill*         0x000000000000ffa6        0x2 00000000
 .rodata.str1.4
                0x000000000000ffa8        0xc contiki-srf06-cc26xx.a(rest-engine.o)
 .rodata.str1.4
                0x000000000000ffb4       0xf2 contiki-srf06-cc26xx.a(contiki-main.o)
                                         0xf8 (size before relaxing)
 *fill*         0x00000000000100a6        0x2 00000000
 .rodata.str1.4
                0x00000000000100a8        0x8 contiki-srf06-cc26xx.a(sensors.o)
 .rodata.button_left_sensor
                0x00000000000100b0       0x10 contiki-srf06-cc26xx.a(button-sensor.o)
                0x00000000000100b0                button_left_sensor
 .rodata.button_up_sensor
                0x00000000000100c0       0x10 contiki-srf06-cc26xx.a(button-sensor.o)
                0x00000000000100c0                button_up_sensor
 .rodata.button_select_sensor
                0x00000000000100d0       0x10 contiki-srf06-cc26xx.a(button-sensor.o)
                0x00000000000100d0                button_select_sensor
 .rodata.button_right_sensor
                0x00000000000100e0       0x10 contiki-srf06-cc26xx.a(button-sensor.o)
                0x00000000000100e0                button_right_sensor
 .rodata.button_down_sensor
                0x00000000000100f0       0x10 contiki-srf06-cc26xx.a(button-sensor.o)
                0x00000000000100f0                button_down_sensor