Archive member included because of file (symbol)

contiki-srf06-cc26xx.a(contiki-main.o)
                              obj_srf06-cc26xx/startup_gcc.o (main)
contiki-srf06-cc26xx.a(sensors.o)
                              cc26xx-demo.co (sensors_event)
contiki-srf06-cc26xx.a(leds.o)
                              contiki-srf06-cc26xx.a(contiki-main.o) (leds_init)
contiki-srf06-cc26xx.a(leds-arch.o)
                              contiki-srf06-cc26xx.a(leds.o) (leds_arch_init)
contiki-srf06-cc26xx.a(sensortag-senso)
                              contiki-srf06-cc26xx.a(sensors.o) (sensors_flags)
contiki-srf06-cc26xx.a(bmp-280-sensor.)
                              cc26xx-demo.co (bmp_280_sensor)
contiki-srf06-cc26xx.a(tmp-007-sensor.)
                              cc26xx-demo.co (tmp_007_sensor)
contiki-srf06-cc26xx.a(opt-3001-sensor)
                              cc26xx-demo.co (opt_3001_sensor)
contiki-srf06-cc26xx.a(hdc-1000-sensor)
                              cc26xx-demo.co (hdc_1000_sensor)
contiki-srf06-cc26xx.a(mpu-9250-sensor)
                              cc26xx-demo.co (mpu_9250_sensor)
contiki-srf06-cc26xx.a(button-sensor.o)
                              contiki-srf06-cc26xx.a(sensortag-senso) (button_right_sensor)
contiki-srf06-cc26xx.a(reed-relay.o)
                              cc26xx-demo.co (reed_relay_sensor)
contiki-srf06-cc26xx.a(buzzer.o)
                              cc26xx-demo.co (buzzer_state)
contiki-srf06-cc26xx.a(board.o)
                              contiki-srf06-cc26xx.a(contiki-main.o) (board_init)
contiki-srf06-cc26xx.a(board-i2c.o)
                              contiki-srf06-cc26xx.a(board.o) (board_i2c_wakeup)
contiki-srf06-cc26xx.a(clock.o)
                              contiki-srf06-cc26xx.a(contiki-main.o) (clock_init)
contiki-srf06-cc26xx.a(rtimer-arch.o)
                              contiki-srf06-cc26xx.a(mpu-9250-sensor) (rtimer_arch_now)
contiki-srf06-cc26xx.a(soc-rtc.o)
                              contiki-srf06-cc26xx.a(contiki-main.o) (soc_rtc_init)
contiki-srf06-cc26xx.a(contiki-watchdo)
                              contiki-srf06-cc26xx.a(contiki-main.o) (watchdog_init)
contiki-srf06-cc26xx.a(putchar.o)
                              cc26xx-demo.co (putchar)
contiki-srf06-cc26xx.a(ieee-addr.o)
                              contiki-srf06-cc26xx.a(contiki-main.o) (ieee_addr_cpy_to)
contiki-srf06-cc26xx.a(batmon-sensor.o)
                              cc26xx-demo.co (batmon_sensor)
contiki-srf06-cc26xx.a(cc26xx-uart.o)
                              contiki-srf06-cc26xx.a(contiki-main.o) (cc26xx_uart_init)
contiki-srf06-cc26xx.a(lpm.o)
                              contiki-srf06-cc26xx.a(contiki-main.o) (lpm_drop)
contiki-srf06-cc26xx.a(gpio-interrupt.)
                              contiki-srf06-cc26xx.a(button-sensor.o) (gpio_interrupt_register_handler)
contiki-srf06-cc26xx.a(oscillators.o)
                              contiki-srf06-cc26xx.a(contiki-main.o) (oscillators_select_lf_xosc)
contiki-srf06-cc26xx.a(rf-ble.o)
                              cc26xx-demo.co (rf_ble_beacond_config)
contiki-srf06-cc26xx.a(ieee-mode.o)
                              contiki-srf06-cc26xx.a(contiki-main.o) (ieee_mode_driver)
contiki-srf06-cc26xx.a(random.o)
                              cc26xx-demo.co (random_rand)
contiki-srf06-cc26xx.a(soc-trng.o)
                              contiki-srf06-cc26xx.a(random.o) (soc_trng_rand_synchronous)
contiki-srf06-cc26xx.a(dbg-printf.o)
                              cc26xx-demo.co (printf)
contiki-srf06-cc26xx.a(strformat.o)
                              contiki-srf06-cc26xx.a(dbg-printf.o) (format_str_v)
contiki-srf06-cc26xx.a(autostart.o)
                              contiki-srf06-cc26xx.a(contiki-main.o) (autostart_start)
contiki-srf06-cc26xx.a(ctimer.o)
                              contiki-srf06-cc26xx.a(contiki-main.o) (ctimer_init)
contiki-srf06-cc26xx.a(energest.o)
                              contiki-srf06-cc26xx.a(contiki-main.o) (energest_init)
contiki-srf06-cc26xx.a(etimer.o)
                              contiki-srf06-cc26xx.a(clock.o) (etimer_request_poll)
contiki-srf06-cc26xx.a(process.o)
                              contiki-srf06-cc26xx.a(sensors.o) (process_alloc_event)
contiki-srf06-cc26xx.a(rtimer.o)
                              contiki-srf06-cc26xx.a(contiki-main.o) (rtimer_init)
contiki-srf06-cc26xx.a(timer.o)
                              contiki-srf06-cc26xx.a(button-sensor.o) (timer_set)
contiki-srf06-cc26xx.a(serial-line.o)
                              contiki-srf06-cc26xx.a(contiki-main.o) (serial_line_init)
contiki-srf06-cc26xx.a(list.o)
                              contiki-srf06-cc26xx.a(lpm.o) (list_init)
contiki-srf06-cc26xx.a(ringbuf.o)
                              contiki-srf06-cc26xx.a(serial-line.o) (ringbuf_init)
contiki-srf06-cc26xx.a(sicslowpan.o)
                              contiki-srf06-cc26xx.a(contiki-main.o) (sicslowpan_driver)
contiki-srf06-cc26xx.a(uip6.o)
[...]
Memory Configuration

Name             Origin             Length             Attributes
FLASH            0x0000000000000000 0x000000000001ffa8 xr
FLASH_CCFG       0x000000000001ffa8 0x0000000000000058 xr
SRAM             0x0000000020000000 0x0000000000005000 xrw
GPRAM            0x0000000011000000 0x0000000000002000 xrw
*default*        0x0000000000000000 0xffffffffffffffff

Linker script and memory map

LOAD obj_srf06-cc26xx/fault-handlers.o
LOAD obj_srf06-cc26xx/ccfg.o
LOAD obj_srf06-cc26xx/startup_gcc.o
LOAD cc26xx-demo.co
LOAD contiki-srf06-cc26xx.a
LOAD /usr/lib/gcc/arm-none-eabi/4.8.2/../../../arm-none-eabi/lib/armv7-m/libm.a
START GROUP
LOAD /usr/lib/gcc/arm-none-eabi/4.8.2/armv7-m/libgcc.a
LOAD /usr/lib/gcc/arm-none-eabi/4.8.2/../../../arm-none-eabi/lib/armv7-m/libc.a
END GROUP
                0x0000000020005000                _estack = (ORIGIN (SRAM) + 0x5000)
                0x0000000000000000                _Min_Heap_Size = 0x0
                0x0000000000000100                _Min_Stack_Size = 0x100

.text           0x0000000000000000    0x12d94
                0x0000000000000000                _text = .
 *(SORT(.vectors))
 .vectors       0x0000000000000000       0xc8 obj_srf06-cc26xx/startup_gcc.o
                0x0000000000000000                g_pfnVectors
 *(SORT(.text*))
 .text.value    0x00000000000000c8       0xa8 contiki-srf06-cc26xx.a(opt-3001-sensor)
 .text.value    0x0000000000000170       0x98 contiki-srf06-cc26xx.a(hdc-1000-sensor)
 .text.value    0x0000000000000208      0x1d8 contiki-srf06-cc26xx.a(mpu-9250-sensor)
 .text.__ieee754_pow
                0x00000000000003e0      0xb68 /usr/lib/gcc/arm-none-eabi/4.8.2/../../../arm-none-eabi/lib/armv7-m/libm.a(lib_a-e_pow.o)
                0x00000000000003e0                __ieee754_pow
 .text.scalbn   0x0000000000000f48      0x100 /usr/lib/gcc/arm-none-eabi/4.8.2/../../../arm-none-eabi/lib/armv7-m/libm.a(lib_a-s_scalbn.o)
                0x0000000000000f48                scalbn
 .text.FaultISR
                0x0000000000001048       0x1c obj_srf06-cc26xx/fault-handlers.o
                0x0000000000001048                FaultISR
 .text.NmiSRHandler
                0x0000000000001064        0x4 obj_srf06-cc26xx/startup_gcc.o
                0x0000000000001064                NmiSR
 .text.IntDefaultHandler
                0x0000000000001068        0x4 obj_srf06-cc26xx/startup_gcc.o
                0x0000000000001068                SSI0IntHandler
                0x0000000000001068                SWEvent0IntHandler
                0x0000000000001068                uDMAIntHandler
                0x0000000000001068                WatchdogIntHandler
                0x0000000000001068                RFCHardwareIntHandler
                0x0000000000001068                Timer1BIntHandler
                0x0000000000001068                I2SIntHandler
                0x0000000000001068                Timer2BIntHandler
                0x0000000000001068                Timer2AIntHandler
                0x0000000000001068                Timer1AIntHandler
                0x0000000000001068                AONIntHandler
                0x0000000000001068                AUXSWEvent0IntHandler
                0x0000000000001068                AUXADCIntHandler
                0x0000000000001068                PendSVIntHandler
                0x0000000000001068                AUXSWEvent1IntHandler
                0x0000000000001068                SVCallIntHandler
                0x0000000000001068                MPUFaultIntHandler
                0x0000000000001068                SysTickIntHandler
                0x0000000000001068                BusFaultIntHandler
                0x0000000000001068                AONProgIntHandler
                0x0000000000001068                AUXCompAIntHandler
                0x0000000000001068                SSI1IntHandler
                0x0000000000001068                FlashIntHandler
                0x0000000000001068                uDMAErrIntHandler
                0x0000000000001068                UsageFaultIntHandler
                0x0000000000001068                RFCCmdAckIntHandler
                0x0000000000001068                CryptoIntHandler
                0x0000000000001068                Timer0AIntHandler
                0x0000000000001068                I2CIntHandler
                0x0000000000001068                DebugMonIntHandler
                0x0000000000001068                Timer0BIntHandler
                0x0000000000001068                AUXCombEventIntHandler
                0x0000000000001068                Timer3AIntHandler
                0x0000000000001068                DynProgIntHandler
                0x0000000000001068                Timer3BIntHandler
 .text.ResetISR
                0x000000000000106c       0x5c obj_srf06-cc26xx/startup_gcc.o
                0x000000000000106c                ResetISR
 .text.init_bmp_reading
                0x00000000000010c8       0x14 cc26xx-demo.co
 .text.init_opt_reading
                0x00000000000010dc       0x14 cc26xx-demo.co
 .text.init_hdc_reading
                0x00000000000010f0       0x14 cc26xx-demo.co
 .text.init_tmp_reading
                0x0000000000001104       0x14 cc26xx-demo.co
 .text.init_mpu_reading
                0x0000000000001118       0x14 cc26xx-demo.co
 .text.get_sync_sensor_readings
                0x000000000000112c       0x48 cc26xx-demo.co
 .text.print_mpu_reading
                0x0000000000001174       0x38 cc26xx-demo.co
 .text.process_thread_cc26xx_demo_process
                0x00000000000011ac      0x54c cc26xx-demo.co
 .text.fade     0x00000000000016f8       0x64 contiki-srf06-cc26xx.a(contiki-main.o)
 .text.startup.main
                0x000000000000175c      0x28c contiki-srf06-cc26xx.a(contiki-main.o)
                0x000000000000175c                main
 .text.process_thread_sensors_process
                0x00000000000019e8      0x138 contiki-srf06-cc26xx.a(sensors.o)
 .text.sensors_changed
                0x0000000000001b20       0x90 contiki-srf06-cc26xx.a(sensors.o)
                0x0000000000001b20                sensors_changed
 .text.leds_init
                0x0000000000001bb0       0x14 contiki-srf06-cc26xx.a(leds.o)
                0x0000000000001bb0                leds_init
 .text.leds_on  0x0000000000001bc4       0x14 contiki-srf06-cc26xx.a(leds.o)
                0x0000000000001bc4                leds_on
 .text.leds_off
                0x0000000000001bd8       0x18 contiki-srf06-cc26xx.a(leds.o)
                0x0000000000001bd8                leds_off
 .text.leds_toggle
                0x0000000000001bf0       0x14 contiki-srf06-cc26xx.a(leds.o)
                0x0000000000001bf0                leds_toggle
 .text.leds_arch_init
                0x0000000000001c04       0x3c contiki-srf06-cc26xx.a(leds-arch.o)
                0x0000000000001c04                leds_arch_init
 .text.leds_arch_set
                0x0000000000001c40       0x40 contiki-srf06-cc26xx.a(leds-arch.o)
                0x0000000000001c40                leds_arch_set
 .text.status   0x0000000000001c80       0x14 contiki-srf06-cc26xx.a(bmp-280-sensor.)
 .text.notify_ready
                0x0000000000001c94       0x18 contiki-srf06-cc26xx.a(bmp-280-sensor.)
 .text.enable_sensor
                0x0000000000001cac       0x2c contiki-srf06-cc26xx.a(bmp-280-sensor.)
 .text.configure
                0x0000000000001cd8       0xb0 contiki-srf06-cc26xx.a(bmp-280-sensor.)
 .text.value    0x0000000000001d88      0x168 contiki-srf06-cc26xx.a(bmp-280-sensor.)
 .text.status   0x0000000000001ef0       0x14 contiki-srf06-cc26xx.a(tmp-007-sensor.)
 .text.notify_ready
                0x0000000000001f04       0x2c contiki-srf06-cc26xx.a(tmp-007-sensor.)
 .text.enable_sensor
                0x0000000000001f30       0x2c contiki-srf06-cc26xx.a(tmp-007-sensor.)
 .text.configure
                0x0000000000001f5c       0xd8 contiki-srf06-cc26xx.a(tmp-007-sensor.)
 .text.value    0x0000000000002034      0x17c contiki-srf06-cc26xx.a(tmp-007-sensor.)
 .text.status   0x00000000000021b0        0xc contiki-srf06-cc26xx.a(opt-3001-sensor)
 .text.enable_sensor
                0x00000000000021bc       0x48 contiki-srf06-cc26xx.a(opt-3001-sensor)
 .text.notify_ready
                0x0000000000002204       0x5c contiki-srf06-cc26xx.a(opt-3001-sensor)
 .text.configure
                0x0000000000002260       0x54 contiki-srf06-cc26xx.a(opt-3001-sensor)
 .text.status   0x00000000000022b4       0x14 contiki-srf06-cc26xx.a(hdc-1000-sensor)
 .text.notify_ready
                0x00000000000022c8       0x6c contiki-srf06-cc26xx.a(hdc-1000-sensor)
 .text.configure
                0x0000000000002334       0xdc contiki-srf06-cc26xx.a(hdc-1000-sensor)
 .text.acc_convert
                0x0000000000002410       0x74 contiki-srf06-cc26xx.a(mpu-9250-sensor)
 .text.status   0x0000000000002484       0x14 contiki-srf06-cc26xx.a(mpu-9250-sensor)
 .text.notify_ready
                0x0000000000002498       0x18 contiki-srf06-cc26xx.a(mpu-9250-sensor)
 .text.sensor_sleep
                0x00000000000024b0       0x3c contiki-srf06-cc26xx.a(mpu-9250-sensor)
 .text.configure
                0x00000000000024ec      0x118 contiki-srf06-cc26xx.a(mpu-9250-sensor)
 .text.int_status
                0x0000000000002604       0x28 contiki-srf06-cc26xx.a(mpu-9250-sensor)
 .text.initialise
                0x000000000000262c      0x110 contiki-srf06-cc26xx.a(mpu-9250-sensor)
 .text.status.part.0
                0x000000000000273c       0x18 contiki-srf06-cc26xx.a(button-sensor.o)
 .text.value_left
                0x0000000000002754       0x28 contiki-srf06-cc26xx.a(button-sensor.o)
 .text.value_right
                0x000000000000277c       0x28 contiki-srf06-cc26xx.a(button-sensor.o)
 .text.status_left
                0x00000000000027a4       0x10 contiki-srf06-cc26xx.a(button-sensor.o)
 .text.status_right
                0x00000000000027b4       0x10 contiki-srf06-cc26xx.a(button-sensor.o)
 .text.config_buttons
                0x00000000000027c4       0xa0 contiki-srf06-cc26xx.a(button-sensor.o)
 .text.config_left
                0x0000000000002864        0xc contiki-srf06-cc26xx.a(button-sensor.o)
 .text.config_right
                0x0000000000002870        0xc contiki-srf06-cc26xx.a(button-sensor.o)
 .text.button_press_handler
                0x000000000000287c       0xa8 contiki-srf06-cc26xx.a(button-sensor.o)
 .text.value    0x0000000000002924       0x10 contiki-srf06-cc26xx.a(reed-relay.o)
 .text.status   0x0000000000002934       0x24 contiki-srf06-cc26xx.a(reed-relay.o)
 .text.configure
                0x0000000000002958       0x7c contiki-srf06-cc26xx.a(reed-relay.o)
 .text.reed_interrupt_handler
                0x00000000000029d4       0x30 contiki-srf06-cc26xx.a(reed-relay.o)
 .text.buzzer_init
                0x0000000000002a04       0x10 contiki-srf06-cc26xx.a(buzzer.o)
                0x0000000000002a04                buzzer_init
 .text.buzzer_state
                0x0000000000002a14        0xc contiki-srf06-cc26xx.a(buzzer.o)
                0x0000000000002a14                buzzer_state
 .text.buzzer_start
                0x0000000000002a20       0xb4 contiki-srf06-cc26xx.a(buzzer.o)
                0x0000000000002a20                buzzer_start
 .text.buzzer_stop
                0x0000000000002ad4       0x80 contiki-srf06-cc26xx.a(buzzer.o)
                0x0000000000002ad4                buzzer_stop
 .text.power_domains_on
                0x0000000000002b54       0x20 contiki-srf06-cc26xx.a(board.o)
 .text.lpm_wakeup_handler
                0x0000000000002b74        0x4 contiki-srf06-cc26xx.a(board.o)
 .text.shutdown_handler
                0x0000000000002b78       0x78 contiki-srf06-cc26xx.a(board.o)
 .text.board_init
                0x0000000000002bf0      0x124 contiki-srf06-cc26xx.a(board.o)
                0x0000000000002bf0                board_init
 .text.i2c_status
                0x0000000000002d14       0x3c contiki-srf06-cc26xx.a(board-i2c.o)
 .text.accessible
                0x0000000000002d50       0x2c contiki-srf06-cc26xx.a(board-i2c.o)
 .text.board_i2c_wakeup
                0x0000000000002d7c       0x6c contiki-srf06-cc26xx.a(board-i2c.o)
                0x0000000000002d7c                board_i2c_wakeup
 .text.board_i2c_shutdown
                0x0000000000002de8       0xb0 contiki-srf06-cc26xx.a(board-i2c.o)
                0x0000000000002de8                board_i2c_shutdown
 .text.board_i2c_write
                0x0000000000002e98       0xf4 contiki-srf06-cc26xx.a(board-i2c.o)
                0x0000000000002e98                board_i2c_write
 .text.board_i2c_write_single
                0x0000000000002f8c       0x50 contiki-srf06-cc26xx.a(board-i2c.o)
                0x0000000000002f8c                board_i2c_write_single
 .text.board_i2c_read
                0x0000000000002fdc       0xdc contiki-srf06-cc26xx.a(board-i2c.o)
                0x0000000000002fdc                board_i2c_read
 .text.board_i2c_write_read
                0x00000000000030b8      0x16c contiki-srf06-cc26xx.a(board-i2c.o)
                0x00000000000030b8                board_i2c_write_read
 .text.board_i2c_select
                0x0000000000003224       0xf4 contiki-srf06-cc26xx.a(board-i2c.o)
                0x0000000000003224                board_i2c_select
 .text.power_domain_on
                0x0000000000003318       0x20 contiki-srf06-cc26xx.a(clock.o)
 .text.clock_init
                0x0000000000003338       0xac contiki-srf06-cc26xx.a(clock.o)
                0x0000000000003338                clock_init
 .text.clock_time
                0x00000000000033e4       0x38 contiki-srf06-cc26xx.a(clock.o)
                0x00000000000033e4                clock_time
 .text.clock_update
                0x000000000000341c       0x40 contiki-srf06-cc26xx.a(clock.o)
                0x000000000000341c                clock_update
 .text.clock_seconds
                0x000000000000345c       0x1c contiki-srf06-cc26xx.a(clock.o)
                0x000000000000345c                clock_seconds
 .text.rtimer_arch_init
                0x0000000000003478        0x4 contiki-srf06-cc26xx.a(rtimer-arch.o)
                0x0000000000003478                rtimer_arch_init
 .text.rtimer_arch_schedule
                0x000000000000347c        0x8 contiki-srf06-cc26xx.a(rtimer-arch.o)
                0x000000000000347c                rtimer_arch_schedule
 .text.rtimer_arch_now
                0x0000000000003484        0x4 contiki-srf06-cc26xx.a(rtimer-arch.o)
                0x0000000000003484                rtimer_arch_now
 .text.soc_rtc_init
                0x0000000000003488       0xac contiki-srf06-cc26xx.a(soc-rtc.o)
                0x0000000000003488                soc_rtc_init
 .text.soc_rtc_schedule_one_shot
                0x0000000000003534       0x6c contiki-srf06-cc26xx.a(soc-rtc.o)
                0x0000000000003534                soc_rtc_schedule_one_shot
 .text.soc_rtc_last_isr_time
                0x00000000000035a0        0xc contiki-srf06-cc26xx.a(soc-rtc.o)
                0x00000000000035a0                soc_rtc_last_isr_time
 .text.AONRTCIntHandler
                0x00000000000035ac       0xa0 contiki-srf06-cc26xx.a(soc-rtc.o)
                0x00000000000035ac                AONRTCIntHandler
 .text.lock_config
                0x000000000000364c       0x1c contiki-srf06-cc26xx.a(contiki-watchdo)
 .text.unlock_config
                0x0000000000003668       0x30 contiki-srf06-cc26xx.a(contiki-watchdo)
 .text.watchdog_init
                0x0000000000003698       0x20 contiki-srf06-cc26xx.a(contiki-watchdo)
                0x0000000000003698                watchdog_init
 .text.watchdog_start
                0x00000000000036b8       0x34 contiki-srf06-cc26xx.a(contiki-watchdo)
                0x00000000000036b8                watchdog_start
 .text.watchdog_periodic
                0x00000000000036ec       0x1c contiki-srf06-cc26xx.a(contiki-watchdo)
                0x00000000000036ec                watchdog_periodic
 .text.putchar  0x0000000000003708       0x10 contiki-srf06-cc26xx.a(putchar.o)
                0x0000000000003708                putchar
 .text.puts     0x0000000000003718       0x2c contiki-srf06-cc26xx.a(putchar.o)
                0x0000000000003718                puts
 .text.dbg_send_bytes
                0x0000000000003744       0x40 contiki-srf06-cc26xx.a(putchar.o)
                0x0000000000003744                dbg_send_bytes
 .text.ieee_addr_cpy_to
                0x0000000000003784       0x4c contiki-srf06-cc26xx.a(ieee-addr.o)
                0x0000000000003784                ieee_addr_cpy_to
 .text.configure
                0x00000000000037d0       0x4c contiki-srf06-cc26xx.a(batmon-sensor.o)
 .text.status   0x000000000000381c       0x14 contiki-srf06-cc26xx.a(batmon-sensor.o)
 .text.value    0x0000000000003830       0x2c contiki-srf06-cc26xx.a(batmon-sensor.o)
 .text.power_and_clock
                0x000000000000385c       0x4c contiki-srf06-cc26xx.a(cc26xx-uart.o)
 .text.enable   0x00000000000038a8      0x108 contiki-srf06-cc26xx.a(cc26xx-uart.o)
 .text.accessible
                0x00000000000039b0       0x2c contiki-srf06-cc26xx.a(cc26xx-uart.o)
 .text.lpm_drop_handler
                0x00000000000039dc       0xe0 contiki-srf06-cc26xx.a(cc26xx-uart.o)
 .text.cc26xx_uart_init
                0x0000000000003abc       0x2c contiki-srf06-cc26xx.a(cc26xx-uart.o)
                0x0000000000003abc                cc26xx_uart_init
 .text.cc26xx_uart_write_byte
                0x0000000000003ae8       0x28 contiki-srf06-cc26xx.a(cc26xx-uart.o)
                0x0000000000003ae8                cc26xx_uart_write_byte
 .text.cc26xx_uart_busy
                0x0000000000003b10       0x18 contiki-srf06-cc26xx.a(cc26xx-uart.o)
                0x0000000000003b10                cc26xx_uart_busy
 .text.UART0IntHandler
                0x0000000000003b28       0x60 contiki-srf06-cc26xx.a(cc26xx-uart.o)
                0x0000000000003b28                UART0IntHandler
 .text.lpm_sleep
                0x0000000000003b88       0x14 contiki-srf06-cc26xx.a(lpm.o)
                0x0000000000003b88                lpm_sleep
 .text.lpm_drop
                0x0000000000003b9c      0x2a4 contiki-srf06-cc26xx.a(lpm.o)
                0x0000000000003b9c                lpm_drop
 .text.lpm_register_module
                0x0000000000003e40       0x10 contiki-srf06-cc26xx.a(lpm.o)
                0x0000000000003e40                lpm_register_module
 .text.lpm_unregister_module
                0x0000000000003e50       0x10 contiki-srf06-cc26xx.a(lpm.o)
                0x0000000000003e50                lpm_unregister_module
 .text.lpm_init
                0x0000000000003e60       0x24 contiki-srf06-cc26xx.a(lpm.o)
                0x0000000000003e60                lpm_init
 .text.lpm_pin_set_default_state
                0x0000000000003e84       0x30 contiki-srf06-cc26xx.a(lpm.o)
                0x0000000000003e84                lpm_pin_set_default_state
 .text.gpio_interrupt_register_handler
                0x0000000000003eb4       0x30 contiki-srf06-cc26xx.a(gpio-interrupt.)
                0x0000000000003eb4                gpio_interrupt_register_handler
 .text.gpio_interrupt_init
                0x0000000000003ee4       0x28 contiki-srf06-cc26xx.a(gpio-interrupt.)
                0x0000000000003ee4                gpio_interrupt_init
 .text.GPIOIntHandler
                0x0000000000003f0c       0x34 contiki-srf06-cc26xx.a(gpio-interrupt.)
                0x0000000000003f0c                GPIOIntHandler
 .text.oscillators_select_lf_xosc
                0x0000000000003f40       0x54 contiki-srf06-cc26xx.a(oscillators.o)
                0x0000000000003f40                oscillators_select_lf_xosc
 .text.oscillators_request_hf_xosc
                0x0000000000003f94       0x30 contiki-srf06-cc26xx.a(oscillators.o)
                0x0000000000003f94                oscillators_request_hf_xosc
 .text.oscillators_switch_to_hf_xosc
                0x0000000000003fc4       0x34 contiki-srf06-cc26xx.a(oscillators.o)
                0x0000000000003fc4                oscillators_switch_to_hf_xosc
 .text.oscillators_switch_to_hf_rc
                0x0000000000003ff8       0x38 contiki-srf06-cc26xx.a(oscillators.o)
                0x0000000000003ff8                oscillators_switch_to_hf_rc
 .text.process_thread_rf_ble_beacon_process
                0x0000000000004030      0x298 contiki-srf06-cc26xx.a(rf-ble.o)
 .text.rf_ble_beacond_config
                0x00000000000042c8       0x54 contiki-srf06-cc26xx.a(rf-ble.o)
                0x00000000000042c8                rf_ble_beacond_config
 .text.rf_ble_beacond_start
                0x000000000000431c       0x40 contiki-srf06-cc26xx.a(rf-ble.o)
                0x000000000000431c                rf_ble_beacond_start
 .text.rf_ble_is_active
                0x000000000000435c        0xc contiki-srf06-cc26xx.a(rf-ble.o)
                0x000000000000435c                rf_ble_is_active
 .text.request  0x0000000000004368       0x20 contiki-srf06-cc26xx.a(ieee-mode.o)
 .text.rx_on    0x0000000000004388       0x74 contiki-srf06-cc26xx.a(ieee-mode.o)
 .text.prepare  0x00000000000043fc       0x1c contiki-srf06-cc26xx.a(ieee-mode.o)
 .text.check_rat_overflow
                0x0000000000004418       0x80 contiki-srf06-cc26xx.a(ieee-mode.o)
 .text.rf_radio_setup
                0x0000000000004498       0x74 contiki-srf06-cc26xx.a(ieee-mode.o)
 .text.soft_on  0x000000000000450c       0x18 contiki-srf06-cc26xx.a(ieee-mode.o)
 .text.pending_packet
                0x0000000000004524       0x4c contiki-srf06-cc26xx.a(ieee-mode.o)
 .text.soft_off
                0x0000000000004570       0x3c contiki-srf06-cc26xx.a(ieee-mode.o)
 .text.get_object
                0x00000000000045ac       0x64 contiki-srf06-cc26xx.a(ieee-mode.o)
 .text.transmitting
                0x0000000000004610       0x44 contiki-srf06-cc26xx.a(ieee-mode.o)
 .text.rx_off   0x0000000000004654       0x5c contiki-srf06-cc26xx.a(ieee-mode.o)
 .text.off      0x00000000000046b0       0x74 contiki-srf06-cc26xx.a(ieee-mode.o)
 .text.get_cca_info
                0x0000000000004724       0x4c contiki-srf06-cc26xx.a(ieee-mode.o)
 .text.set_object
                0x0000000000004770       0x60 contiki-srf06-cc26xx.a(ieee-mode.o)
 .text.receiving_packet
                0x00000000000047d0       0x38 contiki-srf06-cc26xx.a(ieee-mode.o)
 .text.on       0x0000000000004808       0xb8 contiki-srf06-cc26xx.a(ieee-mode.o)
 .text.set_value
                0x00000000000048c0      0x1ac contiki-srf06-cc26xx.a(ieee-mode.o)
 .text.get_value
                0x0000000000004a6c      0x18c contiki-srf06-cc26xx.a(ieee-mode.o)
 .text.transmit
                0x0000000000004bf8       0xf0 contiki-srf06-cc26xx.a(ieee-mode.o)
 .text.send     0x0000000000004ce8       0x24 contiki-srf06-cc26xx.a(ieee-mode.o)
 .text.channel_clear
                0x0000000000004d0c       0x60 contiki-srf06-cc26xx.a(ieee-mode.o)
 .text.read_frame
                0x0000000000004d6c      0x184 contiki-srf06-cc26xx.a(ieee-mode.o)
 .text.handle_rat_overflow
                0x0000000000004ef0       0x50 contiki-srf06-cc26xx.a(ieee-mode.o)
 .text.init     0x0000000000004f40      0x134 contiki-srf06-cc26xx.a(ieee-mode.o)
 .text.random_rand
                0x0000000000005074        0xc contiki-srf06-cc26xx.a(random.o)
                0x0000000000005074                random_rand
 .text.random_init
                0x0000000000005080        0x4 contiki-srf06-cc26xx.a(random.o)
                0x0000000000005080                random_init
 .text.power_up
                0x0000000000005084       0x4c contiki-srf06-cc26xx.a(soc-trng.o)
 .text.request  0x00000000000050d0       0x14 contiki-srf06-cc26xx.a(soc-trng.o)
 .text.process_thread_soc_trng_process
                0x00000000000050e4       0xb0 contiki-srf06-cc26xx.a(soc-trng.o)
 .text.accessible
                0x0000000000005194       0x2c contiki-srf06-cc26xx.a(soc-trng.o)
 .text.soc_trng_rand_synchronous
                0x00000000000051c0       0xd8 contiki-srf06-cc26xx.a(soc-trng.o)
                0x00000000000051c0                soc_trng_rand_synchronous
 .text.TRNGIntHandler
                0x0000000000005298       0x5c contiki-srf06-cc26xx.a(soc-trng.o)
                0x0000000000005298                TRNGIntHandler
 .text.soc_trng_init
                0x00000000000052f4       0x2c contiki-srf06-cc26xx.a(soc-trng.o)
                0x00000000000052f4                soc_trng_init
 .text.write_str
                0x0000000000005320       0x10 contiki-srf06-cc26xx.a(dbg-printf.o)
 .text.printf   0x0000000000005330       0x28 contiki-srf06-cc26xx.a(dbg-printf.o)
                0x0000000000005330                printf
 .text.fill_space
                0x0000000000005358       0x38 contiki-srf06-cc26xx.a(strformat.o)
 .text.format_str_v
                0x0000000000005390      0x904 contiki-srf06-cc26xx.a(strformat.o)
                0x0000000000005390                format_str_v
 .text.autostart_start
                0x0000000000005c94       0x18 contiki-srf06-cc26xx.a(autostart.o)
                0x0000000000005c94                autostart_start
 .text.process_thread_ctimer_process
                0x0000000000005cac       0xa4 contiki-srf06-cc26xx.a(ctimer.o)
 .text.ctimer_init
                0x0000000000005d50       0x2c contiki-srf06-cc26xx.a(ctimer.o)
                0x0000000000005d50                ctimer_init
 .text.ctimer_set_with_process
                0x0000000000005d7c       0x4c contiki-srf06-cc26xx.a(ctimer.o)
                0x0000000000005d7c                ctimer_set_with_process
 .text.ctimer_set
                0x0000000000005dc8       0x18 contiki-srf06-cc26xx.a(ctimer.o)
                0x0000000000005dc8                ctimer_set
 .text.ctimer_reset
                0x0000000000005de0       0x40 contiki-srf06-cc26xx.a(ctimer.o)
                0x0000000000005de0                ctimer_reset
 .text.ctimer_restart
                0x0000000000005e20       0x40 contiki-srf06-cc26xx.a(ctimer.o)
                0x0000000000005e20                ctimer_restart
 .text.ctimer_stop
                0x0000000000005e60       0x30 contiki-srf06-cc26xx.a(ctimer.o)
                0x0000000000005e60                ctimer_stop
 .text.energest_init
                0x0000000000005e90        0x4 contiki-srf06-cc26xx.a(energest.o)
                0x0000000000005e90                energest_init
 .text.update_time
                0x0000000000005e94       0x50 contiki-srf06-cc26xx.a(etimer.o)
 .text.process_thread_etimer_process
                0x0000000000005ee4       0xd8 contiki-srf06-cc26xx.a(etimer.o)
 .text.add_timer
                0x0000000000005fbc       0x60 contiki-srf06-cc26xx.a(etimer.o)
 .text.etimer_request_poll
                0x000000000000601c        0xc contiki-srf06-cc26xx.a(etimer.o)
                0x000000000000601c                etimer_request_poll
 .text.etimer_set
                0x0000000000006028       0x14 contiki-srf06-cc26xx.a(etimer.o)
                0x0000000000006028                etimer_set
 .text.etimer_reset
                0x000000000000603c       0x14 contiki-srf06-cc26xx.a(etimer.o)
                0x000000000000603c                etimer_reset
 .text.etimer_restart
                0x0000000000006050       0x14 contiki-srf06-cc26xx.a(etimer.o)
                0x0000000000006050                etimer_restart
 .text.etimer_expired
                0x0000000000006064        0xc contiki-srf06-cc26xx.a(etimer.o)
                0x0000000000006064                etimer_expired
 .text.etimer_expiration_time
                0x0000000000006070        0x8 contiki-srf06-cc26xx.a(etimer.o)
                0x0000000000006070                etimer_expiration_time
 .text.etimer_pending
                0x0000000000006078       0x14 contiki-srf06-cc26xx.a(etimer.o)
                0x0000000000006078                etimer_pending
 .text.etimer_next_expiration_time
                0x000000000000608c       0x18 contiki-srf06-cc26xx.a(etimer.o)
                0x000000000000608c                etimer_next_expiration_time
 .text.etimer_stop
                0x00000000000060a4       0x4c contiki-srf06-cc26xx.a(etimer.o)
                0x00000000000060a4                etimer_stop
 .text.exit_process
                0x00000000000060f0       0xac contiki-srf06-cc26xx.a(process.o)
 .text.call_process.part.0
                0x000000000000619c       0x3c contiki-srf06-cc26xx.a(process.o)
 .text.do_poll  0x00000000000061d8       0x40 contiki-srf06-cc26xx.a(process.o)
 .text.process_alloc_event
                0x0000000000006218       0x10 contiki-srf06-cc26xx.a(process.o)
                0x0000000000006218                process_alloc_event
 .text.process_init
                0x0000000000006228       0x3c contiki-srf06-cc26xx.a(process.o)
                0x0000000000006228                process_init
 .text.process_run
                0x0000000000006264       0xbc contiki-srf06-cc26xx.a(process.o)
                0x0000000000006264                process_run
 .text.process_nevents
                0x0000000000006320       0x18 contiki-srf06-cc26xx.a(process.o)
                0x0000000000006320                process_nevents
 .text.process_post
                0x0000000000006338       0x48 contiki-srf06-cc26xx.a(process.o)
                0x0000000000006338                process_post
 .text.process_post_synch
                0x0000000000006380       0x1c contiki-srf06-cc26xx.a(process.o)
                0x0000000000006380                process_post_synch
 .text.process_start
                0x000000000000639c       0x44 contiki-srf06-cc26xx.a(process.o)
                0x000000000000639c                process_start
 .text.process_poll
                0x00000000000063e0       0x20 contiki-srf06-cc26xx.a(process.o)
                0x00000000000063e0                process_poll
 .text.rtimer_init
                0x0000000000006400        0x4 contiki-srf06-cc26xx.a(rtimer.o)
                0x0000000000006400                rtimer_init
 .text.rtimer_set
                0x0000000000006404       0x2c contiki-srf06-cc26xx.a(rtimer.o)
                0x0000000000006404                rtimer_set
 .text.rtimer_run_next
                0x0000000000006430       0x2c contiki-srf06-cc26xx.a(rtimer.o)
                0x0000000000006430                rtimer_run_next
 .text.timer_set
                0x000000000000645c       0x10 contiki-srf06-cc26xx.a(timer.o)
                0x000000000000645c                timer_set
 .text.timer_reset
                0x000000000000646c        0xc contiki-srf06-cc26xx.a(timer.o)
                0x000000000000646c                timer_reset
 .text.timer_restart
                0x0000000000006478        0xc contiki-srf06-cc26xx.a(timer.o)
                0x0000000000006478                timer_restart
 .text.timer_expired
                0x0000000000006484       0x1c contiki-srf06-cc26xx.a(timer.o)
                0x0000000000006484                timer_expired
 .text.process_thread_serial_line_process
                0x00000000000064a0       0xd8 contiki-srf06-cc26xx.a(serial-line.o)
 .text.serial_line_init
                0x0000000000006578       0x2c contiki-srf06-cc26xx.a(serial-line.o)
                0x0000000000006578                serial_line_init
 .text.list_init
                0x00000000000065a4        0x8 contiki-srf06-cc26xx.a(list.o)
                0x00000000000065a4                list_init
 .text.list_head
                0x00000000000065ac        0x4 contiki-srf06-cc26xx.a(list.o)
                0x00000000000065ac                list_head
 .text.list_add
                0x00000000000065b0       0x60 contiki-srf06-cc26xx.a(list.o)
                0x00000000000065b0                list_add
 .text.list_push
                0x0000000000006610       0x48 contiki-srf06-cc26xx.a(list.o)
                0x0000000000006610                list_push
 .text.list_remove
                0x0000000000006658       0x40 contiki-srf06-cc26xx.a(list.o)
                0x0000000000006658                list_remove
 .text.list_length
                0x0000000000006698       0x14 contiki-srf06-cc26xx.a(list.o)
                0x0000000000006698                list_length
 .text.list_item_next
                0x00000000000066ac        0x8 contiki-srf06-cc26xx.a(list.o)
                0x00000000000066ac                list_item_next
 .text.ringbuf_init
                0x00000000000066b4       0x10 contiki-srf06-cc26xx.a(ringbuf.o)
                0x00000000000066b4                ringbuf_init
 .text.ringbuf_get
                0x00000000000066c4       0x28 contiki-srf06-cc26xx.a(ringbuf.o)
                0x00000000000066c4                ringbuf_get
 .text.sicslowpan_init
                0x00000000000066ec       0x28 contiki-srf06-cc26xx.a(sicslowpan.o)
                0x00000000000066ec                sicslowpan_init
 .text.compress_addr_64
                0x0000000000006714       0xa4 contiki-srf06-cc26xx.a(sicslowpan.o)
 .text.set_packet_attrs
                0x00000000000067b8       0x4c contiki-srf06-cc26xx.a(sicslowpan.o)
 .text.addr_context_lookup_by_prefix
                0x0000000000006804       0x28 contiki-srf06-cc26xx.a(sicslowpan.o)
 .text.send_packet
                0x000000000000682c       0x28 contiki-srf06-cc26xx.a(sicslowpan.o)
 .text.packet_sent
                0x0000000000006854       0x2c contiki-srf06-cc26xx.a(sicslowpan.o)
 .text.store_fragment
                0x0000000000006880       0x78 contiki-srf06-cc26xx.a(sicslowpan.o)
 .text.add_fragment
                0x00000000000068f8      0x1cc contiki-srf06-cc26xx.a(sicslowpan.o)
 .text.uncompress_addr
                0x0000000000006ac4       0x8c contiki-srf06-cc26xx.a(sicslowpan.o)
 .text.input    0x0000000000006b50      0x704 contiki-srf06-cc26xx.a(sicslowpan.o)
 .text.output   0x0000000000007254      0x7dc contiki-srf06-cc26xx.a(sicslowpan.o)
 .text.chksum   0x0000000000007a30       0x50 contiki-srf06-cc26xx.a(uip6.o)
 .text.upper_layer_chksum
                0x0000000000007a80       0x5c contiki-srf06-cc26xx.a(uip6.o)
 .text.ext_hdr_options_process
                0x0000000000007adc       0xd4 contiki-srf06-cc26xx.a(uip6.o)
 .text.uip_add32
                0x0000000000007bb0       0x60 contiki-srf06-cc26xx.a(uip6.o)
                0x0000000000007bb0                uip_add32
 .text.unlikely.uip_add_rcv_nxt
                0x0000000000007c10       0x34 contiki-srf06-cc26xx.a(uip6.o)
 .text.uip_icmp6chksum
                0x0000000000007c44        0x8 contiki-srf06-cc26xx.a(uip6.o)
                0x0000000000007c44                uip_icmp6chksum
 .text.uip_init
                0x0000000000007c4c       0x60 contiki-srf06-cc26xx.a(uip6.o)
                0x0000000000007c4c                uip_init
 .text.remove_ext_hdr
                0x0000000000007cac       0x64 contiki-srf06-cc26xx.a(uip6.o)
                0x0000000000007cac                remove_ext_hdr
 .text.uip_unlisten
                0x0000000000007d10       0x28 contiki-srf06-cc26xx.a(uip6.o)
                0x0000000000007d10                uip_unlisten
 .text.uip_process
                0x0000000000007d38     0x1278 contiki-srf06-cc26xx.a(uip6.o)
                0x0000000000007d38                uip_process
 .text.uip_htonl
                0x0000000000008fb0       0x14 contiki-srf06-cc26xx.a(uip6.o)
                0x0000000000008fb0                uip_htonl
 .text.uip_ds6_list_loop
                0x0000000000008fc4       0x68 contiki-srf06-cc26xx.a(uip-ds6.o)
                0x0000000000008fc4                uip_ds6_list_loop
 .text.uip_ds6_prefix_add
                0x000000000000902c       0x70 contiki-srf06-cc26xx.a(uip-ds6.o)
                0x000000000000902c                uip_ds6_prefix_add
 .text.uip_ds6_is_addr_onlink
                0x000000000000909c       0x4c contiki-srf06-cc26xx.a(uip-ds6.o)
                0x000000000000909c                uip_ds6_is_addr_onlink
 .text.uip_ds6_addr_lookup
                0x00000000000090e8       0x30 contiki-srf06-cc26xx.a(uip-ds6.o)
                0x00000000000090e8                uip_ds6_addr_lookup
 .text.uip_ds6_get_link_local
                0x0000000000009118       0x50 contiki-srf06-cc26xx.a(uip-ds6.o)
                0x0000000000009118                uip_ds6_get_link_local
 .text.uip_ds6_maddr_add
                0x0000000000009168       0x50 contiki-srf06-cc26xx.a(uip-ds6.o)
                0x0000000000009168                uip_ds6_maddr_add
 .text.uip_ds6_addr_add
                0x00000000000091b8       0xac contiki-srf06-cc26xx.a(uip-ds6.o)
                0x00000000000091b8                uip_ds6_addr_add
 .text.uip_ds6_maddr_lookup
                0x0000000000009264       0x30 contiki-srf06-cc26xx.a(uip-ds6.o)
                0x0000000000009264                uip_ds6_maddr_lookup
 .text.uip_ds6_addr_rm
                0x0000000000009294       0x4c contiki-srf06-cc26xx.a(uip-ds6.o)
                0x0000000000009294                uip_ds6_addr_rm
 .text.uip_ds6_periodic
                0x00000000000092e0       0x60 contiki-srf06-cc26xx.a(uip-ds6.o)
                0x00000000000092e0                uip_ds6_periodic
 .text.uip_ds6_select_src
                0x0000000000009340      0x104 contiki-srf06-cc26xx.a(uip-ds6.o)
                0x0000000000009340                uip_ds6_select_src
 .text.uip_ds6_set_addr_iid
                0x0000000000009444       0x14 contiki-srf06-cc26xx.a(uip-ds6.o)
                0x0000000000009444                uip_ds6_set_addr_iid
 .text.uip_ds6_compute_reachable_time
                0x0000000000009458       0x2c contiki-srf06-cc26xx.a(uip-ds6.o)
                0x0000000000009458                uip_ds6_compute_reachable_time
 .text.uip_ds6_init
                0x0000000000009484      0x100 contiki-srf06-cc26xx.a(uip-ds6.o)
                0x0000000000009484                uip_ds6_init
 .text.uip_ds6_nbr_rm
                0x0000000000009584       0x20 contiki-srf06-cc26xx.a(uip-ds6-nbr.o)
                0x0000000000009584                uip_ds6_nbr_rm
 .text.uip_ds6_neighbors_init
                0x00000000000095a4       0x20 contiki-srf06-cc26xx.a(uip-ds6-nbr.o)
                0x00000000000095a4                uip_ds6_neighbors_init
 .text.uip_ds6_nbr_add
                0x00000000000095c4       0x38 contiki-srf06-cc26xx.a(uip-ds6-nbr.o)
                0x00000000000095c4                uip_ds6_nbr_add
 .text.uip_ds6_nbr_get_ll
                0x00000000000095fc       0x10 contiki-srf06-cc26xx.a(uip-ds6-nbr.o)
                0x00000000000095fc                uip_ds6_nbr_get_ll
 .text.uip_ds6_nbr_lookup
                0x000000000000960c       0x3c contiki-srf06-cc26xx.a(uip-ds6-nbr.o)
                0x000000000000960c                uip_ds6_nbr_lookup
 .text.uip_ds6_nbr_ipaddr_from_lladdr
                0x0000000000009648       0x10 contiki-srf06-cc26xx.a(uip-ds6-nbr.o)
                0x0000000000009648                uip_ds6_nbr_ipaddr_from_lladdr
 .text.uip_ds6_nbr_lladdr_from_ipaddr
                0x0000000000009658       0x20 contiki-srf06-cc26xx.a(uip-ds6-nbr.o)
                0x0000000000009658                uip_ds6_nbr_lladdr_from_ipaddr
 .text.uip_ds6_link_neighbor_callback
                0x0000000000009678       0x38 contiki-srf06-cc26xx.a(uip-ds6-nbr.o)
                0x0000000000009678                uip_ds6_link_neighbor_callback
 .text.call_route_callback
                0x00000000000096b0       0x54 contiki-srf06-cc26xx.a(uip-ds6-route.o)
 .text.uip_ds6_route_init
                0x0000000000009704       0x58 contiki-srf06-cc26xx.a(uip-ds6-route.o)
                0x0000000000009704                uip_ds6_route_init
 .text.uip_ds6_route_nexthop
                0x000000000000975c       0x20 contiki-srf06-cc26xx.a(uip-ds6-route.o)
                0x000000000000975c                uip_ds6_route_nexthop
 .text.uip_ds6_route_head
                0x000000000000977c        0xc contiki-srf06-cc26xx.a(uip-ds6-route.o)
                0x000000000000977c                uip_ds6_route_head
 .text.uip_ds6_route_next
                0x0000000000009788        0x8 contiki-srf06-cc26xx.a(uip-ds6-route.o)
                0x0000000000009788                uip_ds6_route_next
 .text.uip_ds6_route_is_nexthop
                0x0000000000009790       0x20 contiki-srf06-cc26xx.a(uip-ds6-route.o)
                0x0000000000009790                uip_ds6_route_is_nexthop
 .text.uip_ds6_route_lookup
                0x00000000000097b0       0x88 contiki-srf06-cc26xx.a(uip-ds6-route.o)
                0x00000000000097b0                uip_ds6_route_lookup
 .text.uip_ds6_route_rm
                0x0000000000009838       0xb4 contiki-srf06-cc26xx.a(uip-ds6-route.o)
                0x0000000000009838                uip_ds6_route_rm
 .text.rm_routelist
                0x00000000000098ec       0x34 contiki-srf06-cc26xx.a(uip-ds6-route.o)
 .text.rm_routelist_callback
                0x0000000000009920        0x4 contiki-srf06-cc26xx.a(uip-ds6-route.o)
 .text.uip_ds6_route_add
                0x0000000000009924      0x13c contiki-srf06-cc26xx.a(uip-ds6-route.o)
                0x0000000000009924                uip_ds6_route_add
 .text.uip_ds6_defrt_rm
                0x0000000000009a60       0x50 contiki-srf06-cc26xx.a(uip-ds6-route.o)
                0x0000000000009a60                uip_ds6_defrt_rm
 .text.uip_ds6_defrt_lookup
                0x0000000000009ab0       0x38 contiki-srf06-cc26xx.a(uip-ds6-route.o)
                0x0000000000009ab0                uip_ds6_defrt_lookup
 .text.uip_ds6_defrt_add
                0x0000000000009ae8       0x60 contiki-srf06-cc26xx.a(uip-ds6-route.o)
                0x0000000000009ae8                uip_ds6_defrt_add
 .text.uip_ds6_defrt_choose
                0x0000000000009b48       0x38 contiki-srf06-cc26xx.a(uip-ds6-route.o)
                0x0000000000009b48                uip_ds6_defrt_choose
 .text.uip_ds6_defrt_periodic
                0x0000000000009b80       0x44 contiki-srf06-cc26xx.a(uip-ds6-route.o)
                0x0000000000009b80                uip_ds6_defrt_periodic
 .text.echo_reply_input
                0x0000000000009bc4       0xb0 contiki-srf06-cc26xx.a(uip-icmp6.o)
 .text.echo_request_input
                0x0000000000009c74       0xc0 contiki-srf06-cc26xx.a(uip-icmp6.o)
 .text.uip_icmp6_input
                0x0000000000009d34       0x44 contiki-srf06-cc26xx.a(uip-icmp6.o)
                0x0000000000009d34                uip_icmp6_input
 .text.uip_icmp6_register_input_handler
                0x0000000000009d78       0x10 contiki-srf06-cc26xx.a(uip-icmp6.o)
                0x0000000000009d78                uip_icmp6_register_input_handler
 .text.uip_icmp6_error_output
                0x0000000000009d88      0x198 contiki-srf06-cc26xx.a(uip-icmp6.o)
                0x0000000000009d88                uip_icmp6_error_output
 .text.uip_icmp6_send
                0x0000000000009f20       0x94 contiki-srf06-cc26xx.a(uip-icmp6.o)
                0x0000000000009f20                uip_icmp6_send
 .text.uip_icmp6_init
                0x0000000000009fb4       0x2c contiki-srf06-cc26xx.a(uip-icmp6.o)
                0x0000000000009fb4                uip_icmp6_init
 .text.uip_nd6_init
                0x0000000000009fe0        0x4 contiki-srf06-cc26xx.a(uip-nd6.o)
                0x0000000000009fe0                uip_nd6_init
 .text.start_periodic_tcp_timer
                0x0000000000009fe4       0x24 contiki-srf06-cc26xx.a(tcpip.o)
 .text.tcpip_set_outputfunc
                0x000000000000a008        0xc contiki-srf06-cc26xx.a(tcpip.o)
                0x000000000000a008                tcpip_set_outputfunc
 .text.tcpip_icmp6_call
                0x000000000000a014       0x30 contiki-srf06-cc26xx.a(tcpip.o)
                0x000000000000a014                tcpip_icmp6_call
 .text.tcpip_input
                0x000000000000a044       0x2c contiki-srf06-cc26xx.a(tcpip.o)
                0x000000000000a044                tcpip_input
 .text.tcpip_ipv6_output
                0x000000000000a070       0xdc contiki-srf06-cc26xx.a(tcpip.o)
                0x000000000000a070                tcpip_ipv6_output
 .text.process_thread_tcpip_process
                0x000000000000a14c      0x204 contiki-srf06-cc26xx.a(tcpip.o)
 .text.tcpip_uipcall
                0x000000000000a350       0x78 contiki-srf06-cc26xx.a(tcpip.o)
                0x000000000000a350                tcpip_uipcall
 .text.uip_debug_ipaddr_print
                0x000000000000a3c8       0xbc contiki-srf06-cc26xx.a(uip-debug.o)
                0x000000000000a3c8                uip_debug_ipaddr_print
 .text.rpl_get_mode
                0x000000000000a484        0xc contiki-srf06-cc26xx.a(rpl.o)
                0x000000000000a484                rpl_get_mode
 .text.rpl_purge_routes
                0x000000000000a490       0x7c contiki-srf06-cc26xx.a(rpl.o)
                0x000000000000a490                rpl_purge_routes
 .text.rpl_remove_routes
                0x000000000000a50c       0x2c contiki-srf06-cc26xx.a(rpl.o)
                0x000000000000a50c                rpl_remove_routes
 .text.rpl_remove_routes_by_nexthop
                0x000000000000a538       0x38 contiki-srf06-cc26xx.a(rpl.o)
                0x000000000000a538                rpl_remove_routes_by_nexthop
 .text.rpl_add_route
                0x000000000000a570       0x30 contiki-srf06-cc26xx.a(rpl.o)
                0x000000000000a570                rpl_add_route
 .text.rpl_link_neighbor_callback
                0x000000000000a5a0       0x60 contiki-srf06-cc26xx.a(rpl.o)
                0x000000000000a5a0                rpl_link_neighbor_callback
 .text.rpl_ipv6_neighbor_callback
                0x000000000000a600       0x30 contiki-srf06-cc26xx.a(rpl.o)
                0x000000000000a600                rpl_ipv6_neighbor_callback
 .text.rpl_purge_dags
                0x000000000000a630       0x44 contiki-srf06-cc26xx.a(rpl.o)
                0x000000000000a630                rpl_purge_dags
 .text.rpl_init
                0x000000000000a674       0x50 contiki-srf06-cc26xx.a(rpl.o)
                0x000000000000a674                rpl_init
 .text.rpl_set_preferred_parent
                0x000000000000a6c4       0x28 contiki-srf06-cc26xx.a(rpl-dag.o)
 .text.set_ip_from_prefix
                0x000000000000a6ec       0x30 contiki-srf06-cc26xx.a(rpl-dag.o)
 .text.check_prefix
                0x000000000000a71c       0x70 contiki-srf06-cc26xx.a(rpl-dag.o)
 .text.find_parent_any_dag_any_instance
                0x000000000000a78c       0x20 contiki-srf06-cc26xx.a(rpl-dag.o)
 .text.lollipop_greater_than
                0x000000000000a7ac       0x3c contiki-srf06-cc26xx.a(rpl-dag.o)
 .text.rpl_dag_init
                0x000000000000a7e8       0x18 contiki-srf06-cc26xx.a(rpl-dag.o)
                0x000000000000a7e8                rpl_dag_init
 .text.rpl_get_parent
                0x000000000000a800       0x10 contiki-srf06-cc26xx.a(rpl-dag.o)
                0x000000000000a800                rpl_get_parent
 .text.rpl_rank_via_parent
                0x000000000000a810       0x20 contiki-srf06-cc26xx.a(rpl-dag.o)
                0x000000000000a810                rpl_rank_via_parent
 .text.rpl_get_parent_ipaddr
                0x000000000000a830       0x1c contiki-srf06-cc26xx.a(rpl-dag.o)
                0x000000000000a830                rpl_get_parent_ipaddr
 .text.rpl_get_parent_link_stats
                0x000000000000a84c       0x1c contiki-srf06-cc26xx.a(rpl-dag.o)
                0x000000000000a84c                rpl_get_parent_link_stats
 .text.best_parent
                0x000000000000a868       0x7c contiki-srf06-cc26xx.a(rpl-dag.o)
 .text.rpl_parent_is_fresh
                0x000000000000a8e4       0x10 contiki-srf06-cc26xx.a(rpl-dag.o)
                0x000000000000a8e4                rpl_parent_is_fresh
 .text.rpl_parent_is_reachable
                0x000000000000a8f4       0x40 contiki-srf06-cc26xx.a(rpl-dag.o)
                0x000000000000a8f4                rpl_parent_is_reachable
 .text.rpl_repair_root
                0x000000000000a934       0x68 contiki-srf06-cc26xx.a(rpl-dag.o)
                0x000000000000a934                rpl_repair_root
 .text.rpl_set_prefix
                0x000000000000a99c       0x94 contiki-srf06-cc26xx.a(rpl-dag.o)
                0x000000000000a99c                rpl_set_prefix
 .text.rpl_set_default_route
                0x000000000000aa30       0x30 contiki-srf06-cc26xx.a(rpl-dag.o)
                0x000000000000aa30                rpl_set_default_route
 .text.rpl_alloc_instance
                0x000000000000aa60       0x34 contiki-srf06-cc26xx.a(rpl-dag.o)
                0x000000000000aa60                rpl_alloc_instance
 .text.rpl_alloc_dag
                0x000000000000aa94       0x60 contiki-srf06-cc26xx.a(rpl-dag.o)
                0x000000000000aa94                rpl_alloc_dag
 .text.rpl_add_parent
                0x000000000000aaf4       0x30 contiki-srf06-cc26xx.a(rpl-dag.o)
                0x000000000000aaf4                rpl_add_parent
 .text.rpl_find_parent
                0x000000000000ab24       0x18 contiki-srf06-cc26xx.a(rpl-dag.o)
                0x000000000000ab24                rpl_find_parent
 .text.rpl_find_parent_any_dag
                0x000000000000ab3c       0x1c contiki-srf06-cc26xx.a(rpl-dag.o)
                0x000000000000ab3c                rpl_find_parent_any_dag
 .text.rpl_select_parent
                0x000000000000ab58       0x58 contiki-srf06-cc26xx.a(rpl-dag.o)
                0x000000000000ab58                rpl_select_parent
 .text.rpl_select_dag
                0x000000000000abb0      0x184 contiki-srf06-cc26xx.a(rpl-dag.o)
                0x000000000000abb0                rpl_select_dag
 .text.rpl_nullify_parent
                0x000000000000ad34       0x58 contiki-srf06-cc26xx.a(rpl-dag.o)
                0x000000000000ad34                rpl_nullify_parent
 .text.rpl_remove_parent
                0x000000000000ad8c       0x1c contiki-srf06-cc26xx.a(rpl-dag.o)
                0x000000000000ad8c                rpl_remove_parent
 .text.nbr_callback
                0x000000000000ada8        0x4 contiki-srf06-cc26xx.a(rpl-dag.o)
 .text.remove_parents.constprop.5
                0x000000000000adac       0x44 contiki-srf06-cc26xx.a(rpl-dag.o)
 .text.rpl_free_dag
                0x000000000000adf0       0x3c contiki-srf06-cc26xx.a(rpl-dag.o)
                0x000000000000adf0                rpl_free_dag
 .text.rpl_move_parent
                0x000000000000ae2c       0x58 contiki-srf06-cc26xx.a(rpl-dag.o)
                0x000000000000ae2c                rpl_move_parent
 .text.rpl_get_any_dag
                0x000000000000ae84       0x1c contiki-srf06-cc26xx.a(rpl-dag.o)
                0x000000000000ae84                rpl_get_any_dag
 .text.rpl_get_instance
                0x000000000000aea0       0x20 contiki-srf06-cc26xx.a(rpl-dag.o)
                0x000000000000aea0                rpl_get_instance
 .text.rpl_join_instance
                0x000000000000aec0      0x15c contiki-srf06-cc26xx.a(rpl-dag.o)
                0x000000000000aec0                rpl_join_instance
 .text.rpl_local_repair
                0x000000000000b01c       0x8c contiki-srf06-cc26xx.a(rpl-dag.o)
                0x000000000000b01c                rpl_local_repair
 .text.rpl_process_parent_event
                0x000000000000b0a8       0xa0 contiki-srf06-cc26xx.a(rpl-dag.o)
                0x000000000000b0a8                rpl_process_parent_event
 .text.rpl_add_dag
                0x000000000000b148      0x150 contiki-srf06-cc26xx.a(rpl-dag.o)
                0x000000000000b148                rpl_add_dag
 .text.rpl_recalculate_ranks
                0x000000000000b298       0x48 contiki-srf06-cc26xx.a(rpl-dag.o)
                0x000000000000b298                rpl_recalculate_ranks
 .text.rpl_process_dio
                0x000000000000b2e0      0x36c contiki-srf06-cc26xx.a(rpl-dag.o)
                0x000000000000b2e0                rpl_process_dio
 .text.update_hbh_header
                0x000000000000b64c       0xd0 contiki-srf06-cc26xx.a(rpl-ext-header.)
 .text.insert_hbh_header.isra.0
                0x000000000000b71c       0xbc contiki-srf06-cc26xx.a(rpl-ext-header.)
 .text.rpl_verify_hbh_header
                0x000000000000b7d8      0x100 contiki-srf06-cc26xx.a(rpl-ext-header.)
                0x000000000000b7d8                rpl_verify_hbh_header
 .text.rpl_remove_header
                0x000000000000b8d8       0x8c contiki-srf06-cc26xx.a(rpl-ext-header.)
                0x000000000000b8d8                rpl_remove_header
 .text.rpl_update_header
                0x000000000000b964       0x70 contiki-srf06-cc26xx.a(rpl-ext-header.)
                0x000000000000b964                rpl_update_header
 .text.get32    0x000000000000b9d4       0x18 contiki-srf06-cc26xx.a(rpl-icmp6.o)
 .text.dao_ack_input
                0x000000000000b9ec       0x18 contiki-srf06-cc26xx.a(rpl-icmp6.o)
 .text.dao_output_target_seq
                0x000000000000ba04      0x120 contiki-srf06-cc26xx.a(rpl-icmp6.o)
 .text.dio_input
                0x000000000000bb24      0x29c contiki-srf06-cc26xx.a(rpl-icmp6.o)
 .text.rpl_icmp6_update_nbr_table
                0x000000000000bdc0       0x38 contiki-srf06-cc26xx.a(rpl-icmp6.o)
                0x000000000000bdc0                rpl_icmp6_update_nbr_table
 .text.dao_input
                0x000000000000bdf8      0x2f8 contiki-srf06-cc26xx.a(rpl-icmp6.o)
 .text.dis_output
                0x000000000000c0f0       0x5c contiki-srf06-cc26xx.a(rpl-icmp6.o)
                0x000000000000c0f0                dis_output
 .text.dio_output
                0x000000000000c14c      0x2fc contiki-srf06-cc26xx.a(rpl-icmp6.o)
                0x000000000000c14c                dio_output
 .text.dis_input
                0x000000000000c448       0x5c contiki-srf06-cc26xx.a(rpl-icmp6.o)
 .text.dao_output
                0x000000000000c4a4       0xa0 contiki-srf06-cc26xx.a(rpl-icmp6.o)
                0x000000000000c4a4                dao_output
 .text.dao_output_target
                0x000000000000c544       0x10 contiki-srf06-cc26xx.a(rpl-icmp6.o)
                0x000000000000c544                dao_output_target
 .text.rpl_icmp6_register_handlers
                0x000000000000c554       0x38 contiki-srf06-cc26xx.a(rpl-icmp6.o)
                0x000000000000c554                rpl_icmp6_register_handlers
 .text.reset    0x000000000000c58c        0x4 contiki-srf06-cc26xx.a(rpl-mrhof.o)
 .text.update_metric_container
                0x000000000000c590        0x8 contiki-srf06-cc26xx.a(rpl-mrhof.o)
 .text.parent_link_metric
                0x000000000000c598       0x14 contiki-srf06-cc26xx.a(rpl-mrhof.o)
 .text.parent_has_usable_link
                0x000000000000c5ac       0x18 contiki-srf06-cc26xx.a(rpl-mrhof.o)
 .text.best_dag
                0x000000000000c5c4       0x2c contiki-srf06-cc26xx.a(rpl-mrhof.o)
 .text.parent_path_cost
                0x000000000000c5f0       0x44 contiki-srf06-cc26xx.a(rpl-mrhof.o)
 .text.parent_is_acceptable
                0x000000000000c634       0x30 contiki-srf06-cc26xx.a(rpl-mrhof.o)
 .text.rank_via_parent
                0x000000000000c664       0x34 contiki-srf06-cc26xx.a(rpl-mrhof.o)
 .text.best_parent
                0x000000000000c698       0x68 contiki-srf06-cc26xx.a(rpl-mrhof.o)
 .text.new_dio_interval
                0x000000000000c700       0x68 contiki-srf06-cc26xx.a(rpl-timers.o)
 .text.handle_periodic_timer
                0x000000000000c768       0x60 contiki-srf06-cc26xx.a(rpl-timers.o)
 .text.set_dao_lifetime_timer
                0x000000000000c7c8       0x50 contiki-srf06-cc26xx.a(rpl-timers.o)
 .text.handle_unicast_dio_timer
                0x000000000000c818       0x1c contiki-srf06-cc26xx.a(rpl-timers.o)
 .text.handle_dio_timer
                0x000000000000c834       0x94 contiki-srf06-cc26xx.a(rpl-timers.o)
 .text.schedule_dao
                0x000000000000c8c8       0x54 contiki-srf06-cc26xx.a(rpl-timers.o)
 .text.handle_dao_timer
                0x000000000000c91c       0x60 contiki-srf06-cc26xx.a(rpl-timers.o)
 .text.rpl_reset_periodic_timer
                0x000000000000c97c       0x44 contiki-srf06-cc26xx.a(rpl-timers.o)
                0x000000000000c97c                rpl_reset_periodic_timer
 .text.rpl_reset_dio_timer
                0x000000000000c9c0       0x1c contiki-srf06-cc26xx.a(rpl-timers.o)
                0x000000000000c9c0                rpl_reset_dio_timer
 .text.rpl_schedule_dao
                0x000000000000c9dc        0x8 contiki-srf06-cc26xx.a(rpl-timers.o)
                0x000000000000c9dc                rpl_schedule_dao
 .text.rpl_schedule_unicast_dio_immediately
                0x000000000000c9e4       0x14 contiki-srf06-cc26xx.a(rpl-timers.o)
                0x000000000000c9e4                rpl_schedule_unicast_dio_immediately
 .text.get_probing_delay
                0x000000000000c9f8       0x50 contiki-srf06-cc26xx.a(rpl-timers.o)
                0x000000000000c9f8                get_probing_delay
 .text.get_probing_target
                0x000000000000ca48       0xf4 contiki-srf06-cc26xx.a(rpl-timers.o)
                0x000000000000ca48                get_probing_target
 .text.rpl_schedule_probing
                0x000000000000cb3c       0x24 contiki-srf06-cc26xx.a(rpl-timers.o)
                0x000000000000cb3c                rpl_schedule_probing
 .text.handle_probing_timer
                0x000000000000cb60       0x34 contiki-srf06-cc26xx.a(rpl-timers.o)
 .text.SafeHapiVoid
                0x000000000000cb94       0x34 contiki-srf06-cc26xx.a(adi.o)
                0x000000000000cb94                SafeHapiVoid
 .text.NOROM_AONBatMonTemperatureGetDegC
                0x000000000000cbc8       0x38 contiki-srf06-cc26xx.a(aon_batmon.o)
                0x000000000000cbc8                NOROM_AONBatMonTemperatureGetDegC
 .text.NOROM_AONRTCCurrentCompareValueGet
                0x000000000000cc00       0x28 contiki-srf06-cc26xx.a(aon_rtc.o)
                0x000000000000cc00                NOROM_AONRTCCurrentCompareValueGet
 .text.NOROM_ChipInfo_GetSupportedProtocol_BV
                0x000000000000cc28       0x10 contiki-srf06-cc26xx.a(chipinfo.o)
                0x000000000000cc28                NOROM_ChipInfo_GetSupportedProtocol_BV
 .text.NOROM_ChipInfo_GetChipFamily
                0x000000000000cc38       0x50 contiki-srf06-cc26xx.a(chipinfo.o)
                0x000000000000cc38                NOROM_ChipInfo_GetChipFamily
 .text.NOROM_ChipInfo_GetChipType
                0x000000000000cc88       0x5c contiki-srf06-cc26xx.a(chipinfo.o)
                0x000000000000cc88                NOROM_ChipInfo_GetChipType
 .text.NOROM_ChipInfo_GetHwRevision
                0x000000000000cce4       0x94 contiki-srf06-cc26xx.a(chipinfo.o)
                0x000000000000cce4                NOROM_ChipInfo_GetHwRevision
 .text.NOROM_ThisCodeIsBuiltForCC26xxHwRev22AndLater_HaltIfViolated
                0x000000000000cd78       0x14 contiki-srf06-cc26xx.a(chipinfo.o)
                0x000000000000cd78                NOROM_ThisCodeIsBuiltForCC26xxHwRev22AndLater_HaltIfViolated
 .text.NOROM_CPUcpsid
                0x000000000000cd8c        0x8 contiki-srf06-cc26xx.a(cpu.o)
                0x000000000000cd8c                NOROM_CPUcpsid
 .text.NOROM_CPUcpsie
                0x000000000000cd94        0x8 contiki-srf06-cc26xx.a(cpu.o)
                0x000000000000cd94                NOROM_CPUcpsie
 .text.NOROM_CPUdelay
                0x000000000000cd9c        0x8 contiki-srf06-cc26xx.a(cpu.o)
                0x000000000000cd9c                NOROM_CPUdelay
 .text.NOROM_DDI32RegWrite
                0x000000000000cda4       0x3c contiki-srf06-cc26xx.a(ddi.o)
                0x000000000000cda4                NOROM_DDI32RegWrite
 .text.NOROM_DDI16BitfieldWrite
                0x000000000000cde0       0x50 contiki-srf06-cc26xx.a(ddi.o)
                0x000000000000cde0                NOROM_DDI16BitfieldWrite
 .text.NOROM_DDI16BitfieldRead
                0x000000000000ce30       0x54 contiki-srf06-cc26xx.a(ddi.o)
                0x000000000000ce30                NOROM_DDI16BitfieldRead
 .text.NOROM_OSCClockSourceSet
                0x000000000000ce84       0x60 contiki-srf06-cc26xx.a(osc.o)
                0x000000000000ce84                NOROM_OSCClockSourceSet
 .text.NOROM_OSCClockSourceGet
                0x000000000000cee4       0x24 contiki-srf06-cc26xx.a(osc.o)
                0x000000000000cee4                NOROM_OSCClockSourceGet
 .text.NOROM_PowerCtrlSourceSet
                0x000000000000cf08       0x34 contiki-srf06-cc26xx.a(pwr_ctrl.o)
                0x000000000000cf08                NOROM_PowerCtrlSourceSet
 .text.TrimAfterColdResetWakeupFromShutDown
                0x000000000000cf3c      0x104 contiki-srf06-cc26xx.a(setup.o)
 .text.NOROM_SetupTrimDevice
                0x000000000000d040       0xb4 contiki-srf06-cc26xx.a(setup.o)
                0x000000000000d040                NOROM_SetupTrimDevice
 .text.NOROM_SetupAfterColdResetWakeupFromShutDownCfg1
                0x000000000000d0f4       0x80 contiki-srf06-cc26xx.a(setup_rom.o)
                0x000000000000d0f4                NOROM_SetupAfterColdResetWakeupFromShutDownCfg1
 .text.NOROM_SetupAfterColdResetWakeupFromShutDownCfg3
                0x000000000000d174      0x1f0 contiki-srf06-cc26xx.a(setup_rom.o)
                0x000000000000d174                NOROM_SetupAfterColdResetWakeupFromShutDownCfg3
 .text.NOROM_SetupGetTrimForAnabypassValue1
                0x000000000000d364       0x64 contiki-srf06-cc26xx.a(setup_rom.o)
                0x000000000000d364                NOROM_SetupGetTrimForAnabypassValue1
 .text.NOROM_SetupGetTrimForAmpcompCtrl
                0x000000000000d3c8       0x78 contiki-srf06-cc26xx.a(setup_rom.o)
                0x000000000000d3c8                NOROM_SetupGetTrimForAmpcompCtrl
 .text.NOROM_SetupAfterColdResetWakeupFromShutDownCfg2
                0x000000000000d440      0x220 contiki-srf06-cc26xx.a(setup_rom.o)
                0x000000000000d440                NOROM_SetupAfterColdResetWakeupFromShutDownCfg2
 .text.NOROM_SetupSetCacheModeAccordingToCcfgSetting
                0x000000000000d660       0x78 contiki-srf06-cc26xx.a(setup_rom.o)
                0x000000000000d660                NOROM_SetupSetCacheModeAccordingToCcfgSetting
 .text.NOROM_SysCtrlSetRechargeBeforePowerDown
                0x000000000000d6d8      0x2b0 contiki-srf06-cc26xx.a(sys_ctrl.o)
                0x000000000000d6d8                NOROM_SysCtrlSetRechargeBeforePowerDown
 .text.NOROM_SysCtrlAdjustRechargeAfterPowerDown
                0x000000000000d988       0x80 contiki-srf06-cc26xx.a(sys_ctrl.o)
                0x000000000000d988                NOROM_SysCtrlAdjustRechargeAfterPowerDown
 .text.NOROM_SysCtrl_DCDC_VoltageConditionalControl
                0x000000000000da08       0x88 contiki-srf06-cc26xx.a(sys_ctrl.o)
                0x000000000000da08                NOROM_SysCtrl_DCDC_VoltageConditionalControl
 .text.NOROM_TRNGConfigure
                0x000000000000da90       0x3c contiki-srf06-cc26xx.a(trng.o)
                0x000000000000da90                NOROM_TRNGConfigure
 .text.linkaddr_copy
                0x000000000000dacc        0xc contiki-srf06-cc26xx.a(linkaddr.o)
                0x000000000000dacc                linkaddr_copy
 .text.linkaddr_cmp
                0x000000000000dad8       0x14 contiki-srf06-cc26xx.a(linkaddr.o)
                0x000000000000dad8                linkaddr_cmp
 .text.periodic
                0x000000000000daec       0x38 contiki-srf06-cc26xx.a(link-stats.o)
 .text.link_stats_from_lladdr
                0x000000000000db24       0x10 contiki-srf06-cc26xx.a(link-stats.o)
                0x000000000000db24                link_stats_from_lladdr
 .text.link_stats_is_fresh
                0x000000000000db34       0x24 contiki-srf06-cc26xx.a(link-stats.o)
                0x000000000000db34                link_stats_is_fresh
 .text.link_stats_packet_sent
                0x000000000000db58       0x94 contiki-srf06-cc26xx.a(link-stats.o)
                0x000000000000db58                link_stats_packet_sent
 .text.link_stats_input_callback
                0x000000000000dbec       0x68 contiki-srf06-cc26xx.a(link-stats.o)
                0x000000000000dbec                link_stats_input_callback
 .text.link_stats_init
                0x000000000000dc54       0x30 contiki-srf06-cc26xx.a(link-stats.o)
                0x000000000000dc54                link_stats_init
 .text.nbr_set_bit
                0x000000000000dc84       0x4c contiki-srf06-cc26xx.a(nbr-table.o)
 .text.index_from_lladdr
                0x000000000000dcd0       0x58 contiki-srf06-cc26xx.a(nbr-table.o)
 .text.nbr_get_bit.constprop.0
                0x000000000000dd28       0x38 contiki-srf06-cc26xx.a(nbr-table.o)
 .text.remove_key
                0x000000000000dd60       0xa4 contiki-srf06-cc26xx.a(nbr-table.o)
 .text.nbr_table_register
                0x000000000000de04       0x30 contiki-srf06-cc26xx.a(nbr-table.o)
                0x000000000000de04                nbr_table_register
 .text.nbr_table_next
                0x000000000000de34       0x84 contiki-srf06-cc26xx.a(nbr-table.o)
                0x000000000000de34                nbr_table_next
 .text.nbr_table_head
                0x000000000000deb8       0x60 contiki-srf06-cc26xx.a(nbr-table.o)
                0x000000000000deb8                nbr_table_head
 .text.nbr_table_add_lladdr
                0x000000000000df18      0x198 contiki-srf06-cc26xx.a(nbr-table.o)
                0x000000000000df18                nbr_table_add_lladdr
 .text.nbr_table_get_from_lladdr
                0x000000000000e0b0       0x34 contiki-srf06-cc26xx.a(nbr-table.o)
                0x000000000000e0b0                nbr_table_get_from_lladdr
 .text.nbr_table_remove
                0x000000000000e0e4       0x30 contiki-srf06-cc26xx.a(nbr-table.o)
                0x000000000000e0e4                nbr_table_remove
 .text.nbr_table_lock
                0x000000000000e114       0x14 contiki-srf06-cc26xx.a(nbr-table.o)
                0x000000000000e114                nbr_table_lock
 .text.nbr_table_unlock
                0x000000000000e128       0x14 contiki-srf06-cc26xx.a(nbr-table.o)
                0x000000000000e128                nbr_table_unlock
 .text.nbr_table_get_lladdr
                0x000000000000e13c       0x3c contiki-srf06-cc26xx.a(nbr-table.o)
                0x000000000000e13c                nbr_table_get_lladdr
 .text.netstack_init
                0x000000000000e178       0x40 contiki-srf06-cc26xx.a(netstack.o)
                0x000000000000e178                netstack_init
 .text.packetbuf_copyto
                0x000000000000e1b8       0x54 contiki-srf06-cc26xx.a(packetbuf.o)
                0x000000000000e1b8                packetbuf_copyto
 .text.packetbuf_hdralloc
                0x000000000000e20c       0x60 contiki-srf06-cc26xx.a(packetbuf.o)
                0x000000000000e20c                packetbuf_hdralloc
 .text.packetbuf_hdrreduce
                0x000000000000e26c       0x34 contiki-srf06-cc26xx.a(packetbuf.o)
                0x000000000000e26c                packetbuf_hdrreduce
 .text.packetbuf_set_datalen
                0x000000000000e2a0        0xc contiki-srf06-cc26xx.a(packetbuf.o)
                0x000000000000e2a0                packetbuf_set_datalen
 .text.packetbuf_dataptr
                0x000000000000e2ac       0x24 contiki-srf06-cc26xx.a(packetbuf.o)
                0x000000000000e2ac                packetbuf_dataptr
 .text.packetbuf_hdrptr
                0x000000000000e2d0        0xc contiki-srf06-cc26xx.a(packetbuf.o)
                0x000000000000e2d0                packetbuf_hdrptr
 .text.packetbuf_datalen
                0x000000000000e2dc        0xc contiki-srf06-cc26xx.a(packetbuf.o)
                0x000000000000e2dc                packetbuf_datalen
 .text.packetbuf_totlen
                0x000000000000e2e8       0x28 contiki-srf06-cc26xx.a(packetbuf.o)
                0x000000000000e2e8                packetbuf_totlen
 .text.packetbuf_attr_clear
                0x000000000000e310       0x54 contiki-srf06-cc26xx.a(packetbuf.o)
                0x000000000000e310                packetbuf_attr_clear
 .text.packetbuf_clear
                0x000000000000e364       0x24 contiki-srf06-cc26xx.a(packetbuf.o)
                0x000000000000e364                packetbuf_clear
 .text.packetbuf_copyfrom
                0x000000000000e388       0x48 contiki-srf06-cc26xx.a(packetbuf.o)
                0x000000000000e388                packetbuf_copyfrom
 .text.packetbuf_attr_copyto
                0x000000000000e3d0       0x3c contiki-srf06-cc26xx.a(packetbuf.o)
                0x000000000000e3d0                packetbuf_attr_copyto
 .text.packetbuf_attr_copyfrom
                0x000000000000e40c       0x3c contiki-srf06-cc26xx.a(packetbuf.o)
                0x000000000000e40c                packetbuf_attr_copyfrom
 .text.packetbuf_set_attr
                0x000000000000e448       0x10 contiki-srf06-cc26xx.a(packetbuf.o)
                0x000000000000e448                packetbuf_set_attr
 .text.packetbuf_attr
                0x000000000000e458       0x10 contiki-srf06-cc26xx.a(packetbuf.o)
                0x000000000000e458                packetbuf_attr
 .text.packetbuf_set_addr
                0x000000000000e468       0x18 contiki-srf06-cc26xx.a(packetbuf.o)
                0x000000000000e468                packetbuf_set_addr
 .text.packetbuf_addr
                0x000000000000e480       0x10 contiki-srf06-cc26xx.a(packetbuf.o)
                0x000000000000e480                packetbuf_addr
 .text.packetbuf_holds_broadcast
                0x000000000000e490       0x14 contiki-srf06-cc26xx.a(packetbuf.o)
                0x000000000000e490                packetbuf_holds_broadcast
 .text.queuebuf_init
                0x000000000000e4a4       0x20 contiki-srf06-cc26xx.a(queuebuf.o)
                0x000000000000e4a4                queuebuf_init
 .text.queuebuf_numfree
                0x000000000000e4c4        0xc contiki-srf06-cc26xx.a(queuebuf.o)
                0x000000000000e4c4                queuebuf_numfree
 .text.queuebuf_new_from_packetbuf
                0x000000000000e4d0       0x50 contiki-srf06-cc26xx.a(queuebuf.o)
                0x000000000000e4d0                queuebuf_new_from_packetbuf
 .text.queuebuf_update_attr_from_packetbuf
                0x000000000000e520        0xc contiki-srf06-cc26xx.a(queuebuf.o)
                0x000000000000e520                queuebuf_update_attr_from_packetbuf
 .text.queuebuf_update_from_packetbuf
                0x000000000000e52c       0x1c contiki-srf06-cc26xx.a(queuebuf.o)
                0x000000000000e52c                queuebuf_update_from_packetbuf
 .text.queuebuf_free
                0x000000000000e548       0x38 contiki-srf06-cc26xx.a(queuebuf.o)
                0x000000000000e548                queuebuf_free
 .text.queuebuf_to_packetbuf
                0x000000000000e580       0x34 contiki-srf06-cc26xx.a(queuebuf.o)
                0x000000000000e580                queuebuf_to_packetbuf
 .text.queuebuf_attr
                0x000000000000e5b4        0xc contiki-srf06-cc26xx.a(queuebuf.o)
                0x000000000000e5b4                queuebuf_attr
 .text.input_packet
                0x000000000000e5c0       0x10 contiki-srf06-cc26xx.a(csma.o)
 .text.on       0x000000000000e5d0       0x10 contiki-srf06-cc26xx.a(csma.o)
 .text.off      0x000000000000e5e0       0x10 contiki-srf06-cc26xx.a(csma.o)
 .text.channel_check_interval
                0x000000000000e5f0       0x14 contiki-srf06-cc26xx.a(csma.o)
 .text.transmit_packet_list
                0x000000000000e604       0x28 contiki-srf06-cc26xx.a(csma.o)
 .text.schedule_transmission
                0x000000000000e62c       0x54 contiki-srf06-cc26xx.a(csma.o)
 .text.send_packet
                0x000000000000e680      0x180 contiki-srf06-cc26xx.a(csma.o)
 .text.init     0x000000000000e800       0x2c contiki-srf06-cc26xx.a(csma.o)
 .text.tx_done  0x000000000000e82c       0x8c contiki-srf06-cc26xx.a(csma.o)
 .text.packet_sent
                0x000000000000e8b8       0xe8 contiki-srf06-cc26xx.a(csma.o)
 .text.parse    0x000000000000e9a0       0xa0 contiki-srf06-cc26xx.a(framer-802154.o)
 .text.create_frame.isra.0
                0x000000000000ea40      0x14c contiki-srf06-cc26xx.a(framer-802154.o)
 .text.create   0x000000000000eb8c        0x8 contiki-srf06-cc26xx.a(framer-802154.o)
 .text.hdr_length
                0x000000000000eb94        0x8 contiki-srf06-cc26xx.a(framer-802154.o)
 .text.mac_call_sent_callback
                0x000000000000eb9c       0x10 contiki-srf06-cc26xx.a(mac.o)
                0x000000000000eb9c                mac_call_sent_callback
 .text.duty_cycle
                0x000000000000ebac        0x4 contiki-srf06-cc26xx.a(contikimac.o)
 .text.init     0x000000000000ebb0       0x4c contiki-srf06-cc26xx.a(contikimac.o)
 .text.on       0x000000000000ebfc       0x30 contiki-srf06-cc26xx.a(contikimac.o)
 .text.off      0x000000000000ec2c       0x3c contiki-srf06-cc26xx.a(contikimac.o)
 .text.recv_burst_off
                0x000000000000ec68       0x14 contiki-srf06-cc26xx.a(contikimac.o)
 .text.powercycle_turn_radio_off.part.2
                0x000000000000ec7c       0x14 contiki-srf06-cc26xx.a(contikimac.o)
 .text.turn_off
                0x000000000000ec90       0x44 contiki-srf06-cc26xx.a(contikimac.o)
 .text.turn_on  0x000000000000ecd4       0x48 contiki-srf06-cc26xx.a(contikimac.o)
 .text.schedule_powercycle_fixed.part.5
                0x000000000000ed1c       0x30 contiki-srf06-cc26xx.a(contikimac.o)
 .text.input_packet
                0x000000000000ed4c       0xb4 contiki-srf06-cc26xx.a(contikimac.o)
 .text.send_packet.isra.8
                0x000000000000ee00      0x250 contiki-srf06-cc26xx.a(contikimac.o)
 .text.qsend_list
                0x000000000000f050       0xd0 contiki-srf06-cc26xx.a(contikimac.o)
 .text.qsend_packet
                0x000000000000f120       0x24 contiki-srf06-cc26xx.a(contikimac.o)
 .text.powercycle_wrapper
                0x000000000000f144      0x2a0 contiki-srf06-cc26xx.a(contikimac.o)
 .text.init     0x000000000000f3e4        0x4 contiki-srf06-cc26xx.a(nullsec.o)
 .text.input    0x000000000000f3e8       0x10 contiki-srf06-cc26xx.a(nullsec.o)
 .text.send     0x000000000000f3f8       0x20 contiki-srf06-cc26xx.a(nullsec.o)
 .text.sensor_common_read_reg
                0x000000000000f418       0x1c contiki-srf06-cc26xx.a(sensor-common.o)
                0x000000000000f418                sensor_common_read_reg
 .text.sensor_common_write_reg
                0x000000000000f434       0x30 contiki-srf06-cc26xx.a(sensor-common.o)
                0x000000000000f434                sensor_common_write_reg
 .text.sensor_common_set_error_data
                0x000000000000f464       0x10 contiki-srf06-cc26xx.a(sensor-common.o)
                0x000000000000f464                sensor_common_set_error_data
 .text.verify_part
                0x000000000000f474       0x8c contiki-srf06-cc26xx.a(ext-flash.o)
 .text.wait_ready
                0x000000000000f500       0x74 contiki-srf06-cc26xx.a(ext-flash.o)
 .text.power_down
                0x000000000000f574       0x58 contiki-srf06-cc26xx.a(ext-flash.o)
 .text.ext_flash_open
                0x000000000000f5cc       0x6c contiki-srf06-cc26xx.a(ext-flash.o)
                0x000000000000f5cc                ext_flash_open
 .text.ext_flash_init
                0x000000000000f638       0x14 contiki-srf06-cc26xx.a(ext-flash.o)
                0x000000000000f638                ext_flash_init
 .text.accessible
                0x000000000000f64c       0x2c contiki-srf06-cc26xx.a(board-spi.o)
 .text.board_spi_write
                0x000000000000f678       0x40 contiki-srf06-cc26xx.a(board-spi.o)
                0x000000000000f678                board_spi_write
 .text.board_spi_read
                0x000000000000f6b8       0x4c contiki-srf06-cc26xx.a(board-spi.o)
                0x000000000000f6b8                board_spi_read
 .text.board_spi_flush
                0x000000000000f704       0x28 contiki-srf06-cc26xx.a(board-spi.o)
                0x000000000000f704                board_spi_flush
 .text.board_spi_open
                0x000000000000f72c       0xcc contiki-srf06-cc26xx.a(board-spi.o)
                0x000000000000f72c                board_spi_open
 .text.board_spi_close
                0x000000000000f7f8       0x74 contiki-srf06-cc26xx.a(board-spi.o)
                0x000000000000f7f8                board_spi_close
 .text.aux_ctrl_power_up
                0x000000000000f86c       0x2c contiki-srf06-cc26xx.a(aux-ctrl.o)
                0x000000000000f86c                aux_ctrl_power_up
 .text.aux_ctrl_register_consumer
                0x000000000000f898       0x44 contiki-srf06-cc26xx.a(aux-ctrl.o)
                0x000000000000f898                aux_ctrl_register_consumer
 .text.aux_ctrl_power_down
                0x000000000000f8dc       0x80 contiki-srf06-cc26xx.a(aux-ctrl.o)
                0x000000000000f8dc                aux_ctrl_power_down
 .text.aux_ctrl_unregister_consumer
                0x000000000000f95c       0x2c contiki-srf06-cc26xx.a(aux-ctrl.o)
                0x000000000000f95c                aux_ctrl_unregister_consumer
 .text.process_thread_rf_core_process
                0x000000000000f988       0x5c contiki-srf06-cc26xx.a(rf-core.o)
 .text.rf_core_is_accessible
                0x000000000000f9e4       0x10 contiki-srf06-cc26xx.a(rf-core.o)
                0x000000000000f9e4                rf_core_is_accessible
 .text.rf_core_send_cmd
                0x000000000000f9f4       0xac contiki-srf06-cc26xx.a(rf-core.o)
                0x000000000000f9f4                rf_core_send_cmd
 .text.rf_core_wait_cmd_done
                0x000000000000faa0       0x34 contiki-srf06-cc26xx.a(rf-core.o)
                0x000000000000faa0                rf_core_wait_cmd_done
 .text.rf_core_power_up
                0x000000000000fad4       0xc8 contiki-srf06-cc26xx.a(rf-core.o)
                0x000000000000fad4                rf_core_power_up
 .text.rf_core_start_rat
                0x000000000000fb9c       0x6c contiki-srf06-cc26xx.a(rf-core.o)
                0x000000000000fb9c                rf_core_start_rat
 .text.rf_core_stop_rat
                0x000000000000fc08       0x80 contiki-srf06-cc26xx.a(rf-core.o)
                0x000000000000fc08                rf_core_stop_rat
 .text.rf_core_power_down
                0x000000000000fc88      0x104 contiki-srf06-cc26xx.a(rf-core.o)
                0x000000000000fc88                rf_core_power_down
 .text.rf_core_set_modesel
                0x000000000000fd8c       0x54 contiki-srf06-cc26xx.a(rf-core.o)
                0x000000000000fd8c                rf_core_set_modesel
 .text.rf_core_boot
                0x000000000000fde0       0x1c contiki-srf06-cc26xx.a(rf-core.o)
                0x000000000000fde0                rf_core_boot
 .text.rf_core_restart_rat
                0x000000000000fdfc       0x20 contiki-srf06-cc26xx.a(rf-core.o)
                0x000000000000fdfc                rf_core_restart_rat
 .text.rf_core_setup_interrupts
                0x000000000000fe1c       0x80 contiki-srf06-cc26xx.a(rf-core.o)
                0x000000000000fe1c                rf_core_setup_interrupts
 .text.rf_core_cmd_done_en
                0x000000000000fe9c       0x2c contiki-srf06-cc26xx.a(rf-core.o)
                0x000000000000fe9c                rf_core_cmd_done_en
 .text.rf_core_cmd_done_dis
                0x000000000000fec8       0x18 contiki-srf06-cc26xx.a(rf-core.o)
                0x000000000000fec8                rf_core_cmd_done_dis
 .text.rf_core_get_last_radio_op
                0x000000000000fee0        0xc contiki-srf06-cc26xx.a(rf-core.o)
                0x000000000000fee0                rf_core_get_last_radio_op
 .text.rf_core_init_radio_op
                0x000000000000feec       0x1c contiki-srf06-cc26xx.a(rf-core.o)
                0x000000000000feec                rf_core_init_radio_op
 .text.rf_core_primary_mode_register
                0x000000000000ff08        0xc contiki-srf06-cc26xx.a(rf-core.o)
                0x000000000000ff08                rf_core_primary_mode_register
 .text.rf_core_primary_mode_abort
                0x000000000000ff14       0x18 contiki-srf06-cc26xx.a(rf-core.o)
                0x000000000000ff14                rf_core_primary_mode_abort
 .text.rf_core_primary_mode_restore
                0x000000000000ff2c       0x18 contiki-srf06-cc26xx.a(rf-core.o)
                0x000000000000ff2c                rf_core_primary_mode_restore
 .text.RFCCPE1IntHandler
                0x000000000000ff44       0x2c contiki-srf06-cc26xx.a(rf-core.o)
                0x000000000000ff44                RFCCPE1IntHandler
 .text.RFCCPE0IntHandler
                0x000000000000ff70       0x6c contiki-srf06-cc26xx.a(rf-core.o)
                0x000000000000ff70                RFCCPE0IntHandler
 .text.stimer_set
                0x000000000000ffdc       0x10 contiki-srf06-cc26xx.a(stimer.o)
                0x000000000000ffdc                stimer_set
 .text.stimer_expired
                0x000000000000ffec       0x24 contiki-srf06-cc26xx.a(stimer.o)
                0x000000000000ffec                stimer_expired
 .text.memb_init
                0x0000000000010010       0x24 contiki-srf06-cc26xx.a(memb.o)
                0x0000000000010010                memb_init
 .text.memb_alloc
                0x0000000000010034       0x3c contiki-srf06-cc26xx.a(memb.o)
                0x0000000000010034                memb_alloc
 .text.memb_free
                0x0000000000010070       0x44 contiki-srf06-cc26xx.a(memb.o)
                0x0000000000010070                memb_free
 .text.memb_inmemb
                0x00000000000100b4       0x1c contiki-srf06-cc26xx.a(memb.o)
                0x00000000000100b4                memb_inmemb
 .text.memb_numfree
                0x00000000000100d0       0x24 contiki-srf06-cc26xx.a(memb.o)
                0x00000000000100d0                memb_numfree
 .text.update_nbr
                0x00000000000100f4      0x130 contiki-srf06-cc26xx.a(rpl-nbr-policy.)
 .text.handle_periodic_timer
                0x0000000000010224       0x18 contiki-srf06-cc26xx.a(rpl-nbr-policy.)
 .text.find_removable_dio
                0x000000000001023c       0x44 contiki-srf06-cc26xx.a(rpl-nbr-policy.)
                0x000000000001023c                find_removable_dio
 .text.find_removable_dao
                0x0000000000010280       0x38 contiki-srf06-cc26xx.a(rpl-nbr-policy.)
                0x0000000000010280                find_removable_dao
 .text.rpl_nbr_policy_find_removable
                0x00000000000102b8       0x48 contiki-srf06-cc26xx.a(rpl-nbr-policy.)
                0x00000000000102b8                rpl_nbr_policy_find_removable
 .text.frame802154_get_pan_id
                0x0000000000010300        0xc contiki-srf06-cc26xx.a(frame802154.o)
                0x0000000000010300                frame802154_get_pan_id
 .text.frame802154_has_panid
                0x000000000001030c       0xac contiki-srf06-cc26xx.a(frame802154.o)
                0x000000000001030c                frame802154_has_panid
 .text.field_len
                0x00000000000103b8       0x9c contiki-srf06-cc26xx.a(frame802154.o)
 .text.frame802154_is_broadcast_addr
                0x0000000000010454       0x24 contiki-srf06-cc26xx.a(frame802154.o)
                0x0000000000010454                frame802154_is_broadcast_addr
 .text.frame802154_hdrlen
                0x0000000000010478       0x34 contiki-srf06-cc26xx.a(frame802154.o)
                0x0000000000010478                frame802154_hdrlen
 .text.frame802154_create
                0x00000000000104ac      0x118 contiki-srf06-cc26xx.a(frame802154.o)
                0x00000000000104ac                frame802154_create
 .text.frame802154_parse
                0x00000000000105c4      0x18c contiki-srf06-cc26xx.a(frame802154.o)
                0x00000000000105c4                frame802154_parse
 .text.mac_sequence_is_duplicate
                0x0000000000010750       0x50 contiki-srf06-cc26xx.a(mac-sequence.o)
                0x0000000000010750                mac_sequence_is_duplicate
 .text.mac_sequence_register_seqno
                0x00000000000107a0       0x70 contiki-srf06-cc26xx.a(mac-sequence.o)
                0x00000000000107a0                mac_sequence_register_seqno
 .text.exp2     0x0000000000010810       0x10 /usr/lib/gcc/arm-none-eabi/4.8.2/../../../arm-none-eabi/lib/armv7-m/libm.a(lib_a-w_exp2.o)
                0x0000000000010810                exp2
 .text.pow      0x0000000000010820      0x32c /usr/lib/gcc/arm-none-eabi/4.8.2/../../../arm-none-eabi/lib/armv7-m/libm.a(lib_a-w_pow.o)
                0x0000000000010820                pow
 .text.__ieee754_sqrt
                0x0000000000010b4c      0x180 /usr/lib/gcc/arm-none-eabi/4.8.2/../../../arm-none-eabi/lib/armv7-m/libm.a(lib_a-e_sqrt.o)
                0x0000000000010b4c                __ieee754_sqrt
 .text.fabs     0x0000000000010ccc        0x8 /usr/lib/gcc/arm-none-eabi/4.8.2/../../../arm-none-eabi/lib/armv7-m/libm.a(lib_a-s_fabs.o)
                0x0000000000010ccc                fabs
 .text.finite   0x0000000000010cd4        0xc /usr/lib/gcc/arm-none-eabi/4.8.2/../../../arm-none-eabi/lib/armv7-m/libm.a(lib_a-s_finite.o)
                0x0000000000010cd4                finite
 .text.__fpclassifyd
                0x0000000000010ce0       0x50 /usr/lib/gcc/arm-none-eabi/4.8.2/../../../arm-none-eabi/lib/armv7-m/libm.a(lib_a-s_fpclassify.o)
                0x0000000000010ce0                __fpclassifyd
 .text.matherr  0x0000000000010d30        0x4 /usr/lib/gcc/arm-none-eabi/4.8.2/../../../arm-none-eabi/lib/armv7-m/libm.a(lib_a-s_matherr.o)
                0x0000000000010d30                matherr
 .text.nan      0x0000000000010d34        0xc /usr/lib/gcc/arm-none-eabi/4.8.2/../../../arm-none-eabi/lib/armv7-m/libm.a(lib_a-s_nan.o)
                0x0000000000010d34                nan
 .text.rint     0x0000000000010d40      0x120 /usr/lib/gcc/arm-none-eabi/4.8.2/../../../arm-none-eabi/lib/armv7-m/libm.a(lib_a-s_rint.o)
                0x0000000000010d40                rint
 .text.copysign
                0x0000000000010e60       0x14 /usr/lib/gcc/arm-none-eabi/4.8.2/../../../arm-none-eabi/lib/armv7-m/libm.a(lib_a-s_copysign.o)
                0x0000000000010e60                copysign
 .text          0x0000000000010e74      0x370 /usr/lib/gcc/arm-none-eabi/4.8.2/armv7-m/libgcc.a(_arm_addsubdf3.o)
                0x0000000000010e74                __aeabi_drsub
                0x0000000000010e7c                __aeabi_dsub
                0x0000000000010e7c                __subdf3
                0x0000000000010e80                __adddf3
                0x0000000000010e80                __aeabi_dadd
                0x00000000000110f8                __aeabi_ui2d
                0x00000000000110f8                __floatunsidf
                0x0000000000011118                __floatsidf
                0x0000000000011118                __aeabi_i2d
                0x000000000001113c                __extendsfdf2
                0x000000000001113c                __aeabi_f2d
                0x0000000000011178                __aeabi_ul2d
                0x0000000000011178                __floatundidf
                0x0000000000011188                __floatdidf
                0x0000000000011188                __aeabi_l2d
 .text          0x00000000000111e4      0x424 /usr/lib/gcc/arm-none-eabi/4.8.2/armv7-m/libgcc.a(_arm_muldivdf3.o)
                0x00000000000111e4                __aeabi_dmul
                0x00000000000111e4                __muldf3
                0x0000000000011438                __aeabi_ddiv
                0x0000000000011438                __divdf3
 .text          0x0000000000011608      0x110 /usr/lib/gcc/arm-none-eabi/4.8.2/armv7-m/libgcc.a(_arm_cmpdf2.o)
                0x0000000000011608                __gtdf2
                0x0000000000011608                __gedf2
                0x0000000000011610                __ltdf2
                0x0000000000011610                __ledf2
                0x0000000000011618                __cmpdf2
                0x0000000000011618                __eqdf2
                0x0000000000011618                __nedf2
                0x0000000000011694                __aeabi_cdrcmple
                0x00000000000116a4                __aeabi_cdcmple
                0x00000000000116a4                __aeabi_cdcmpeq
                0x00000000000116b4                __aeabi_dcmpeq
                0x00000000000116c8                __aeabi_dcmplt
                0x00000000000116dc                __aeabi_dcmple
                0x00000000000116f0                __aeabi_dcmpge
                0x0000000000011704                __aeabi_dcmpgt
 .text          0x0000000000011718       0xa0 /usr/lib/gcc/arm-none-eabi/4.8.2/armv7-m/libgcc.a(_arm_truncdfsf2.o)
                0x0000000000011718                __aeabi_d2f
                0x0000000000011718                __truncdfsf2
 .text          0x00000000000117b8      0x21c /usr/lib/gcc/arm-none-eabi/4.8.2/armv7-m/libgcc.a(_arm_addsubsf3.o)
                0x00000000000117b8                __aeabi_frsub
                0x00000000000117c0                __subsf3
                0x00000000000117c0                __aeabi_fsub
                0x00000000000117c4                __aeabi_fadd
                0x00000000000117c4                __addsf3
                0x0000000000011924                __aeabi_ui2f
                0x0000000000011924                __floatunsisf
                0x000000000001192c                __aeabi_i2f
                0x000000000001192c                __floatsisf
                0x0000000000011948                __floatundisf
                0x0000000000011948                __aeabi_ul2f
                0x0000000000011958                __floatdisf
                0x0000000000011958                __aeabi_l2f
 .text          0x00000000000119d4      0x2a0 /usr/lib/gcc/arm-none-eabi/4.8.2/armv7-m/libgcc.a(_arm_muldivsf3.o)
                0x00000000000119d4                __mulsf3
                0x00000000000119d4                __aeabi_fmul
                0x0000000000011b3c                __divsf3
                0x0000000000011b3c                __aeabi_fdiv
 .text          0x0000000000011c74       0x4c /usr/lib/gcc/arm-none-eabi/4.8.2/armv7-m/libgcc.a(_arm_fixsfsi.o)
                0x0000000000011c74                __fixsfsi
                0x0000000000011c74                __aeabi_f2iz
 .text          0x0000000000011cc0       0x2c /usr/lib/gcc/arm-none-eabi/4.8.2/armv7-m/libgcc.a(_aeabi_uldivmod.o)
                0x0000000000011cc0                __aeabi_uldivmod
 .text          0x0000000000011cec       0x60 /usr/lib/gcc/arm-none-eabi/4.8.2/armv7-m/libgcc.a(bpabi.o)
                0x0000000000011cec                __gnu_ldivmod_helper
                0x0000000000011d1c                __gnu_uldivmod_helper
 .text          0x0000000000011d4c        0x4 /usr/lib/gcc/arm-none-eabi/4.8.2/armv7-m/libgcc.a(_dvmd_tls.o)
                0x0000000000011d4c                __aeabi_ldiv0
                0x0000000000011d4c                __aeabi_idiv0
 .text          0x0000000000011d50      0x2bc /usr/lib/gcc/arm-none-eabi/4.8.2/armv7-m/libgcc.a(_divdi3.o)
                0x0000000000011d50                __divdi3
 .text          0x000000000001200c      0x284 /usr/lib/gcc/arm-none-eabi/4.8.2/armv7-m/libgcc.a(_udivdi3.o)
                0x000000000001200c                __udivdi3
 .text.__errno  0x0000000000012290        0xc /usr/lib/gcc/arm-none-eabi/4.8.2/../../../arm-none-eabi/lib/armv7-m/libc.a(lib_a-errno.o)
                0x0000000000012290                __errno
 .text.memcmp   0x000000000001229c       0x68 /usr/lib/gcc/arm-none-eabi/4.8.2/../../../arm-none-eabi/lib/armv7-m/libc.a(lib_a-memcmp.o)
                0x000000000001229c                memcmp
 .text          0x0000000000012304       0xec /usr/lib/gcc/arm-none-eabi/4.8.2/../../../arm-none-eabi/lib/armv7-m/libc.a(lib_a-memcpy.o)
                0x0000000000012304                memcpy
 .text.memmove  0x00000000000123f0       0xcc /usr/lib/gcc/arm-none-eabi/4.8.2/../../../arm-none-eabi/lib/armv7-m/libc.a(lib_a-memmove.o)
                0x00000000000123f0                memmove
 .text.memset   0x00000000000124bc       0x94 /usr/lib/gcc/arm-none-eabi/4.8.2/../../../arm-none-eabi/lib/armv7-m/libc.a(lib_a-memset.o)
                0x00000000000124bc                memset
 .text.strlen   0x0000000000012550       0x60 /usr/lib/gcc/arm-none-eabi/4.8.2/../../../arm-none-eabi/lib/armv7-m/libc.a(lib_a-strlen.o)
                0x0000000000012550                strlen
 *(SORT(.rodata*))
 .rodata.dp_h   0x00000000000125b0       0x10 /usr/lib/gcc/arm-none-eabi/4.8.2/../../../arm-none-eabi/lib/armv7-m/libm.a(lib_a-e_pow.o)
 .rodata.dp_l   0x00000000000125c0       0x10 /usr/lib/gcc/arm-none-eabi/4.8.2/../../../arm-none-eabi/lib/armv7-m/libm.a(lib_a-e_pow.o)
 .rodata.bp     0x00000000000125d0       0x10 /usr/lib/gcc/arm-none-eabi/4.8.2/../../../arm-none-eabi/lib/armv7-m/libm.a(lib_a-e_pow.o)
 .rodata.TWO52  0x00000000000125e0       0x10 /usr/lib/gcc/arm-none-eabi/4.8.2/../../../arm-none-eabi/lib/armv7-m/libm.a(lib_a-s_rint.o)
 .rodata.autostart_processes
                0x00000000000125f0        0x8 cc26xx-demo.co
                0x00000000000125f0                autostart_processes
 .rodata.str1.4
                0x00000000000125f8      0x244 cc26xx-demo.co
 .rodata.str1.4
                0x000000000001283c       0xce contiki-srf06-cc26xx.a(contiki-main.o)
                                         0xe4 (size before relaxing)
 *fill*         0x000000000001290a        0x2 00000000
 .rodata.str1.4
                0x000000000001290c       0x1c contiki-srf06-cc26xx.a(sensors.o)
 .rodata.str1.4
                0x0000000000012928        0x7 contiki-srf06-cc26xx.a(bmp-280-sensor.)
                                          0x8 (size before relaxing)
 *fill*         0x000000000001292f        0x1 00000000
 .rodata.bmp_280_sensor
                0x0000000000012930       0x10 contiki-srf06-cc26xx.a(bmp-280-sensor.)
                0x0000000000012930                bmp_280_sensor
 .rodata.tmp_007_sensor
                0x0000000000012940       0x10 contiki-srf06-cc26xx.a(tmp-007-sensor.)
                0x0000000000012940                tmp_007_sensor
 .rodata.str1.4
                0x0000000000012950       0xe3 contiki-srf06-cc26xx.a(tmp-007-sensor.)