Archive member included because of file (symbol)

contiki-srf06-cc26xx.a(contiki-main.o)
                              obj_srf06-cc26xx/startup_gcc.o (main)
contiki-srf06-cc26xx.a(sensors.o)
                              cc26xx-demo.co (sensors_event)
contiki-srf06-cc26xx.a(leds.o)
                              contiki-srf06-cc26xx.a(contiki-main.o) (leds_init)
contiki-srf06-cc26xx.a(leds-arch.o)
                              contiki-srf06-cc26xx.a(leds.o) (leds_arch_init)
contiki-srf06-cc26xx.a(sensortag-senso)
                              contiki-srf06-cc26xx.a(sensors.o) (sensors_flags)
contiki-srf06-cc26xx.a(bmp-280-sensor.)
                              contiki-srf06-cc26xx.a(sensortag-senso) (bmp_280_sensor)
contiki-srf06-cc26xx.a(tmp-007-sensor.)
                              contiki-srf06-cc26xx.a(sensortag-senso) (tmp_007_sensor)
contiki-srf06-cc26xx.a(opt-3001-sensor)
                              cc26xx-demo.co (opt_3001_sensor)
contiki-srf06-cc26xx.a(hdc-1000-sensor)
                              cc26xx-demo.co (hdc_1000_sensor)
contiki-srf06-cc26xx.a(mpu-9250-sensor)
                              contiki-srf06-cc26xx.a(sensortag-senso) (mpu_9250_sensor)
contiki-srf06-cc26xx.a(button-sensor.o)
                              contiki-srf06-cc26xx.a(sensortag-senso) (button_right_sensor)
contiki-srf06-cc26xx.a(reed-relay.o)
                              contiki-srf06-cc26xx.a(sensortag-senso) (reed_relay_sensor)
contiki-srf06-cc26xx.a(board.o)
                              contiki-srf06-cc26xx.a(contiki-main.o) (board_init)
contiki-srf06-cc26xx.a(board-i2c.o)
                              contiki-srf06-cc26xx.a(board.o) (board_i2c_wakeup)
contiki-srf06-cc26xx.a(clock.o)
                              contiki-srf06-cc26xx.a(contiki-main.o) (clock_init)
contiki-srf06-cc26xx.a(rtimer-arch.o)
                              contiki-srf06-cc26xx.a(mpu-9250-sensor) (rtimer_arch_now)
contiki-srf06-cc26xx.a(soc-rtc.o)
                              contiki-srf06-cc26xx.a(contiki-main.o) (soc_rtc_init)
contiki-srf06-cc26xx.a(contiki-watchdo)
                              contiki-srf06-cc26xx.a(contiki-main.o) (watchdog_init)
contiki-srf06-cc26xx.a(putchar.o)
                              contiki-srf06-cc26xx.a(contiki-main.o) (putchar)
contiki-srf06-cc26xx.a(ieee-addr.o)
                              contiki-srf06-cc26xx.a(contiki-main.o) (ieee_addr_cpy_to)
contiki-srf06-cc26xx.a(cc26xx-uart.o)
                              contiki-srf06-cc26xx.a(contiki-main.o) (cc26xx_uart_init)
contiki-srf06-cc26xx.a(lpm.o)
                              contiki-srf06-cc26xx.a(contiki-main.o) (lpm_drop)
contiki-srf06-cc26xx.a(gpio-interrupt.)
                              contiki-srf06-cc26xx.a(button-sensor.o) (gpio_interrupt_register_handler)
contiki-srf06-cc26xx.a(oscillators.o)
                              contiki-srf06-cc26xx.a(contiki-main.o) (oscillators_select_lf_xosc)
contiki-srf06-cc26xx.a(ieee-mode.o)
                              contiki-srf06-cc26xx.a(contiki-main.o) (ieee_mode_driver)
contiki-srf06-cc26xx.a(random.o)
                              contiki-srf06-cc26xx.a(contiki-main.o) (random_init)
contiki-srf06-cc26xx.a(soc-trng.o)
                              contiki-srf06-cc26xx.a(random.o) (soc_trng_rand_synchronous)
contiki-srf06-cc26xx.a(dbg-printf.o)
                              contiki-srf06-cc26xx.a(contiki-main.o) (printf)
contiki-srf06-cc26xx.a(strformat.o)
                              contiki-srf06-cc26xx.a(dbg-printf.o) (format_str_v)
contiki-srf06-cc26xx.a(autostart.o)
                              contiki-srf06-cc26xx.a(contiki-main.o) (autostart_start)
contiki-srf06-cc26xx.a(ctimer.o)
                              contiki-srf06-cc26xx.a(contiki-main.o) (ctimer_init)
contiki-srf06-cc26xx.a(energest.o)
                              contiki-srf06-cc26xx.a(contiki-main.o) (energest_init)
contiki-srf06-cc26xx.a(etimer.o)
                              contiki-srf06-cc26xx.a(clock.o) (etimer_request_poll)
contiki-srf06-cc26xx.a(process.o)
                              contiki-srf06-cc26xx.a(sensors.o) (process_alloc_event)
contiki-srf06-cc26xx.a(rtimer.o)
                              contiki-srf06-cc26xx.a(contiki-main.o) (rtimer_init)
contiki-srf06-cc26xx.a(timer.o)
                              contiki-srf06-cc26xx.a(button-sensor.o) (timer_set)
contiki-srf06-cc26xx.a(serial-line.o)
                              contiki-srf06-cc26xx.a(contiki-main.o) (serial_line_init)
contiki-srf06-cc26xx.a(list.o)
                              contiki-srf06-cc26xx.a(lpm.o) (list_init)
contiki-srf06-cc26xx.a(ringbuf.o)
                              contiki-srf06-cc26xx.a(serial-line.o) (ringbuf_init)
contiki-srf06-cc26xx.a(sicslowpan.o)
                              contiki-srf06-cc26xx.a(contiki-main.o) (sicslowpan_driver)
contiki-srf06-cc26xx.a(uip6.o)
                              contiki-srf06-cc26xx.a(sicslowpan.o) (uip_aligned_buf)
contiki-srf06-cc26xx.a(uip-ds6.o)
[...]
Memory Configuration

Name             Origin             Length             Attributes
FLASH            0x0000000000000000 0x000000000001ffa8 xr
FLASH_CCFG       0x000000000001ffa8 0x0000000000000058 xr
SRAM             0x0000000020000000 0x0000000000005000 xrw
GPRAM            0x0000000011000000 0x0000000000002000 xrw
*default*        0x0000000000000000 0xffffffffffffffff

Linker script and memory map

LOAD obj_srf06-cc26xx/fault-handlers.o
LOAD obj_srf06-cc26xx/ccfg.o
LOAD obj_srf06-cc26xx/startup_gcc.o
LOAD cc26xx-demo.co
LOAD contiki-srf06-cc26xx.a
LOAD /usr/lib/gcc/arm-none-eabi/4.8.2/../../../arm-none-eabi/lib/armv7-m/libm.a
START GROUP
LOAD /usr/lib/gcc/arm-none-eabi/4.8.2/armv7-m/libgcc.a
LOAD /usr/lib/gcc/arm-none-eabi/4.8.2/../../../arm-none-eabi/lib/armv7-m/libc.a
END GROUP
                0x0000000020005000                _estack = (ORIGIN (SRAM) + 0x5000)
                0x0000000000000000                _Min_Heap_Size = 0x0
                0x0000000000000100                _Min_Stack_Size = 0x100

.text           0x0000000000000000    0x123dc
                0x0000000000000000                _text = .
 *(SORT(.vectors))
 .vectors       0x0000000000000000       0xc8 obj_srf06-cc26xx/startup_gcc.o
                0x0000000000000000                g_pfnVectors
 *(SORT(.text*))
 .text.value    0x00000000000000c8       0xa8 contiki-srf06-cc26xx.a(opt-3001-sensor)
 .text.value    0x0000000000000170       0x98 contiki-srf06-cc26xx.a(hdc-1000-sensor)
 .text.value    0x0000000000000208      0x1d8 contiki-srf06-cc26xx.a(mpu-9250-sensor)
 .text.__ieee754_pow
                0x00000000000003e0      0xb68 /usr/lib/gcc/arm-none-eabi/4.8.2/../../../arm-none-eabi/lib/armv7-m/libm.a(lib_a-e_pow.o)
                0x00000000000003e0                __ieee754_pow
 .text.scalbn   0x0000000000000f48      0x100 /usr/lib/gcc/arm-none-eabi/4.8.2/../../../arm-none-eabi/lib/armv7-m/libm.a(lib_a-s_scalbn.o)
                0x0000000000000f48                scalbn
 .text.FaultISR
                0x0000000000001048       0x1c obj_srf06-cc26xx/fault-handlers.o
                0x0000000000001048                FaultISR
 .text.NmiSRHandler
                0x0000000000001064        0x4 obj_srf06-cc26xx/startup_gcc.o
                0x0000000000001064                NmiSR
 .text.IntDefaultHandler
                0x0000000000001068        0x4 obj_srf06-cc26xx/startup_gcc.o
                0x0000000000001068                SSI0IntHandler
                0x0000000000001068                SWEvent0IntHandler
                0x0000000000001068                uDMAIntHandler
                0x0000000000001068                WatchdogIntHandler
                0x0000000000001068                RFCHardwareIntHandler
                0x0000000000001068                Timer1BIntHandler
                0x0000000000001068                I2SIntHandler
                0x0000000000001068                Timer2BIntHandler
                0x0000000000001068                Timer2AIntHandler
                0x0000000000001068                Timer1AIntHandler
                0x0000000000001068                AONIntHandler
                0x0000000000001068                AUXSWEvent0IntHandler
                0x0000000000001068                AUXADCIntHandler
                0x0000000000001068                PendSVIntHandler
                0x0000000000001068                AUXSWEvent1IntHandler
                0x0000000000001068                SVCallIntHandler
                0x0000000000001068                MPUFaultIntHandler
                0x0000000000001068                SysTickIntHandler
                0x0000000000001068                BusFaultIntHandler
                0x0000000000001068                AONProgIntHandler
                0x0000000000001068                AUXCompAIntHandler
                0x0000000000001068                SSI1IntHandler
                0x0000000000001068                FlashIntHandler
                0x0000000000001068                uDMAErrIntHandler
                0x0000000000001068                UsageFaultIntHandler
                0x0000000000001068                RFCCmdAckIntHandler
                0x0000000000001068                CryptoIntHandler
                0x0000000000001068                Timer0AIntHandler
                0x0000000000001068                I2CIntHandler
                0x0000000000001068                DebugMonIntHandler
                0x0000000000001068                Timer0BIntHandler
                0x0000000000001068                AUXCombEventIntHandler
                0x0000000000001068                Timer3AIntHandler
                0x0000000000001068                DynProgIntHandler
                0x0000000000001068                Timer3BIntHandler
 .text.ResetISR
                0x000000000000106c       0x5c obj_srf06-cc26xx/startup_gcc.o
                0x000000000000106c                ResetISR
 .text.init_opt_reading
                0x00000000000010c8       0x14 cc26xx-demo.co
 .text.init_hdc_reading
                0x00000000000010dc       0x14 cc26xx-demo.co
 .text.write_byte
                0x00000000000010f0      0x15c cc26xx-demo.co
 .text.process_thread_cc26xx_demo_process
                0x000000000000124c      0x1e4 cc26xx-demo.co
 .text.fade     0x0000000000001430       0x64 contiki-srf06-cc26xx.a(contiki-main.o)
 .text.startup.main
                0x0000000000001494      0x28c contiki-srf06-cc26xx.a(contiki-main.o)
                0x0000000000001494                main
 .text.process_thread_sensors_process
                0x0000000000001720      0x138 contiki-srf06-cc26xx.a(sensors.o)
 .text.sensors_changed
                0x0000000000001858       0x90 contiki-srf06-cc26xx.a(sensors.o)
                0x0000000000001858                sensors_changed
 .text.leds_init
                0x00000000000018e8       0x14 contiki-srf06-cc26xx.a(leds.o)
                0x00000000000018e8                leds_init
 .text.leds_on  0x00000000000018fc       0x14 contiki-srf06-cc26xx.a(leds.o)
                0x00000000000018fc                leds_on
 .text.leds_off
                0x0000000000001910       0x18 contiki-srf06-cc26xx.a(leds.o)
                0x0000000000001910                leds_off
 .text.leds_toggle
                0x0000000000001928       0x14 contiki-srf06-cc26xx.a(leds.o)
                0x0000000000001928                leds_toggle
 .text.leds_arch_init
                0x000000000000193c       0x3c contiki-srf06-cc26xx.a(leds-arch.o)
                0x000000000000193c                leds_arch_init
 .text.leds_arch_set
                0x0000000000001978       0x40 contiki-srf06-cc26xx.a(leds-arch.o)
                0x0000000000001978                leds_arch_set
 .text.status   0x00000000000019b8       0x14 contiki-srf06-cc26xx.a(bmp-280-sensor.)
 .text.notify_ready
                0x00000000000019cc       0x18 contiki-srf06-cc26xx.a(bmp-280-sensor.)
 .text.enable_sensor
                0x00000000000019e4       0x2c contiki-srf06-cc26xx.a(bmp-280-sensor.)
 .text.configure
                0x0000000000001a10       0xb0 contiki-srf06-cc26xx.a(bmp-280-sensor.)
 .text.value    0x0000000000001ac0      0x168 contiki-srf06-cc26xx.a(bmp-280-sensor.)
 .text.status   0x0000000000001c28       0x14 contiki-srf06-cc26xx.a(tmp-007-sensor.)
 .text.notify_ready
                0x0000000000001c3c       0x2c contiki-srf06-cc26xx.a(tmp-007-sensor.)
 .text.enable_sensor
                0x0000000000001c68       0x2c contiki-srf06-cc26xx.a(tmp-007-sensor.)
 .text.configure
                0x0000000000001c94       0xd8 contiki-srf06-cc26xx.a(tmp-007-sensor.)
 .text.value    0x0000000000001d6c      0x17c contiki-srf06-cc26xx.a(tmp-007-sensor.)
 .text.status   0x0000000000001ee8        0xc contiki-srf06-cc26xx.a(opt-3001-sensor)
 .text.enable_sensor
                0x0000000000001ef4       0x48 contiki-srf06-cc26xx.a(opt-3001-sensor)
 .text.notify_ready
                0x0000000000001f3c       0x5c contiki-srf06-cc26xx.a(opt-3001-sensor)
 .text.configure
                0x0000000000001f98       0x54 contiki-srf06-cc26xx.a(opt-3001-sensor)
 .text.status   0x0000000000001fec       0x14 contiki-srf06-cc26xx.a(hdc-1000-sensor)
 .text.notify_ready
                0x0000000000002000       0x6c contiki-srf06-cc26xx.a(hdc-1000-sensor)
 .text.configure
                0x000000000000206c       0xdc contiki-srf06-cc26xx.a(hdc-1000-sensor)
 .text.acc_convert
                0x0000000000002148       0x74 contiki-srf06-cc26xx.a(mpu-9250-sensor)
 .text.status   0x00000000000021bc       0x14 contiki-srf06-cc26xx.a(mpu-9250-sensor)
 .text.notify_ready
                0x00000000000021d0       0x18 contiki-srf06-cc26xx.a(mpu-9250-sensor)
 .text.sensor_sleep
                0x00000000000021e8       0x3c contiki-srf06-cc26xx.a(mpu-9250-sensor)
 .text.configure
                0x0000000000002224      0x118 contiki-srf06-cc26xx.a(mpu-9250-sensor)
 .text.int_status
                0x000000000000233c       0x28 contiki-srf06-cc26xx.a(mpu-9250-sensor)
 .text.initialise
                0x0000000000002364      0x110 contiki-srf06-cc26xx.a(mpu-9250-sensor)
 .text.status.part.0
                0x0000000000002474       0x18 contiki-srf06-cc26xx.a(button-sensor.o)
 .text.value_left
                0x000000000000248c       0x28 contiki-srf06-cc26xx.a(button-sensor.o)
 .text.value_right
                0x00000000000024b4       0x28 contiki-srf06-cc26xx.a(button-sensor.o)
 .text.status_left
                0x00000000000024dc       0x10 contiki-srf06-cc26xx.a(button-sensor.o)
 .text.status_right
                0x00000000000024ec       0x10 contiki-srf06-cc26xx.a(button-sensor.o)
 .text.config_buttons
                0x00000000000024fc       0xa0 contiki-srf06-cc26xx.a(button-sensor.o)
 .text.config_left
                0x000000000000259c        0xc contiki-srf06-cc26xx.a(button-sensor.o)
 .text.config_right
                0x00000000000025a8        0xc contiki-srf06-cc26xx.a(button-sensor.o)
 .text.button_press_handler
                0x00000000000025b4       0xa8 contiki-srf06-cc26xx.a(button-sensor.o)
 .text.value    0x000000000000265c       0x10 contiki-srf06-cc26xx.a(reed-relay.o)
 .text.status   0x000000000000266c       0x24 contiki-srf06-cc26xx.a(reed-relay.o)
 .text.configure
                0x0000000000002690       0x7c contiki-srf06-cc26xx.a(reed-relay.o)
 .text.reed_interrupt_handler
                0x000000000000270c       0x30 contiki-srf06-cc26xx.a(reed-relay.o)
 .text.power_domains_on
                0x000000000000273c       0x20 contiki-srf06-cc26xx.a(board.o)
 .text.lpm_wakeup_handler
                0x000000000000275c        0x4 contiki-srf06-cc26xx.a(board.o)
 .text.shutdown_handler
                0x0000000000002760       0x78 contiki-srf06-cc26xx.a(board.o)
 .text.board_init
                0x00000000000027d8      0x124 contiki-srf06-cc26xx.a(board.o)
                0x00000000000027d8                board_init
 .text.i2c_status
                0x00000000000028fc       0x3c contiki-srf06-cc26xx.a(board-i2c.o)
 .text.accessible
                0x0000000000002938       0x2c contiki-srf06-cc26xx.a(board-i2c.o)
 .text.board_i2c_wakeup
                0x0000000000002964       0x6c contiki-srf06-cc26xx.a(board-i2c.o)
                0x0000000000002964                board_i2c_wakeup
 .text.board_i2c_shutdown
                0x00000000000029d0       0xb0 contiki-srf06-cc26xx.a(board-i2c.o)
                0x00000000000029d0                board_i2c_shutdown
 .text.board_i2c_write
                0x0000000000002a80       0xf4 contiki-srf06-cc26xx.a(board-i2c.o)
                0x0000000000002a80                board_i2c_write
 .text.board_i2c_write_single
                0x0000000000002b74       0x50 contiki-srf06-cc26xx.a(board-i2c.o)
                0x0000000000002b74                board_i2c_write_single
 .text.board_i2c_read
                0x0000000000002bc4       0xdc contiki-srf06-cc26xx.a(board-i2c.o)
                0x0000000000002bc4                board_i2c_read
 .text.board_i2c_write_read
                0x0000000000002ca0      0x16c contiki-srf06-cc26xx.a(board-i2c.o)
                0x0000000000002ca0                board_i2c_write_read
 .text.board_i2c_select
                0x0000000000002e0c       0xf4 contiki-srf06-cc26xx.a(board-i2c.o)
                0x0000000000002e0c                board_i2c_select
 .text.power_domain_on
                0x0000000000002f00       0x20 contiki-srf06-cc26xx.a(clock.o)
 .text.clock_init
                0x0000000000002f20       0xac contiki-srf06-cc26xx.a(clock.o)
                0x0000000000002f20                clock_init
 .text.clock_time
                0x0000000000002fcc       0x38 contiki-srf06-cc26xx.a(clock.o)
                0x0000000000002fcc                clock_time
 .text.clock_update
                0x0000000000003004       0x40 contiki-srf06-cc26xx.a(clock.o)
                0x0000000000003004                clock_update
 .text.clock_seconds
                0x0000000000003044       0x1c contiki-srf06-cc26xx.a(clock.o)
                0x0000000000003044                clock_seconds
 .text.rtimer_arch_init
                0x0000000000003060        0x4 contiki-srf06-cc26xx.a(rtimer-arch.o)
                0x0000000000003060                rtimer_arch_init
 .text.rtimer_arch_schedule
                0x0000000000003064        0x8 contiki-srf06-cc26xx.a(rtimer-arch.o)
                0x0000000000003064                rtimer_arch_schedule
 .text.rtimer_arch_now
                0x000000000000306c        0x4 contiki-srf06-cc26xx.a(rtimer-arch.o)
                0x000000000000306c                rtimer_arch_now
 .text.soc_rtc_init
                0x0000000000003070       0xac contiki-srf06-cc26xx.a(soc-rtc.o)
                0x0000000000003070                soc_rtc_init
 .text.soc_rtc_schedule_one_shot
                0x000000000000311c       0x6c contiki-srf06-cc26xx.a(soc-rtc.o)
                0x000000000000311c                soc_rtc_schedule_one_shot
 .text.soc_rtc_last_isr_time
                0x0000000000003188        0xc contiki-srf06-cc26xx.a(soc-rtc.o)
                0x0000000000003188                soc_rtc_last_isr_time
 .text.AONRTCIntHandler
                0x0000000000003194       0xa0 contiki-srf06-cc26xx.a(soc-rtc.o)
                0x0000000000003194                AONRTCIntHandler
 .text.lock_config
                0x0000000000003234       0x1c contiki-srf06-cc26xx.a(contiki-watchdo)
 .text.unlock_config
                0x0000000000003250       0x30 contiki-srf06-cc26xx.a(contiki-watchdo)
 .text.watchdog_init
                0x0000000000003280       0x20 contiki-srf06-cc26xx.a(contiki-watchdo)
                0x0000000000003280                watchdog_init
 .text.watchdog_start
                0x00000000000032a0       0x34 contiki-srf06-cc26xx.a(contiki-watchdo)
                0x00000000000032a0                watchdog_start
 .text.watchdog_periodic
                0x00000000000032d4       0x1c contiki-srf06-cc26xx.a(contiki-watchdo)
                0x00000000000032d4                watchdog_periodic
 .text.putchar  0x00000000000032f0       0x10 contiki-srf06-cc26xx.a(putchar.o)
                0x00000000000032f0                putchar
 .text.puts     0x0000000000003300       0x2c contiki-srf06-cc26xx.a(putchar.o)
                0x0000000000003300                puts
 .text.dbg_send_bytes
                0x000000000000332c       0x40 contiki-srf06-cc26xx.a(putchar.o)
                0x000000000000332c                dbg_send_bytes
 .text.ieee_addr_cpy_to
                0x000000000000336c       0x4c contiki-srf06-cc26xx.a(ieee-addr.o)
                0x000000000000336c                ieee_addr_cpy_to
 .text.power_and_clock
                0x00000000000033b8       0x4c contiki-srf06-cc26xx.a(cc26xx-uart.o)
 .text.enable   0x0000000000003404      0x108 contiki-srf06-cc26xx.a(cc26xx-uart.o)
 .text.accessible
                0x000000000000350c       0x2c contiki-srf06-cc26xx.a(cc26xx-uart.o)
 .text.lpm_drop_handler
                0x0000000000003538       0xe0 contiki-srf06-cc26xx.a(cc26xx-uart.o)
 .text.cc26xx_uart_init
                0x0000000000003618       0x2c contiki-srf06-cc26xx.a(cc26xx-uart.o)
                0x0000000000003618                cc26xx_uart_init
 .text.cc26xx_uart_write_byte
                0x0000000000003644       0x34 contiki-srf06-cc26xx.a(cc26xx-uart.o)
                0x0000000000003644                cc26xx_uart_write_byte
 .text.cc26xx_uart_busy
                0x0000000000003678       0x18 contiki-srf06-cc26xx.a(cc26xx-uart.o)
                0x0000000000003678                cc26xx_uart_busy
 .text.UART0IntHandler
                0x0000000000003690       0x60 contiki-srf06-cc26xx.a(cc26xx-uart.o)
                0x0000000000003690                UART0IntHandler
 .text.lpm_sleep
                0x00000000000036f0       0x14 contiki-srf06-cc26xx.a(lpm.o)
                0x00000000000036f0                lpm_sleep
 .text.lpm_drop
                0x0000000000003704      0x2a4 contiki-srf06-cc26xx.a(lpm.o)
                0x0000000000003704                lpm_drop
 .text.lpm_register_module
                0x00000000000039a8       0x10 contiki-srf06-cc26xx.a(lpm.o)
                0x00000000000039a8                lpm_register_module
 .text.lpm_unregister_module
                0x00000000000039b8       0x10 contiki-srf06-cc26xx.a(lpm.o)
                0x00000000000039b8                lpm_unregister_module
 .text.lpm_init
                0x00000000000039c8       0x24 contiki-srf06-cc26xx.a(lpm.o)
                0x00000000000039c8                lpm_init
 .text.lpm_pin_set_default_state
                0x00000000000039ec       0x30 contiki-srf06-cc26xx.a(lpm.o)
                0x00000000000039ec                lpm_pin_set_default_state
 .text.gpio_interrupt_register_handler
                0x0000000000003a1c       0x30 contiki-srf06-cc26xx.a(gpio-interrupt.)
                0x0000000000003a1c                gpio_interrupt_register_handler
 .text.gpio_interrupt_init
                0x0000000000003a4c       0x28 contiki-srf06-cc26xx.a(gpio-interrupt.)
                0x0000000000003a4c                gpio_interrupt_init
 .text.GPIOIntHandler
                0x0000000000003a74       0x34 contiki-srf06-cc26xx.a(gpio-interrupt.)
                0x0000000000003a74                GPIOIntHandler
 .text.oscillators_select_lf_xosc
                0x0000000000003aa8       0x54 contiki-srf06-cc26xx.a(oscillators.o)
                0x0000000000003aa8                oscillators_select_lf_xosc
 .text.oscillators_request_hf_xosc
                0x0000000000003afc       0x30 contiki-srf06-cc26xx.a(oscillators.o)
                0x0000000000003afc                oscillators_request_hf_xosc
 .text.oscillators_switch_to_hf_xosc
                0x0000000000003b2c       0x34 contiki-srf06-cc26xx.a(oscillators.o)
                0x0000000000003b2c                oscillators_switch_to_hf_xosc
 .text.oscillators_switch_to_hf_rc
                0x0000000000003b60       0x38 contiki-srf06-cc26xx.a(oscillators.o)
                0x0000000000003b60                oscillators_switch_to_hf_rc
 .text.request  0x0000000000003b98       0x20 contiki-srf06-cc26xx.a(ieee-mode.o)
 .text.rx_on    0x0000000000003bb8       0x74 contiki-srf06-cc26xx.a(ieee-mode.o)
 .text.prepare  0x0000000000003c2c       0x1c contiki-srf06-cc26xx.a(ieee-mode.o)
 .text.check_rat_overflow
                0x0000000000003c48       0x80 contiki-srf06-cc26xx.a(ieee-mode.o)
 .text.rf_radio_setup
                0x0000000000003cc8       0x74 contiki-srf06-cc26xx.a(ieee-mode.o)
 .text.soft_on  0x0000000000003d3c       0x18 contiki-srf06-cc26xx.a(ieee-mode.o)
 .text.pending_packet
                0x0000000000003d54       0x4c contiki-srf06-cc26xx.a(ieee-mode.o)
 .text.soft_off
                0x0000000000003da0       0x3c contiki-srf06-cc26xx.a(ieee-mode.o)
 .text.get_object
                0x0000000000003ddc       0x64 contiki-srf06-cc26xx.a(ieee-mode.o)
 .text.transmitting
                0x0000000000003e40       0x44 contiki-srf06-cc26xx.a(ieee-mode.o)
 .text.rx_off   0x0000000000003e84       0x5c contiki-srf06-cc26xx.a(ieee-mode.o)
 .text.off      0x0000000000003ee0       0x74 contiki-srf06-cc26xx.a(ieee-mode.o)
 .text.get_cca_info
                0x0000000000003f54       0x4c contiki-srf06-cc26xx.a(ieee-mode.o)
 .text.set_object
                0x0000000000003fa0       0x60 contiki-srf06-cc26xx.a(ieee-mode.o)
 .text.receiving_packet
                0x0000000000004000       0x38 contiki-srf06-cc26xx.a(ieee-mode.o)
 .text.on       0x0000000000004038       0xb8 contiki-srf06-cc26xx.a(ieee-mode.o)
 .text.set_value
                0x00000000000040f0      0x1ac contiki-srf06-cc26xx.a(ieee-mode.o)
 .text.get_value
                0x000000000000429c      0x18c contiki-srf06-cc26xx.a(ieee-mode.o)
 .text.transmit
                0x0000000000004428       0xf0 contiki-srf06-cc26xx.a(ieee-mode.o)
 .text.send     0x0000000000004518       0x24 contiki-srf06-cc26xx.a(ieee-mode.o)
 .text.channel_clear
                0x000000000000453c       0x60 contiki-srf06-cc26xx.a(ieee-mode.o)
 .text.read_frame
                0x000000000000459c      0x184 contiki-srf06-cc26xx.a(ieee-mode.o)
 .text.handle_rat_overflow
                0x0000000000004720       0x50 contiki-srf06-cc26xx.a(ieee-mode.o)
 .text.init     0x0000000000004770      0x134 contiki-srf06-cc26xx.a(ieee-mode.o)
 .text.random_rand
                0x00000000000048a4        0xc contiki-srf06-cc26xx.a(random.o)
                0x00000000000048a4                random_rand
 .text.random_init
                0x00000000000048b0        0x4 contiki-srf06-cc26xx.a(random.o)
                0x00000000000048b0                random_init
 .text.power_up
                0x00000000000048b4       0x4c contiki-srf06-cc26xx.a(soc-trng.o)
 .text.request  0x0000000000004900       0x14 contiki-srf06-cc26xx.a(soc-trng.o)
 .text.process_thread_soc_trng_process
                0x0000000000004914       0xb0 contiki-srf06-cc26xx.a(soc-trng.o)
 .text.accessible
                0x00000000000049c4       0x2c contiki-srf06-cc26xx.a(soc-trng.o)
 .text.soc_trng_rand_synchronous
                0x00000000000049f0       0xd8 contiki-srf06-cc26xx.a(soc-trng.o)
                0x00000000000049f0                soc_trng_rand_synchronous
 .text.TRNGIntHandler
                0x0000000000004ac8       0x5c contiki-srf06-cc26xx.a(soc-trng.o)
                0x0000000000004ac8                TRNGIntHandler
 .text.soc_trng_init
                0x0000000000004b24       0x2c contiki-srf06-cc26xx.a(soc-trng.o)
                0x0000000000004b24                soc_trng_init
 .text.write_str
                0x0000000000004b50       0x10 contiki-srf06-cc26xx.a(dbg-printf.o)
 .text.printf   0x0000000000004b60       0x28 contiki-srf06-cc26xx.a(dbg-printf.o)
                0x0000000000004b60                printf
 .text.fill_space
                0x0000000000004b88       0x38 contiki-srf06-cc26xx.a(strformat.o)
 .text.format_str_v
                0x0000000000004bc0      0x904 contiki-srf06-cc26xx.a(strformat.o)
                0x0000000000004bc0                format_str_v
 .text.autostart_start
                0x00000000000054c4       0x18 contiki-srf06-cc26xx.a(autostart.o)
                0x00000000000054c4                autostart_start
 .text.process_thread_ctimer_process
                0x00000000000054dc       0xa4 contiki-srf06-cc26xx.a(ctimer.o)
 .text.ctimer_init
                0x0000000000005580       0x2c contiki-srf06-cc26xx.a(ctimer.o)
                0x0000000000005580                ctimer_init
 .text.ctimer_set_with_process
                0x00000000000055ac       0x4c contiki-srf06-cc26xx.a(ctimer.o)
                0x00000000000055ac                ctimer_set_with_process
 .text.ctimer_set
                0x00000000000055f8       0x18 contiki-srf06-cc26xx.a(ctimer.o)
                0x00000000000055f8                ctimer_set
 .text.ctimer_reset
                0x0000000000005610       0x40 contiki-srf06-cc26xx.a(ctimer.o)
                0x0000000000005610                ctimer_reset
 .text.ctimer_restart
                0x0000000000005650       0x40 contiki-srf06-cc26xx.a(ctimer.o)
                0x0000000000005650                ctimer_restart
 .text.ctimer_stop
                0x0000000000005690       0x30 contiki-srf06-cc26xx.a(ctimer.o)
                0x0000000000005690                ctimer_stop
 .text.energest_init
                0x00000000000056c0        0x4 contiki-srf06-cc26xx.a(energest.o)
                0x00000000000056c0                energest_init
 .text.update_time
                0x00000000000056c4       0x50 contiki-srf06-cc26xx.a(etimer.o)
 .text.process_thread_etimer_process
                0x0000000000005714       0xd8 contiki-srf06-cc26xx.a(etimer.o)
 .text.add_timer
                0x00000000000057ec       0x60 contiki-srf06-cc26xx.a(etimer.o)
 .text.etimer_request_poll
                0x000000000000584c        0xc contiki-srf06-cc26xx.a(etimer.o)
                0x000000000000584c                etimer_request_poll
 .text.etimer_set
                0x0000000000005858       0x14 contiki-srf06-cc26xx.a(etimer.o)
                0x0000000000005858                etimer_set
 .text.etimer_reset
                0x000000000000586c       0x14 contiki-srf06-cc26xx.a(etimer.o)
                0x000000000000586c                etimer_reset
 .text.etimer_restart
                0x0000000000005880       0x14 contiki-srf06-cc26xx.a(etimer.o)
                0x0000000000005880                etimer_restart
 .text.etimer_expired
                0x0000000000005894        0xc contiki-srf06-cc26xx.a(etimer.o)
                0x0000000000005894                etimer_expired
 .text.etimer_expiration_time
                0x00000000000058a0        0x8 contiki-srf06-cc26xx.a(etimer.o)
                0x00000000000058a0                etimer_expiration_time
 .text.etimer_pending
                0x00000000000058a8       0x14 contiki-srf06-cc26xx.a(etimer.o)
                0x00000000000058a8                etimer_pending
 .text.etimer_next_expiration_time
                0x00000000000058bc       0x18 contiki-srf06-cc26xx.a(etimer.o)
                0x00000000000058bc                etimer_next_expiration_time
 .text.etimer_stop
                0x00000000000058d4       0x4c contiki-srf06-cc26xx.a(etimer.o)
                0x00000000000058d4                etimer_stop
 .text.exit_process
                0x0000000000005920       0xac contiki-srf06-cc26xx.a(process.o)
 .text.call_process.part.0
                0x00000000000059cc       0x3c contiki-srf06-cc26xx.a(process.o)
 .text.do_poll  0x0000000000005a08       0x40 contiki-srf06-cc26xx.a(process.o)
 .text.process_alloc_event
                0x0000000000005a48       0x10 contiki-srf06-cc26xx.a(process.o)
                0x0000000000005a48                process_alloc_event
 .text.process_init
                0x0000000000005a58       0x3c contiki-srf06-cc26xx.a(process.o)
                0x0000000000005a58                process_init
 .text.process_run
                0x0000000000005a94       0xbc contiki-srf06-cc26xx.a(process.o)
                0x0000000000005a94                process_run
 .text.process_nevents
                0x0000000000005b50       0x18 contiki-srf06-cc26xx.a(process.o)
                0x0000000000005b50                process_nevents
 .text.process_post
                0x0000000000005b68       0x48 contiki-srf06-cc26xx.a(process.o)
                0x0000000000005b68                process_post
 .text.process_post_synch
                0x0000000000005bb0       0x1c contiki-srf06-cc26xx.a(process.o)
                0x0000000000005bb0                process_post_synch
 .text.process_start
                0x0000000000005bcc       0x44 contiki-srf06-cc26xx.a(process.o)
                0x0000000000005bcc                process_start
 .text.process_poll
                0x0000000000005c10       0x20 contiki-srf06-cc26xx.a(process.o)
                0x0000000000005c10                process_poll
 .text.rtimer_init
                0x0000000000005c30        0x4 contiki-srf06-cc26xx.a(rtimer.o)
                0x0000000000005c30                rtimer_init
 .text.rtimer_set
                0x0000000000005c34       0x2c contiki-srf06-cc26xx.a(rtimer.o)
                0x0000000000005c34                rtimer_set
 .text.rtimer_run_next
                0x0000000000005c60       0x2c contiki-srf06-cc26xx.a(rtimer.o)
                0x0000000000005c60                rtimer_run_next
 .text.timer_set
                0x0000000000005c8c       0x10 contiki-srf06-cc26xx.a(timer.o)
                0x0000000000005c8c                timer_set
 .text.timer_reset
                0x0000000000005c9c        0xc contiki-srf06-cc26xx.a(timer.o)
                0x0000000000005c9c                timer_reset
 .text.timer_restart
                0x0000000000005ca8        0xc contiki-srf06-cc26xx.a(timer.o)
                0x0000000000005ca8                timer_restart
 .text.timer_expired
                0x0000000000005cb4       0x1c contiki-srf06-cc26xx.a(timer.o)
                0x0000000000005cb4                timer_expired
 .text.process_thread_serial_line_process
                0x0000000000005cd0       0xd8 contiki-srf06-cc26xx.a(serial-line.o)
 .text.serial_line_init
                0x0000000000005da8       0x2c contiki-srf06-cc26xx.a(serial-line.o)
                0x0000000000005da8                serial_line_init
 .text.list_init
                0x0000000000005dd4        0x8 contiki-srf06-cc26xx.a(list.o)
                0x0000000000005dd4                list_init
 .text.list_head
                0x0000000000005ddc        0x4 contiki-srf06-cc26xx.a(list.o)
                0x0000000000005ddc                list_head
 .text.list_add
                0x0000000000005de0       0x60 contiki-srf06-cc26xx.a(list.o)
                0x0000000000005de0                list_add
 .text.list_push
                0x0000000000005e40       0x48 contiki-srf06-cc26xx.a(list.o)
                0x0000000000005e40                list_push
 .text.list_remove
                0x0000000000005e88       0x40 contiki-srf06-cc26xx.a(list.o)
                0x0000000000005e88                list_remove
 .text.list_length
                0x0000000000005ec8       0x14 contiki-srf06-cc26xx.a(list.o)
                0x0000000000005ec8                list_length
 .text.list_item_next
                0x0000000000005edc        0x8 contiki-srf06-cc26xx.a(list.o)
                0x0000000000005edc                list_item_next
 .text.ringbuf_init
                0x0000000000005ee4       0x10 contiki-srf06-cc26xx.a(ringbuf.o)
                0x0000000000005ee4                ringbuf_init
 .text.ringbuf_get
                0x0000000000005ef4       0x28 contiki-srf06-cc26xx.a(ringbuf.o)
                0x0000000000005ef4                ringbuf_get
 .text.sicslowpan_init
                0x0000000000005f1c       0x28 contiki-srf06-cc26xx.a(sicslowpan.o)
                0x0000000000005f1c                sicslowpan_init
 .text.compress_addr_64
                0x0000000000005f44       0xa4 contiki-srf06-cc26xx.a(sicslowpan.o)
 .text.set_packet_attrs
                0x0000000000005fe8       0x4c contiki-srf06-cc26xx.a(sicslowpan.o)
 .text.addr_context_lookup_by_prefix
                0x0000000000006034       0x28 contiki-srf06-cc26xx.a(sicslowpan.o)
 .text.send_packet
                0x000000000000605c       0x28 contiki-srf06-cc26xx.a(sicslowpan.o)
 .text.packet_sent
                0x0000000000006084       0x2c contiki-srf06-cc26xx.a(sicslowpan.o)
 .text.store_fragment
                0x00000000000060b0       0x78 contiki-srf06-cc26xx.a(sicslowpan.o)
 .text.add_fragment
                0x0000000000006128      0x1cc contiki-srf06-cc26xx.a(sicslowpan.o)
 .text.uncompress_addr
                0x00000000000062f4       0x8c contiki-srf06-cc26xx.a(sicslowpan.o)
 .text.input    0x0000000000006380      0x704 contiki-srf06-cc26xx.a(sicslowpan.o)
 .text.output   0x0000000000006a84      0x7dc contiki-srf06-cc26xx.a(sicslowpan.o)
 .text.chksum   0x0000000000007260       0x50 contiki-srf06-cc26xx.a(uip6.o)
 .text.upper_layer_chksum
                0x00000000000072b0       0x5c contiki-srf06-cc26xx.a(uip6.o)
 .text.ext_hdr_options_process
                0x000000000000730c       0xd4 contiki-srf06-cc26xx.a(uip6.o)
 .text.uip_add32
                0x00000000000073e0       0x60 contiki-srf06-cc26xx.a(uip6.o)
                0x00000000000073e0                uip_add32
 .text.unlikely.uip_add_rcv_nxt
                0x0000000000007440       0x34 contiki-srf06-cc26xx.a(uip6.o)
 .text.uip_icmp6chksum
                0x0000000000007474        0x8 contiki-srf06-cc26xx.a(uip6.o)
                0x0000000000007474                uip_icmp6chksum
 .text.uip_init
                0x000000000000747c       0x60 contiki-srf06-cc26xx.a(uip6.o)
                0x000000000000747c                uip_init
 .text.remove_ext_hdr
                0x00000000000074dc       0x64 contiki-srf06-cc26xx.a(uip6.o)
                0x00000000000074dc                remove_ext_hdr
 .text.uip_unlisten
                0x0000000000007540       0x28 contiki-srf06-cc26xx.a(uip6.o)
                0x0000000000007540                uip_unlisten
 .text.uip_process
                0x0000000000007568     0x1278 contiki-srf06-cc26xx.a(uip6.o)
                0x0000000000007568                uip_process
 .text.uip_htonl
                0x00000000000087e0       0x14 contiki-srf06-cc26xx.a(uip6.o)
                0x00000000000087e0                uip_htonl
 .text.uip_ds6_list_loop
                0x00000000000087f4       0x68 contiki-srf06-cc26xx.a(uip-ds6.o)
                0x00000000000087f4                uip_ds6_list_loop
 .text.uip_ds6_prefix_add
                0x000000000000885c       0x70 contiki-srf06-cc26xx.a(uip-ds6.o)
                0x000000000000885c                uip_ds6_prefix_add
 .text.uip_ds6_is_addr_onlink
                0x00000000000088cc       0x4c contiki-srf06-cc26xx.a(uip-ds6.o)
                0x00000000000088cc                uip_ds6_is_addr_onlink
 .text.uip_ds6_addr_lookup
                0x0000000000008918       0x30 contiki-srf06-cc26xx.a(uip-ds6.o)
                0x0000000000008918                uip_ds6_addr_lookup
 .text.uip_ds6_get_link_local
                0x0000000000008948       0x50 contiki-srf06-cc26xx.a(uip-ds6.o)
                0x0000000000008948                uip_ds6_get_link_local
 .text.uip_ds6_maddr_add
                0x0000000000008998       0x50 contiki-srf06-cc26xx.a(uip-ds6.o)
                0x0000000000008998                uip_ds6_maddr_add
 .text.uip_ds6_addr_add
                0x00000000000089e8       0xac contiki-srf06-cc26xx.a(uip-ds6.o)
                0x00000000000089e8                uip_ds6_addr_add
 .text.uip_ds6_maddr_lookup
                0x0000000000008a94       0x30 contiki-srf06-cc26xx.a(uip-ds6.o)
                0x0000000000008a94                uip_ds6_maddr_lookup
 .text.uip_ds6_addr_rm
                0x0000000000008ac4       0x4c contiki-srf06-cc26xx.a(uip-ds6.o)
                0x0000000000008ac4                uip_ds6_addr_rm
 .text.uip_ds6_periodic
                0x0000000000008b10       0x60 contiki-srf06-cc26xx.a(uip-ds6.o)
                0x0000000000008b10                uip_ds6_periodic
 .text.uip_ds6_select_src
                0x0000000000008b70      0x104 contiki-srf06-cc26xx.a(uip-ds6.o)
                0x0000000000008b70                uip_ds6_select_src
 .text.uip_ds6_set_addr_iid
                0x0000000000008c74       0x14 contiki-srf06-cc26xx.a(uip-ds6.o)
                0x0000000000008c74                uip_ds6_set_addr_iid
 .text.uip_ds6_compute_reachable_time
                0x0000000000008c88       0x2c contiki-srf06-cc26xx.a(uip-ds6.o)
                0x0000000000008c88                uip_ds6_compute_reachable_time
 .text.uip_ds6_init
                0x0000000000008cb4      0x100 contiki-srf06-cc26xx.a(uip-ds6.o)
                0x0000000000008cb4                uip_ds6_init
 .text.uip_ds6_nbr_rm
                0x0000000000008db4       0x20 contiki-srf06-cc26xx.a(uip-ds6-nbr.o)
                0x0000000000008db4                uip_ds6_nbr_rm
 .text.uip_ds6_neighbors_init
                0x0000000000008dd4       0x20 contiki-srf06-cc26xx.a(uip-ds6-nbr.o)
                0x0000000000008dd4                uip_ds6_neighbors_init
 .text.uip_ds6_nbr_add
                0x0000000000008df4       0x38 contiki-srf06-cc26xx.a(uip-ds6-nbr.o)
                0x0000000000008df4                uip_ds6_nbr_add
 .text.uip_ds6_nbr_get_ll
                0x0000000000008e2c       0x10 contiki-srf06-cc26xx.a(uip-ds6-nbr.o)
                0x0000000000008e2c                uip_ds6_nbr_get_ll
 .text.uip_ds6_nbr_lookup
                0x0000000000008e3c       0x3c contiki-srf06-cc26xx.a(uip-ds6-nbr.o)
                0x0000000000008e3c                uip_ds6_nbr_lookup
 .text.uip_ds6_nbr_ipaddr_from_lladdr
                0x0000000000008e78       0x10 contiki-srf06-cc26xx.a(uip-ds6-nbr.o)
                0x0000000000008e78                uip_ds6_nbr_ipaddr_from_lladdr
 .text.uip_ds6_nbr_lladdr_from_ipaddr
                0x0000000000008e88       0x20 contiki-srf06-cc26xx.a(uip-ds6-nbr.o)
                0x0000000000008e88                uip_ds6_nbr_lladdr_from_ipaddr
 .text.uip_ds6_link_neighbor_callback
                0x0000000000008ea8       0x38 contiki-srf06-cc26xx.a(uip-ds6-nbr.o)
                0x0000000000008ea8                uip_ds6_link_neighbor_callback
 .text.call_route_callback
                0x0000000000008ee0       0x54 contiki-srf06-cc26xx.a(uip-ds6-route.o)
 .text.uip_ds6_route_init
                0x0000000000008f34       0x58 contiki-srf06-cc26xx.a(uip-ds6-route.o)
                0x0000000000008f34                uip_ds6_route_init
 .text.uip_ds6_route_nexthop
                0x0000000000008f8c       0x20 contiki-srf06-cc26xx.a(uip-ds6-route.o)
                0x0000000000008f8c                uip_ds6_route_nexthop
 .text.uip_ds6_route_head
                0x0000000000008fac        0xc contiki-srf06-cc26xx.a(uip-ds6-route.o)
                0x0000000000008fac                uip_ds6_route_head
 .text.uip_ds6_route_next
                0x0000000000008fb8        0x8 contiki-srf06-cc26xx.a(uip-ds6-route.o)
                0x0000000000008fb8                uip_ds6_route_next
 .text.uip_ds6_route_is_nexthop
                0x0000000000008fc0       0x20 contiki-srf06-cc26xx.a(uip-ds6-route.o)
                0x0000000000008fc0                uip_ds6_route_is_nexthop
 .text.uip_ds6_route_lookup
                0x0000000000008fe0       0x88 contiki-srf06-cc26xx.a(uip-ds6-route.o)
                0x0000000000008fe0                uip_ds6_route_lookup
 .text.uip_ds6_route_rm
                0x0000000000009068       0xb4 contiki-srf06-cc26xx.a(uip-ds6-route.o)
                0x0000000000009068                uip_ds6_route_rm
 .text.rm_routelist
                0x000000000000911c       0x34 contiki-srf06-cc26xx.a(uip-ds6-route.o)
 .text.rm_routelist_callback
                0x0000000000009150        0x4 contiki-srf06-cc26xx.a(uip-ds6-route.o)
 .text.uip_ds6_route_add
                0x0000000000009154      0x13c contiki-srf06-cc26xx.a(uip-ds6-route.o)
                0x0000000000009154                uip_ds6_route_add
 .text.uip_ds6_defrt_rm
                0x0000000000009290       0x50 contiki-srf06-cc26xx.a(uip-ds6-route.o)
                0x0000000000009290                uip_ds6_defrt_rm
 .text.uip_ds6_defrt_lookup
                0x00000000000092e0       0x38 contiki-srf06-cc26xx.a(uip-ds6-route.o)
                0x00000000000092e0                uip_ds6_defrt_lookup
 .text.uip_ds6_defrt_add
                0x0000000000009318       0x60 contiki-srf06-cc26xx.a(uip-ds6-route.o)
                0x0000000000009318                uip_ds6_defrt_add
 .text.uip_ds6_defrt_choose
                0x0000000000009378       0x38 contiki-srf06-cc26xx.a(uip-ds6-route.o)
                0x0000000000009378                uip_ds6_defrt_choose
 .text.uip_ds6_defrt_periodic
                0x00000000000093b0       0x44 contiki-srf06-cc26xx.a(uip-ds6-route.o)
                0x00000000000093b0                uip_ds6_defrt_periodic
 .text.echo_reply_input
                0x00000000000093f4       0xb0 contiki-srf06-cc26xx.a(uip-icmp6.o)
 .text.echo_request_input
                0x00000000000094a4       0xc0 contiki-srf06-cc26xx.a(uip-icmp6.o)
 .text.uip_icmp6_input
                0x0000000000009564       0x44 contiki-srf06-cc26xx.a(uip-icmp6.o)
                0x0000000000009564                uip_icmp6_input
 .text.uip_icmp6_register_input_handler
                0x00000000000095a8       0x10 contiki-srf06-cc26xx.a(uip-icmp6.o)
                0x00000000000095a8                uip_icmp6_register_input_handler
 .text.uip_icmp6_error_output
                0x00000000000095b8      0x198 contiki-srf06-cc26xx.a(uip-icmp6.o)
                0x00000000000095b8                uip_icmp6_error_output
 .text.uip_icmp6_send
                0x0000000000009750       0x94 contiki-srf06-cc26xx.a(uip-icmp6.o)
                0x0000000000009750                uip_icmp6_send
 .text.uip_icmp6_init
                0x00000000000097e4       0x2c contiki-srf06-cc26xx.a(uip-icmp6.o)
                0x00000000000097e4                uip_icmp6_init
 .text.uip_nd6_init
                0x0000000000009810        0x4 contiki-srf06-cc26xx.a(uip-nd6.o)
                0x0000000000009810                uip_nd6_init
 .text.start_periodic_tcp_timer
                0x0000000000009814       0x24 contiki-srf06-cc26xx.a(tcpip.o)
 .text.tcpip_set_outputfunc
                0x0000000000009838        0xc contiki-srf06-cc26xx.a(tcpip.o)
                0x0000000000009838                tcpip_set_outputfunc
 .text.tcpip_icmp6_call
                0x0000000000009844       0x30 contiki-srf06-cc26xx.a(tcpip.o)
                0x0000000000009844                tcpip_icmp6_call
 .text.tcpip_input
                0x0000000000009874       0x2c contiki-srf06-cc26xx.a(tcpip.o)
                0x0000000000009874                tcpip_input
 .text.tcpip_ipv6_output
                0x00000000000098a0       0xdc contiki-srf06-cc26xx.a(tcpip.o)
                0x00000000000098a0                tcpip_ipv6_output
 .text.process_thread_tcpip_process
                0x000000000000997c      0x204 contiki-srf06-cc26xx.a(tcpip.o)
 .text.tcpip_uipcall
                0x0000000000009b80       0x78 contiki-srf06-cc26xx.a(tcpip.o)
                0x0000000000009b80                tcpip_uipcall
 .text.uip_debug_ipaddr_print
                0x0000000000009bf8       0xbc contiki-srf06-cc26xx.a(uip-debug.o)
                0x0000000000009bf8                uip_debug_ipaddr_print
 .text.rpl_get_mode
                0x0000000000009cb4        0xc contiki-srf06-cc26xx.a(rpl.o)
                0x0000000000009cb4                rpl_get_mode
 .text.rpl_purge_routes
                0x0000000000009cc0       0x7c contiki-srf06-cc26xx.a(rpl.o)
                0x0000000000009cc0                rpl_purge_routes
 .text.rpl_remove_routes
                0x0000000000009d3c       0x2c contiki-srf06-cc26xx.a(rpl.o)
                0x0000000000009d3c                rpl_remove_routes
 .text.rpl_remove_routes_by_nexthop
                0x0000000000009d68       0x38 contiki-srf06-cc26xx.a(rpl.o)
                0x0000000000009d68                rpl_remove_routes_by_nexthop
 .text.rpl_add_route
                0x0000000000009da0       0x30 contiki-srf06-cc26xx.a(rpl.o)
                0x0000000000009da0                rpl_add_route
 .text.rpl_link_neighbor_callback
                0x0000000000009dd0       0x60 contiki-srf06-cc26xx.a(rpl.o)
                0x0000000000009dd0                rpl_link_neighbor_callback
 .text.rpl_ipv6_neighbor_callback
                0x0000000000009e30       0x30 contiki-srf06-cc26xx.a(rpl.o)
                0x0000000000009e30                rpl_ipv6_neighbor_callback
 .text.rpl_purge_dags
                0x0000000000009e60       0x44 contiki-srf06-cc26xx.a(rpl.o)
                0x0000000000009e60                rpl_purge_dags
 .text.rpl_init
                0x0000000000009ea4       0x50 contiki-srf06-cc26xx.a(rpl.o)
                0x0000000000009ea4                rpl_init
 .text.rpl_set_preferred_parent
                0x0000000000009ef4       0x28 contiki-srf06-cc26xx.a(rpl-dag.o)
 .text.set_ip_from_prefix
                0x0000000000009f1c       0x30 contiki-srf06-cc26xx.a(rpl-dag.o)
 .text.check_prefix
                0x0000000000009f4c       0x70 contiki-srf06-cc26xx.a(rpl-dag.o)
 .text.find_parent_any_dag_any_instance
                0x0000000000009fbc       0x20 contiki-srf06-cc26xx.a(rpl-dag.o)
 .text.lollipop_greater_than
                0x0000000000009fdc       0x3c contiki-srf06-cc26xx.a(rpl-dag.o)
 .text.rpl_dag_init
                0x000000000000a018       0x18 contiki-srf06-cc26xx.a(rpl-dag.o)
                0x000000000000a018                rpl_dag_init
 .text.rpl_get_parent
                0x000000000000a030       0x10 contiki-srf06-cc26xx.a(rpl-dag.o)
                0x000000000000a030                rpl_get_parent
 .text.rpl_rank_via_parent
                0x000000000000a040       0x20 contiki-srf06-cc26xx.a(rpl-dag.o)
                0x000000000000a040                rpl_rank_via_parent
 .text.rpl_get_parent_ipaddr
                0x000000000000a060       0x1c contiki-srf06-cc26xx.a(rpl-dag.o)
                0x000000000000a060                rpl_get_parent_ipaddr
 .text.rpl_get_parent_link_stats
                0x000000000000a07c       0x1c contiki-srf06-cc26xx.a(rpl-dag.o)
                0x000000000000a07c                rpl_get_parent_link_stats
 .text.best_parent
                0x000000000000a098       0x7c contiki-srf06-cc26xx.a(rpl-dag.o)
 .text.rpl_parent_is_fresh
                0x000000000000a114       0x10 contiki-srf06-cc26xx.a(rpl-dag.o)
                0x000000000000a114                rpl_parent_is_fresh
 .text.rpl_parent_is_reachable
                0x000000000000a124       0x40 contiki-srf06-cc26xx.a(rpl-dag.o)
                0x000000000000a124                rpl_parent_is_reachable
 .text.rpl_repair_root
                0x000000000000a164       0x68 contiki-srf06-cc26xx.a(rpl-dag.o)
                0x000000000000a164                rpl_repair_root
 .text.rpl_set_prefix
                0x000000000000a1cc       0x94 contiki-srf06-cc26xx.a(rpl-dag.o)
                0x000000000000a1cc                rpl_set_prefix
 .text.rpl_set_default_route
                0x000000000000a260       0x30 contiki-srf06-cc26xx.a(rpl-dag.o)
                0x000000000000a260                rpl_set_default_route
 .text.rpl_alloc_instance
                0x000000000000a290       0x34 contiki-srf06-cc26xx.a(rpl-dag.o)
                0x000000000000a290                rpl_alloc_instance
 .text.rpl_alloc_dag
                0x000000000000a2c4       0x60 contiki-srf06-cc26xx.a(rpl-dag.o)
                0x000000000000a2c4                rpl_alloc_dag
 .text.rpl_add_parent
                0x000000000000a324       0x30 contiki-srf06-cc26xx.a(rpl-dag.o)
                0x000000000000a324                rpl_add_parent
 .text.rpl_find_parent
                0x000000000000a354       0x18 contiki-srf06-cc26xx.a(rpl-dag.o)
                0x000000000000a354                rpl_find_parent
 .text.rpl_find_parent_any_dag
                0x000000000000a36c       0x1c contiki-srf06-cc26xx.a(rpl-dag.o)
                0x000000000000a36c                rpl_find_parent_any_dag
 .text.rpl_select_parent
                0x000000000000a388       0x58 contiki-srf06-cc26xx.a(rpl-dag.o)
                0x000000000000a388                rpl_select_parent
 .text.rpl_select_dag
                0x000000000000a3e0      0x184 contiki-srf06-cc26xx.a(rpl-dag.o)
                0x000000000000a3e0                rpl_select_dag
 .text.rpl_nullify_parent
                0x000000000000a564       0x58 contiki-srf06-cc26xx.a(rpl-dag.o)
                0x000000000000a564                rpl_nullify_parent
 .text.rpl_remove_parent
                0x000000000000a5bc       0x1c contiki-srf06-cc26xx.a(rpl-dag.o)
                0x000000000000a5bc                rpl_remove_parent
 .text.nbr_callback
                0x000000000000a5d8        0x4 contiki-srf06-cc26xx.a(rpl-dag.o)
 .text.remove_parents.constprop.5
                0x000000000000a5dc       0x44 contiki-srf06-cc26xx.a(rpl-dag.o)
 .text.rpl_free_dag
                0x000000000000a620       0x3c contiki-srf06-cc26xx.a(rpl-dag.o)
                0x000000000000a620                rpl_free_dag
 .text.rpl_move_parent
                0x000000000000a65c       0x58 contiki-srf06-cc26xx.a(rpl-dag.o)
                0x000000000000a65c                rpl_move_parent
 .text.rpl_get_any_dag
                0x000000000000a6b4       0x1c contiki-srf06-cc26xx.a(rpl-dag.o)
                0x000000000000a6b4                rpl_get_any_dag
 .text.rpl_get_instance
                0x000000000000a6d0       0x20 contiki-srf06-cc26xx.a(rpl-dag.o)
                0x000000000000a6d0                rpl_get_instance
 .text.rpl_join_instance
                0x000000000000a6f0      0x15c contiki-srf06-cc26xx.a(rpl-dag.o)
                0x000000000000a6f0                rpl_join_instance
 .text.rpl_local_repair
                0x000000000000a84c       0x8c contiki-srf06-cc26xx.a(rpl-dag.o)
                0x000000000000a84c                rpl_local_repair
 .text.rpl_process_parent_event
                0x000000000000a8d8       0xa0 contiki-srf06-cc26xx.a(rpl-dag.o)
                0x000000000000a8d8                rpl_process_parent_event
 .text.rpl_add_dag
                0x000000000000a978      0x150 contiki-srf06-cc26xx.a(rpl-dag.o)
                0x000000000000a978                rpl_add_dag
 .text.rpl_recalculate_ranks
                0x000000000000aac8       0x48 contiki-srf06-cc26xx.a(rpl-dag.o)
                0x000000000000aac8                rpl_recalculate_ranks
 .text.rpl_process_dio
                0x000000000000ab10      0x36c contiki-srf06-cc26xx.a(rpl-dag.o)
                0x000000000000ab10                rpl_process_dio
 .text.update_hbh_header
                0x000000000000ae7c       0xd0 contiki-srf06-cc26xx.a(rpl-ext-header.)
 .text.insert_hbh_header.isra.0
                0x000000000000af4c       0xbc contiki-srf06-cc26xx.a(rpl-ext-header.)
 .text.rpl_verify_hbh_header
                0x000000000000b008      0x100 contiki-srf06-cc26xx.a(rpl-ext-header.)
                0x000000000000b008                rpl_verify_hbh_header
 .text.rpl_remove_header
                0x000000000000b108       0x8c contiki-srf06-cc26xx.a(rpl-ext-header.)
                0x000000000000b108                rpl_remove_header
 .text.rpl_update_header
                0x000000000000b194       0x70 contiki-srf06-cc26xx.a(rpl-ext-header.)
                0x000000000000b194                rpl_update_header
 .text.get32    0x000000000000b204       0x18 contiki-srf06-cc26xx.a(rpl-icmp6.o)
 .text.dao_ack_input
                0x000000000000b21c       0x18 contiki-srf06-cc26xx.a(rpl-icmp6.o)
 .text.dao_output_target_seq
                0x000000000000b234      0x120 contiki-srf06-cc26xx.a(rpl-icmp6.o)
 .text.dio_input
                0x000000000000b354      0x29c contiki-srf06-cc26xx.a(rpl-icmp6.o)
 .text.rpl_icmp6_update_nbr_table
                0x000000000000b5f0       0x38 contiki-srf06-cc26xx.a(rpl-icmp6.o)
                0x000000000000b5f0                rpl_icmp6_update_nbr_table
 .text.dao_input
                0x000000000000b628      0x2f8 contiki-srf06-cc26xx.a(rpl-icmp6.o)
 .text.dis_output
                0x000000000000b920       0x5c contiki-srf06-cc26xx.a(rpl-icmp6.o)
                0x000000000000b920                dis_output
 .text.dio_output
                0x000000000000b97c      0x2fc contiki-srf06-cc26xx.a(rpl-icmp6.o)
                0x000000000000b97c                dio_output
 .text.dis_input
                0x000000000000bc78       0x5c contiki-srf06-cc26xx.a(rpl-icmp6.o)
 .text.dao_output
                0x000000000000bcd4       0xa0 contiki-srf06-cc26xx.a(rpl-icmp6.o)
                0x000000000000bcd4                dao_output
 .text.dao_output_target
                0x000000000000bd74       0x10 contiki-srf06-cc26xx.a(rpl-icmp6.o)
                0x000000000000bd74                dao_output_target
 .text.rpl_icmp6_register_handlers
                0x000000000000bd84       0x38 contiki-srf06-cc26xx.a(rpl-icmp6.o)
                0x000000000000bd84                rpl_icmp6_register_handlers
 .text.reset    0x000000000000bdbc        0x4 contiki-srf06-cc26xx.a(rpl-mrhof.o)
 .text.update_metric_container
                0x000000000000bdc0        0x8 contiki-srf06-cc26xx.a(rpl-mrhof.o)
 .text.parent_link_metric
                0x000000000000bdc8       0x14 contiki-srf06-cc26xx.a(rpl-mrhof.o)
 .text.parent_has_usable_link
                0x000000000000bddc       0x18 contiki-srf06-cc26xx.a(rpl-mrhof.o)
 .text.best_dag
                0x000000000000bdf4       0x2c contiki-srf06-cc26xx.a(rpl-mrhof.o)
 .text.parent_path_cost
                0x000000000000be20       0x44 contiki-srf06-cc26xx.a(rpl-mrhof.o)
 .text.parent_is_acceptable
                0x000000000000be64       0x30 contiki-srf06-cc26xx.a(rpl-mrhof.o)
 .text.rank_via_parent
                0x000000000000be94       0x34 contiki-srf06-cc26xx.a(rpl-mrhof.o)
 .text.best_parent
                0x000000000000bec8       0x68 contiki-srf06-cc26xx.a(rpl-mrhof.o)
 .text.new_dio_interval
                0x000000000000bf30       0x68 contiki-srf06-cc26xx.a(rpl-timers.o)
 .text.handle_periodic_timer
                0x000000000000bf98       0x60 contiki-srf06-cc26xx.a(rpl-timers.o)
 .text.set_dao_lifetime_timer
                0x000000000000bff8       0x50 contiki-srf06-cc26xx.a(rpl-timers.o)
 .text.handle_unicast_dio_timer
                0x000000000000c048       0x1c contiki-srf06-cc26xx.a(rpl-timers.o)
 .text.handle_dio_timer
                0x000000000000c064       0x94 contiki-srf06-cc26xx.a(rpl-timers.o)
 .text.schedule_dao
                0x000000000000c0f8       0x54 contiki-srf06-cc26xx.a(rpl-timers.o)
 .text.handle_dao_timer
                0x000000000000c14c       0x60 contiki-srf06-cc26xx.a(rpl-timers.o)
 .text.rpl_reset_periodic_timer
                0x000000000000c1ac       0x44 contiki-srf06-cc26xx.a(rpl-timers.o)
                0x000000000000c1ac                rpl_reset_periodic_timer
 .text.rpl_reset_dio_timer
                0x000000000000c1f0       0x1c contiki-srf06-cc26xx.a(rpl-timers.o)
                0x000000000000c1f0                rpl_reset_dio_timer
 .text.rpl_schedule_dao
                0x000000000000c20c        0x8 contiki-srf06-cc26xx.a(rpl-timers.o)
                0x000000000000c20c                rpl_schedule_dao
 .text.rpl_schedule_unicast_dio_immediately
                0x000000000000c214       0x14 contiki-srf06-cc26xx.a(rpl-timers.o)
                0x000000000000c214                rpl_schedule_unicast_dio_immediately
 .text.get_probing_delay
                0x000000000000c228       0x50 contiki-srf06-cc26xx.a(rpl-timers.o)
                0x000000000000c228                get_probing_delay
 .text.get_probing_target
                0x000000000000c278       0xf4 contiki-srf06-cc26xx.a(rpl-timers.o)
                0x000000000000c278                get_probing_target
 .text.rpl_schedule_probing
                0x000000000000c36c       0x24 contiki-srf06-cc26xx.a(rpl-timers.o)
                0x000000000000c36c                rpl_schedule_probing
 .text.handle_probing_timer
                0x000000000000c390       0x34 contiki-srf06-cc26xx.a(rpl-timers.o)
 .text.SafeHapiVoid
                0x000000000000c3c4       0x34 contiki-srf06-cc26xx.a(adi.o)
                0x000000000000c3c4                SafeHapiVoid
 .text.NOROM_AONRTCCurrentCompareValueGet
                0x000000000000c3f8       0x28 contiki-srf06-cc26xx.a(aon_rtc.o)
                0x000000000000c3f8                NOROM_AONRTCCurrentCompareValueGet
 .text.NOROM_ChipInfo_GetSupportedProtocol_BV
                0x000000000000c420       0x10 contiki-srf06-cc26xx.a(chipinfo.o)
                0x000000000000c420                NOROM_ChipInfo_GetSupportedProtocol_BV
 .text.NOROM_ChipInfo_GetChipFamily
                0x000000000000c430       0x50 contiki-srf06-cc26xx.a(chipinfo.o)
                0x000000000000c430                NOROM_ChipInfo_GetChipFamily
 .text.NOROM_ChipInfo_GetChipType
                0x000000000000c480       0x5c contiki-srf06-cc26xx.a(chipinfo.o)
                0x000000000000c480                NOROM_ChipInfo_GetChipType
 .text.NOROM_ChipInfo_GetHwRevision
                0x000000000000c4dc       0x94 contiki-srf06-cc26xx.a(chipinfo.o)
                0x000000000000c4dc                NOROM_ChipInfo_GetHwRevision
 .text.NOROM_ThisCodeIsBuiltForCC26xxHwRev22AndLater_HaltIfViolated
                0x000000000000c570       0x14 contiki-srf06-cc26xx.a(chipinfo.o)
                0x000000000000c570                NOROM_ThisCodeIsBuiltForCC26xxHwRev22AndLater_HaltIfViolated
 .text.NOROM_CPUcpsid
                0x000000000000c584        0x8 contiki-srf06-cc26xx.a(cpu.o)
                0x000000000000c584                NOROM_CPUcpsid
 .text.NOROM_CPUcpsie
                0x000000000000c58c        0x8 contiki-srf06-cc26xx.a(cpu.o)
                0x000000000000c58c                NOROM_CPUcpsie
 .text.NOROM_CPUdelay
                0x000000000000c594        0x8 contiki-srf06-cc26xx.a(cpu.o)
                0x000000000000c594                NOROM_CPUdelay
 .text.NOROM_DDI32RegWrite
                0x000000000000c59c       0x3c contiki-srf06-cc26xx.a(ddi.o)
                0x000000000000c59c                NOROM_DDI32RegWrite
 .text.NOROM_DDI16BitfieldWrite
                0x000000000000c5d8       0x50 contiki-srf06-cc26xx.a(ddi.o)
                0x000000000000c5d8                NOROM_DDI16BitfieldWrite
 .text.NOROM_DDI16BitfieldRead
                0x000000000000c628       0x54 contiki-srf06-cc26xx.a(ddi.o)
                0x000000000000c628                NOROM_DDI16BitfieldRead
 .text.NOROM_OSCClockSourceSet
                0x000000000000c67c       0x60 contiki-srf06-cc26xx.a(osc.o)
                0x000000000000c67c                NOROM_OSCClockSourceSet
 .text.NOROM_OSCClockSourceGet
                0x000000000000c6dc       0x24 contiki-srf06-cc26xx.a(osc.o)
                0x000000000000c6dc                NOROM_OSCClockSourceGet
 .text.NOROM_PowerCtrlSourceSet
                0x000000000000c700       0x34 contiki-srf06-cc26xx.a(pwr_ctrl.o)
                0x000000000000c700                NOROM_PowerCtrlSourceSet
 .text.TrimAfterColdResetWakeupFromShutDown
                0x000000000000c734      0x104 contiki-srf06-cc26xx.a(setup.o)
 .text.NOROM_SetupTrimDevice
                0x000000000000c838       0xb4 contiki-srf06-cc26xx.a(setup.o)
                0x000000000000c838                NOROM_SetupTrimDevice
 .text.NOROM_SetupAfterColdResetWakeupFromShutDownCfg1
                0x000000000000c8ec       0x80 contiki-srf06-cc26xx.a(setup_rom.o)
                0x000000000000c8ec                NOROM_SetupAfterColdResetWakeupFromShutDownCfg1
 .text.NOROM_SetupAfterColdResetWakeupFromShutDownCfg3
                0x000000000000c96c      0x1f0 contiki-srf06-cc26xx.a(setup_rom.o)
                0x000000000000c96c                NOROM_SetupAfterColdResetWakeupFromShutDownCfg3
 .text.NOROM_SetupGetTrimForAnabypassValue1
                0x000000000000cb5c       0x64 contiki-srf06-cc26xx.a(setup_rom.o)
                0x000000000000cb5c                NOROM_SetupGetTrimForAnabypassValue1
 .text.NOROM_SetupGetTrimForAmpcompCtrl
                0x000000000000cbc0       0x78 contiki-srf06-cc26xx.a(setup_rom.o)
                0x000000000000cbc0                NOROM_SetupGetTrimForAmpcompCtrl
 .text.NOROM_SetupAfterColdResetWakeupFromShutDownCfg2
                0x000000000000cc38      0x220 contiki-srf06-cc26xx.a(setup_rom.o)
                0x000000000000cc38                NOROM_SetupAfterColdResetWakeupFromShutDownCfg2
 .text.NOROM_SetupSetCacheModeAccordingToCcfgSetting
                0x000000000000ce58       0x78 contiki-srf06-cc26xx.a(setup_rom.o)
                0x000000000000ce58                NOROM_SetupSetCacheModeAccordingToCcfgSetting
 .text.NOROM_SysCtrlSetRechargeBeforePowerDown
                0x000000000000ced0      0x2b0 contiki-srf06-cc26xx.a(sys_ctrl.o)
                0x000000000000ced0                NOROM_SysCtrlSetRechargeBeforePowerDown
 .text.NOROM_SysCtrlAdjustRechargeAfterPowerDown
                0x000000000000d180       0x80 contiki-srf06-cc26xx.a(sys_ctrl.o)
                0x000000000000d180                NOROM_SysCtrlAdjustRechargeAfterPowerDown
 .text.NOROM_SysCtrl_DCDC_VoltageConditionalControl
                0x000000000000d200       0x88 contiki-srf06-cc26xx.a(sys_ctrl.o)
                0x000000000000d200                NOROM_SysCtrl_DCDC_VoltageConditionalControl
 .text.NOROM_TRNGConfigure
                0x000000000000d288       0x3c contiki-srf06-cc26xx.a(trng.o)
                0x000000000000d288                NOROM_TRNGConfigure
 .text.linkaddr_copy
                0x000000000000d2c4        0xc contiki-srf06-cc26xx.a(linkaddr.o)
                0x000000000000d2c4                linkaddr_copy
 .text.linkaddr_cmp
                0x000000000000d2d0       0x14 contiki-srf06-cc26xx.a(linkaddr.o)
                0x000000000000d2d0                linkaddr_cmp
 .text.periodic
                0x000000000000d2e4       0x38 contiki-srf06-cc26xx.a(link-stats.o)
 .text.link_stats_from_lladdr
                0x000000000000d31c       0x10 contiki-srf06-cc26xx.a(link-stats.o)
                0x000000000000d31c                link_stats_from_lladdr
 .text.link_stats_is_fresh
                0x000000000000d32c       0x24 contiki-srf06-cc26xx.a(link-stats.o)
                0x000000000000d32c                link_stats_is_fresh
 .text.link_stats_packet_sent
                0x000000000000d350       0x94 contiki-srf06-cc26xx.a(link-stats.o)
                0x000000000000d350                link_stats_packet_sent
 .text.link_stats_input_callback
                0x000000000000d3e4       0x68 contiki-srf06-cc26xx.a(link-stats.o)
                0x000000000000d3e4                link_stats_input_callback
 .text.link_stats_init
                0x000000000000d44c       0x30 contiki-srf06-cc26xx.a(link-stats.o)
                0x000000000000d44c                link_stats_init
 .text.nbr_set_bit
                0x000000000000d47c       0x4c contiki-srf06-cc26xx.a(nbr-table.o)
 .text.index_from_lladdr
                0x000000000000d4c8       0x58 contiki-srf06-cc26xx.a(nbr-table.o)
 .text.nbr_get_bit.constprop.0
                0x000000000000d520       0x38 contiki-srf06-cc26xx.a(nbr-table.o)
 .text.remove_key
                0x000000000000d558       0xa4 contiki-srf06-cc26xx.a(nbr-table.o)
 .text.nbr_table_register
                0x000000000000d5fc       0x30 contiki-srf06-cc26xx.a(nbr-table.o)
                0x000000000000d5fc                nbr_table_register
 .text.nbr_table_next
                0x000000000000d62c       0x84 contiki-srf06-cc26xx.a(nbr-table.o)
                0x000000000000d62c                nbr_table_next
 .text.nbr_table_head
                0x000000000000d6b0       0x60 contiki-srf06-cc26xx.a(nbr-table.o)
                0x000000000000d6b0                nbr_table_head
 .text.nbr_table_add_lladdr
                0x000000000000d710      0x198 contiki-srf06-cc26xx.a(nbr-table.o)
                0x000000000000d710                nbr_table_add_lladdr
 .text.nbr_table_get_from_lladdr
                0x000000000000d8a8       0x34 contiki-srf06-cc26xx.a(nbr-table.o)
                0x000000000000d8a8                nbr_table_get_from_lladdr
 .text.nbr_table_remove
                0x000000000000d8dc       0x30 contiki-srf06-cc26xx.a(nbr-table.o)
                0x000000000000d8dc                nbr_table_remove
 .text.nbr_table_lock
                0x000000000000d90c       0x14 contiki-srf06-cc26xx.a(nbr-table.o)
                0x000000000000d90c                nbr_table_lock
 .text.nbr_table_unlock
                0x000000000000d920       0x14 contiki-srf06-cc26xx.a(nbr-table.o)
                0x000000000000d920                nbr_table_unlock
 .text.nbr_table_get_lladdr
                0x000000000000d934       0x3c contiki-srf06-cc26xx.a(nbr-table.o)
                0x000000000000d934                nbr_table_get_lladdr
 .text.netstack_init
                0x000000000000d970       0x40 contiki-srf06-cc26xx.a(netstack.o)
                0x000000000000d970                netstack_init
 .text.packetbuf_copyto
                0x000000000000d9b0       0x54 contiki-srf06-cc26xx.a(packetbuf.o)
                0x000000000000d9b0                packetbuf_copyto
 .text.packetbuf_hdralloc
                0x000000000000da04       0x60 contiki-srf06-cc26xx.a(packetbuf.o)
                0x000000000000da04                packetbuf_hdralloc
 .text.packetbuf_hdrreduce
                0x000000000000da64       0x34 contiki-srf06-cc26xx.a(packetbuf.o)
                0x000000000000da64                packetbuf_hdrreduce
 .text.packetbuf_set_datalen
                0x000000000000da98        0xc contiki-srf06-cc26xx.a(packetbuf.o)
                0x000000000000da98                packetbuf_set_datalen
 .text.packetbuf_dataptr
                0x000000000000daa4       0x24 contiki-srf06-cc26xx.a(packetbuf.o)
                0x000000000000daa4                packetbuf_dataptr
 .text.packetbuf_hdrptr
                0x000000000000dac8        0xc contiki-srf06-cc26xx.a(packetbuf.o)
                0x000000000000dac8                packetbuf_hdrptr
 .text.packetbuf_datalen
                0x000000000000dad4        0xc contiki-srf06-cc26xx.a(packetbuf.o)
                0x000000000000dad4                packetbuf_datalen
 .text.packetbuf_totlen
                0x000000000000dae0       0x28 contiki-srf06-cc26xx.a(packetbuf.o)
                0x000000000000dae0                packetbuf_totlen
 .text.packetbuf_attr_clear
                0x000000000000db08       0x54 contiki-srf06-cc26xx.a(packetbuf.o)
                0x000000000000db08                packetbuf_attr_clear
 .text.packetbuf_clear
                0x000000000000db5c       0x24 contiki-srf06-cc26xx.a(packetbuf.o)
                0x000000000000db5c                packetbuf_clear
 .text.packetbuf_copyfrom
                0x000000000000db80       0x48 contiki-srf06-cc26xx.a(packetbuf.o)
                0x000000000000db80                packetbuf_copyfrom
 .text.packetbuf_attr_copyto
                0x000000000000dbc8       0x3c contiki-srf06-cc26xx.a(packetbuf.o)
                0x000000000000dbc8                packetbuf_attr_copyto
 .text.packetbuf_attr_copyfrom
                0x000000000000dc04       0x3c contiki-srf06-cc26xx.a(packetbuf.o)
                0x000000000000dc04                packetbuf_attr_copyfrom
 .text.packetbuf_set_attr
                0x000000000000dc40       0x10 contiki-srf06-cc26xx.a(packetbuf.o)
                0x000000000000dc40                packetbuf_set_attr
 .text.packetbuf_attr
                0x000000000000dc50       0x10 contiki-srf06-cc26xx.a(packetbuf.o)
                0x000000000000dc50                packetbuf_attr
 .text.packetbuf_set_addr
                0x000000000000dc60       0x18 contiki-srf06-cc26xx.a(packetbuf.o)
                0x000000000000dc60                packetbuf_set_addr
 .text.packetbuf_addr
                0x000000000000dc78       0x10 contiki-srf06-cc26xx.a(packetbuf.o)
                0x000000000000dc78                packetbuf_addr
 .text.packetbuf_holds_broadcast
                0x000000000000dc88       0x14 contiki-srf06-cc26xx.a(packetbuf.o)
                0x000000000000dc88                packetbuf_holds_broadcast
 .text.queuebuf_init
                0x000000000000dc9c       0x20 contiki-srf06-cc26xx.a(queuebuf.o)
                0x000000000000dc9c                queuebuf_init
 .text.queuebuf_numfree
                0x000000000000dcbc        0xc contiki-srf06-cc26xx.a(queuebuf.o)
                0x000000000000dcbc                queuebuf_numfree
 .text.queuebuf_new_from_packetbuf
                0x000000000000dcc8       0x50 contiki-srf06-cc26xx.a(queuebuf.o)
                0x000000000000dcc8                queuebuf_new_from_packetbuf
 .text.queuebuf_update_attr_from_packetbuf
                0x000000000000dd18        0xc contiki-srf06-cc26xx.a(queuebuf.o)
                0x000000000000dd18                queuebuf_update_attr_from_packetbuf
 .text.queuebuf_update_from_packetbuf
                0x000000000000dd24       0x1c contiki-srf06-cc26xx.a(queuebuf.o)
                0x000000000000dd24                queuebuf_update_from_packetbuf
 .text.queuebuf_free
                0x000000000000dd40       0x38 contiki-srf06-cc26xx.a(queuebuf.o)
                0x000000000000dd40                queuebuf_free
 .text.queuebuf_to_packetbuf
                0x000000000000dd78       0x34 contiki-srf06-cc26xx.a(queuebuf.o)
                0x000000000000dd78                queuebuf_to_packetbuf
 .text.queuebuf_attr
                0x000000000000ddac        0xc contiki-srf06-cc26xx.a(queuebuf.o)
                0x000000000000ddac                queuebuf_attr
 .text.input_packet
                0x000000000000ddb8       0x10 contiki-srf06-cc26xx.a(csma.o)
 .text.on       0x000000000000ddc8       0x10 contiki-srf06-cc26xx.a(csma.o)
 .text.off      0x000000000000ddd8       0x10 contiki-srf06-cc26xx.a(csma.o)
 .text.channel_check_interval
                0x000000000000dde8       0x14 contiki-srf06-cc26xx.a(csma.o)
 .text.transmit_packet_list
                0x000000000000ddfc       0x28 contiki-srf06-cc26xx.a(csma.o)
 .text.schedule_transmission
                0x000000000000de24       0x54 contiki-srf06-cc26xx.a(csma.o)
 .text.send_packet
                0x000000000000de78      0x180 contiki-srf06-cc26xx.a(csma.o)
 .text.init     0x000000000000dff8       0x2c contiki-srf06-cc26xx.a(csma.o)
 .text.tx_done  0x000000000000e024       0x8c contiki-srf06-cc26xx.a(csma.o)
 .text.packet_sent
                0x000000000000e0b0       0xe8 contiki-srf06-cc26xx.a(csma.o)
 .text.parse    0x000000000000e198       0xa0 contiki-srf06-cc26xx.a(framer-802154.o)
 .text.create_frame.isra.0
                0x000000000000e238      0x14c contiki-srf06-cc26xx.a(framer-802154.o)
 .text.create   0x000000000000e384        0x8 contiki-srf06-cc26xx.a(framer-802154.o)
 .text.hdr_length
                0x000000000000e38c        0x8 contiki-srf06-cc26xx.a(framer-802154.o)
 .text.mac_call_sent_callback
                0x000000000000e394       0x10 contiki-srf06-cc26xx.a(mac.o)
                0x000000000000e394                mac_call_sent_callback
 .text.duty_cycle
                0x000000000000e3a4        0x4 contiki-srf06-cc26xx.a(contikimac.o)
 .text.init     0x000000000000e3a8       0x4c contiki-srf06-cc26xx.a(contikimac.o)
 .text.on       0x000000000000e3f4       0x30 contiki-srf06-cc26xx.a(contikimac.o)
 .text.off      0x000000000000e424       0x3c contiki-srf06-cc26xx.a(contikimac.o)
 .text.recv_burst_off
                0x000000000000e460       0x14 contiki-srf06-cc26xx.a(contikimac.o)
 .text.powercycle_turn_radio_off.part.2
                0x000000000000e474       0x14 contiki-srf06-cc26xx.a(contikimac.o)
 .text.turn_off
                0x000000000000e488       0x44 contiki-srf06-cc26xx.a(contikimac.o)
 .text.turn_on  0x000000000000e4cc       0x48 contiki-srf06-cc26xx.a(contikimac.o)
 .text.schedule_powercycle_fixed.part.5
                0x000000000000e514       0x30 contiki-srf06-cc26xx.a(contikimac.o)
 .text.input_packet
                0x000000000000e544       0xb4 contiki-srf06-cc26xx.a(contikimac.o)
 .text.send_packet.isra.8
                0x000000000000e5f8      0x250 contiki-srf06-cc26xx.a(contikimac.o)
 .text.qsend_list
                0x000000000000e848       0xd0 contiki-srf06-cc26xx.a(contikimac.o)
 .text.qsend_packet
                0x000000000000e918       0x24 contiki-srf06-cc26xx.a(contikimac.o)
 .text.powercycle_wrapper
                0x000000000000e93c      0x2a0 contiki-srf06-cc26xx.a(contikimac.o)
 .text.init     0x000000000000ebdc        0x4 contiki-srf06-cc26xx.a(nullsec.o)
 .text.input    0x000000000000ebe0       0x10 contiki-srf06-cc26xx.a(nullsec.o)
 .text.send     0x000000000000ebf0       0x20 contiki-srf06-cc26xx.a(nullsec.o)
 .text.sensor_common_read_reg
                0x000000000000ec10       0x1c contiki-srf06-cc26xx.a(sensor-common.o)
                0x000000000000ec10                sensor_common_read_reg
 .text.sensor_common_write_reg
                0x000000000000ec2c       0x30 contiki-srf06-cc26xx.a(sensor-common.o)
                0x000000000000ec2c                sensor_common_write_reg
 .text.sensor_common_set_error_data
                0x000000000000ec5c       0x10 contiki-srf06-cc26xx.a(sensor-common.o)
                0x000000000000ec5c                sensor_common_set_error_data
 .text.verify_part
                0x000000000000ec6c       0x8c contiki-srf06-cc26xx.a(ext-flash.o)
 .text.wait_ready
                0x000000000000ecf8       0x74 contiki-srf06-cc26xx.a(ext-flash.o)
 .text.power_down
                0x000000000000ed6c       0x58 contiki-srf06-cc26xx.a(ext-flash.o)
 .text.ext_flash_open
                0x000000000000edc4       0x6c contiki-srf06-cc26xx.a(ext-flash.o)
                0x000000000000edc4                ext_flash_open
 .text.ext_flash_init
                0x000000000000ee30       0x14 contiki-srf06-cc26xx.a(ext-flash.o)
                0x000000000000ee30                ext_flash_init
 .text.buzzer_init
                0x000000000000ee44       0x10 contiki-srf06-cc26xx.a(buzzer.o)
                0x000000000000ee44                buzzer_init
 .text.buzzer_stop
                0x000000000000ee54       0x80 contiki-srf06-cc26xx.a(buzzer.o)
                0x000000000000ee54                buzzer_stop
 .text.accessible
                0x000000000000eed4       0x2c contiki-srf06-cc26xx.a(board-spi.o)
 .text.board_spi_write
                0x000000000000ef00       0x40 contiki-srf06-cc26xx.a(board-spi.o)
                0x000000000000ef00                board_spi_write
 .text.board_spi_read
                0x000000000000ef40       0x4c contiki-srf06-cc26xx.a(board-spi.o)
                0x000000000000ef40                board_spi_read
 .text.board_spi_flush
                0x000000000000ef8c       0x28 contiki-srf06-cc26xx.a(board-spi.o)
                0x000000000000ef8c                board_spi_flush
 .text.board_spi_open
                0x000000000000efb4       0xcc contiki-srf06-cc26xx.a(board-spi.o)
                0x000000000000efb4                board_spi_open
 .text.board_spi_close
                0x000000000000f080       0x74 contiki-srf06-cc26xx.a(board-spi.o)
                0x000000000000f080                board_spi_close
 .text.aux_ctrl_power_up
                0x000000000000f0f4       0x2c contiki-srf06-cc26xx.a(aux-ctrl.o)
                0x000000000000f0f4                aux_ctrl_power_up
 .text.aux_ctrl_register_consumer
                0x000000000000f120       0x44 contiki-srf06-cc26xx.a(aux-ctrl.o)
                0x000000000000f120                aux_ctrl_register_consumer
 .text.aux_ctrl_power_down
                0x000000000000f164       0x80 contiki-srf06-cc26xx.a(aux-ctrl.o)
                0x000000000000f164                aux_ctrl_power_down
 .text.aux_ctrl_unregister_consumer
                0x000000000000f1e4       0x2c contiki-srf06-cc26xx.a(aux-ctrl.o)
                0x000000000000f1e4                aux_ctrl_unregister_consumer
 .text.process_thread_rf_core_process
                0x000000000000f210       0x5c contiki-srf06-cc26xx.a(rf-core.o)
 .text.rf_core_is_accessible
                0x000000000000f26c       0x10 contiki-srf06-cc26xx.a(rf-core.o)
                0x000000000000f26c                rf_core_is_accessible
 .text.rf_core_send_cmd
                0x000000000000f27c       0xac contiki-srf06-cc26xx.a(rf-core.o)
                0x000000000000f27c                rf_core_send_cmd
 .text.rf_core_wait_cmd_done
                0x000000000000f328       0x34 contiki-srf06-cc26xx.a(rf-core.o)
                0x000000000000f328                rf_core_wait_cmd_done
 .text.rf_core_power_up
                0x000000000000f35c       0xc8 contiki-srf06-cc26xx.a(rf-core.o)
                0x000000000000f35c                rf_core_power_up
 .text.rf_core_start_rat
                0x000000000000f424       0x6c contiki-srf06-cc26xx.a(rf-core.o)
                0x000000000000f424                rf_core_start_rat
 .text.rf_core_stop_rat
                0x000000000000f490       0x80 contiki-srf06-cc26xx.a(rf-core.o)
                0x000000000000f490                rf_core_stop_rat
 .text.rf_core_power_down
                0x000000000000f510      0x104 contiki-srf06-cc26xx.a(rf-core.o)
                0x000000000000f510                rf_core_power_down
 .text.rf_core_set_modesel
                0x000000000000f614       0x54 contiki-srf06-cc26xx.a(rf-core.o)
                0x000000000000f614                rf_core_set_modesel
 .text.rf_core_boot
                0x000000000000f668       0x1c contiki-srf06-cc26xx.a(rf-core.o)
                0x000000000000f668                rf_core_boot
 .text.rf_core_restart_rat
                0x000000000000f684       0x20 contiki-srf06-cc26xx.a(rf-core.o)
                0x000000000000f684                rf_core_restart_rat
 .text.rf_core_setup_interrupts
                0x000000000000f6a4       0x80 contiki-srf06-cc26xx.a(rf-core.o)
                0x000000000000f6a4                rf_core_setup_interrupts
 .text.rf_core_cmd_done_en
                0x000000000000f724       0x2c contiki-srf06-cc26xx.a(rf-core.o)
                0x000000000000f724                rf_core_cmd_done_en
 .text.rf_core_cmd_done_dis
                0x000000000000f750       0x18 contiki-srf06-cc26xx.a(rf-core.o)
                0x000000000000f750                rf_core_cmd_done_dis
 .text.rf_core_get_last_radio_op
                0x000000000000f768        0xc contiki-srf06-cc26xx.a(rf-core.o)
                0x000000000000f768                rf_core_get_last_radio_op
 .text.rf_core_init_radio_op
                0x000000000000f774       0x1c contiki-srf06-cc26xx.a(rf-core.o)
                0x000000000000f774                rf_core_init_radio_op
 .text.rf_core_primary_mode_register
                0x000000000000f790        0xc contiki-srf06-cc26xx.a(rf-core.o)
                0x000000000000f790                rf_core_primary_mode_register
 .text.RFCCPE1IntHandler
                0x000000000000f79c       0x2c contiki-srf06-cc26xx.a(rf-core.o)
                0x000000000000f79c                RFCCPE1IntHandler
 .text.RFCCPE0IntHandler
                0x000000000000f7c8       0x6c contiki-srf06-cc26xx.a(rf-core.o)
                0x000000000000f7c8                RFCCPE0IntHandler
 .text.rf_ble_is_active
                0x000000000000f834        0xc contiki-srf06-cc26xx.a(rf-ble.o)
                0x000000000000f834                rf_ble_is_active
 .text.stimer_set
                0x000000000000f840       0x10 contiki-srf06-cc26xx.a(stimer.o)
                0x000000000000f840                stimer_set
 .text.stimer_expired
                0x000000000000f850       0x24 contiki-srf06-cc26xx.a(stimer.o)
                0x000000000000f850                stimer_expired
 .text.memb_init
                0x000000000000f874       0x24 contiki-srf06-cc26xx.a(memb.o)
                0x000000000000f874                memb_init
 .text.memb_alloc
                0x000000000000f898       0x3c contiki-srf06-cc26xx.a(memb.o)
                0x000000000000f898                memb_alloc
 .text.memb_free
                0x000000000000f8d4       0x44 contiki-srf06-cc26xx.a(memb.o)
                0x000000000000f8d4                memb_free
 .text.memb_inmemb
                0x000000000000f918       0x1c contiki-srf06-cc26xx.a(memb.o)
                0x000000000000f918                memb_inmemb
 .text.memb_numfree
                0x000000000000f934       0x24 contiki-srf06-cc26xx.a(memb.o)
                0x000000000000f934                memb_numfree
 .text.update_nbr
                0x000000000000f958      0x130 contiki-srf06-cc26xx.a(rpl-nbr-policy.)
 .text.handle_periodic_timer
                0x000000000000fa88       0x18 contiki-srf06-cc26xx.a(rpl-nbr-policy.)
 .text.find_removable_dio
                0x000000000000faa0       0x44 contiki-srf06-cc26xx.a(rpl-nbr-policy.)
                0x000000000000faa0                find_removable_dio
 .text.find_removable_dao
                0x000000000000fae4       0x38 contiki-srf06-cc26xx.a(rpl-nbr-policy.)
                0x000000000000fae4                find_removable_dao
 .text.rpl_nbr_policy_find_removable
                0x000000000000fb1c       0x48 contiki-srf06-cc26xx.a(rpl-nbr-policy.)
                0x000000000000fb1c                rpl_nbr_policy_find_removable
 .text.NOROM_AONBatMonTemperatureGetDegC
                0x000000000000fb64       0x38 contiki-srf06-cc26xx.a(aon_batmon.o)
                0x000000000000fb64                NOROM_AONBatMonTemperatureGetDegC
 .text.frame802154_get_pan_id
                0x000000000000fb9c        0xc contiki-srf06-cc26xx.a(frame802154.o)
                0x000000000000fb9c                frame802154_get_pan_id
 .text.frame802154_has_panid
                0x000000000000fba8       0xac contiki-srf06-cc26xx.a(frame802154.o)
                0x000000000000fba8                frame802154_has_panid
 .text.field_len
                0x000000000000fc54       0x9c contiki-srf06-cc26xx.a(frame802154.o)
 .text.frame802154_is_broadcast_addr
                0x000000000000fcf0       0x24 contiki-srf06-cc26xx.a(frame802154.o)
                0x000000000000fcf0                frame802154_is_broadcast_addr
 .text.frame802154_hdrlen
                0x000000000000fd14       0x34 contiki-srf06-cc26xx.a(frame802154.o)
                0x000000000000fd14                frame802154_hdrlen
 .text.frame802154_create
                0x000000000000fd48      0x118 contiki-srf06-cc26xx.a(frame802154.o)
                0x000000000000fd48                frame802154_create
 .text.frame802154_parse
                0x000000000000fe60      0x18c contiki-srf06-cc26xx.a(frame802154.o)
                0x000000000000fe60                frame802154_parse
 .text.mac_sequence_is_duplicate
                0x000000000000ffec       0x50 contiki-srf06-cc26xx.a(mac-sequence.o)
                0x000000000000ffec                mac_sequence_is_duplicate
 .text.mac_sequence_register_seqno
                0x000000000001003c       0x70 contiki-srf06-cc26xx.a(mac-sequence.o)
                0x000000000001003c                mac_sequence_register_seqno
 .text.exp2     0x00000000000100ac       0x10 /usr/lib/gcc/arm-none-eabi/4.8.2/../../../arm-none-eabi/lib/armv7-m/libm.a(lib_a-w_exp2.o)
                0x00000000000100ac                exp2
 .text.pow      0x00000000000100bc      0x32c /usr/lib/gcc/arm-none-eabi/4.8.2/../../../arm-none-eabi/lib/armv7-m/libm.a(lib_a-w_pow.o)
                0x00000000000100bc                pow
 .text.__ieee754_sqrt
                0x00000000000103e8      0x180 /usr/lib/gcc/arm-none-eabi/4.8.2/../../../arm-none-eabi/lib/armv7-m/libm.a(lib_a-e_sqrt.o)
                0x00000000000103e8                __ieee754_sqrt
 .text.fabs     0x0000000000010568        0x8 /usr/lib/gcc/arm-none-eabi/4.8.2/../../../arm-none-eabi/lib/armv7-m/libm.a(lib_a-s_fabs.o)
                0x0000000000010568                fabs
 .text.finite   0x0000000000010570        0xc /usr/lib/gcc/arm-none-eabi/4.8.2/../../../arm-none-eabi/lib/armv7-m/libm.a(lib_a-s_finite.o)
                0x0000000000010570                finite
 .text.__fpclassifyd
                0x000000000001057c       0x50 /usr/lib/gcc/arm-none-eabi/4.8.2/../../../arm-none-eabi/lib/armv7-m/libm.a(lib_a-s_fpclassify.o)
                0x000000000001057c                __fpclassifyd
 .text.matherr  0x00000000000105cc        0x4 /usr/lib/gcc/arm-none-eabi/4.8.2/../../../arm-none-eabi/lib/armv7-m/libm.a(lib_a-s_matherr.o)
                0x00000000000105cc                matherr
 .text.nan      0x00000000000105d0        0xc /usr/lib/gcc/arm-none-eabi/4.8.2/../../../arm-none-eabi/lib/armv7-m/libm.a(lib_a-s_nan.o)
                0x00000000000105d0                nan
 .text.rint     0x00000000000105dc      0x120 /usr/lib/gcc/arm-none-eabi/4.8.2/../../../arm-none-eabi/lib/armv7-m/libm.a(lib_a-s_rint.o)
                0x00000000000105dc                rint
 .text.copysign
                0x00000000000106fc       0x14 /usr/lib/gcc/arm-none-eabi/4.8.2/../../../arm-none-eabi/lib/armv7-m/libm.a(lib_a-s_copysign.o)
                0x00000000000106fc                copysign
 .text          0x0000000000010710      0x370 /usr/lib/gcc/arm-none-eabi/4.8.2/armv7-m/libgcc.a(_arm_addsubdf3.o)
                0x0000000000010710                __aeabi_drsub
                0x0000000000010718                __aeabi_dsub
                0x0000000000010718                __subdf3
                0x000000000001071c                __adddf3
                0x000000000001071c                __aeabi_dadd
                0x0000000000010994                __aeabi_ui2d
                0x0000000000010994                __floatunsidf
                0x00000000000109b4                __floatsidf
                0x00000000000109b4                __aeabi_i2d
                0x00000000000109d8                __extendsfdf2
                0x00000000000109d8                __aeabi_f2d
                0x0000000000010a14                __aeabi_ul2d
                0x0000000000010a14                __floatundidf
                0x0000000000010a24                __floatdidf
                0x0000000000010a24                __aeabi_l2d
 .text          0x0000000000010a80      0x424 /usr/lib/gcc/arm-none-eabi/4.8.2/armv7-m/libgcc.a(_arm_muldivdf3.o)
                0x0000000000010a80                __aeabi_dmul
                0x0000000000010a80                __muldf3
                0x0000000000010cd4                __aeabi_ddiv
                0x0000000000010cd4                __divdf3
 .text          0x0000000000010ea4      0x110 /usr/lib/gcc/arm-none-eabi/4.8.2/armv7-m/libgcc.a(_arm_cmpdf2.o)
                0x0000000000010ea4                __gtdf2
                0x0000000000010ea4                __gedf2
                0x0000000000010eac                __ltdf2
                0x0000000000010eac                __ledf2
                0x0000000000010eb4                __cmpdf2
                0x0000000000010eb4                __eqdf2
                0x0000000000010eb4                __nedf2
                0x0000000000010f30                __aeabi_cdrcmple
                0x0000000000010f40                __aeabi_cdcmple
                0x0000000000010f40                __aeabi_cdcmpeq
                0x0000000000010f50                __aeabi_dcmpeq
                0x0000000000010f64                __aeabi_dcmplt
                0x0000000000010f78                __aeabi_dcmple
                0x0000000000010f8c                __aeabi_dcmpge
                0x0000000000010fa0                __aeabi_dcmpgt
 .text          0x0000000000010fb4       0xa0 /usr/lib/gcc/arm-none-eabi/4.8.2/armv7-m/libgcc.a(_arm_truncdfsf2.o)
                0x0000000000010fb4                __aeabi_d2f
                0x0000000000010fb4                __truncdfsf2
 .text          0x0000000000011054      0x21c /usr/lib/gcc/arm-none-eabi/4.8.2/armv7-m/libgcc.a(_arm_addsubsf3.o)
                0x0000000000011054                __aeabi_frsub
                0x000000000001105c                __subsf3
                0x000000000001105c                __aeabi_fsub
                0x0000000000011060                __aeabi_fadd
                0x0000000000011060                __addsf3
                0x00000000000111c0                __aeabi_ui2f
                0x00000000000111c0                __floatunsisf
                0x00000000000111c8                __aeabi_i2f
                0x00000000000111c8                __floatsisf
                0x00000000000111e4                __floatundisf
                0x00000000000111e4                __aeabi_ul2f
                0x00000000000111f4                __floatdisf
                0x00000000000111f4                __aeabi_l2f
 .text          0x0000000000011270      0x2a0 /usr/lib/gcc/arm-none-eabi/4.8.2/armv7-m/libgcc.a(_arm_muldivsf3.o)
                0x0000000000011270                __mulsf3
                0x0000000000011270                __aeabi_fmul
                0x00000000000113d8                __divsf3
                0x00000000000113d8                __aeabi_fdiv
 .text          0x0000000000011510       0x4c /usr/lib/gcc/arm-none-eabi/4.8.2/armv7-m/libgcc.a(_arm_fixsfsi.o)
                0x0000000000011510                __fixsfsi
                0x0000000000011510                __aeabi_f2iz
 .text          0x000000000001155c       0x2c /usr/lib/gcc/arm-none-eabi/4.8.2/armv7-m/libgcc.a(_aeabi_uldivmod.o)
                0x000000000001155c                __aeabi_uldivmod
 .text          0x0000000000011588       0x60 /usr/lib/gcc/arm-none-eabi/4.8.2/armv7-m/libgcc.a(bpabi.o)
                0x0000000000011588                __gnu_ldivmod_helper
                0x00000000000115b8                __gnu_uldivmod_helper
 .text          0x00000000000115e8        0x4 /usr/lib/gcc/arm-none-eabi/4.8.2/armv7-m/libgcc.a(_dvmd_tls.o)
                0x00000000000115e8                __aeabi_ldiv0
                0x00000000000115e8                __aeabi_idiv0
 .text          0x00000000000115ec      0x2bc /usr/lib/gcc/arm-none-eabi/4.8.2/armv7-m/libgcc.a(_divdi3.o)
                0x00000000000115ec                __divdi3
 .text          0x00000000000118a8      0x284 /usr/lib/gcc/arm-none-eabi/4.8.2/armv7-m/libgcc.a(_udivdi3.o)
                0x00000000000118a8                __udivdi3
 .text.__errno  0x0000000000011b2c        0xc /usr/lib/gcc/arm-none-eabi/4.8.2/../../../arm-none-eabi/lib/armv7-m/libc.a(lib_a-errno.o)
                0x0000000000011b2c                __errno
 .text.memcmp   0x0000000000011b38       0x68 /usr/lib/gcc/arm-none-eabi/4.8.2/../../../arm-none-eabi/lib/armv7-m/libc.a(lib_a-memcmp.o)
                0x0000000000011b38                memcmp
 .text          0x0000000000011ba0       0xec /usr/lib/gcc/arm-none-eabi/4.8.2/../../../arm-none-eabi/lib/armv7-m/libc.a(lib_a-memcpy.o)
                0x0000000000011ba0                memcpy
 .text.memmove  0x0000000000011c8c       0xcc /usr/lib/gcc/arm-none-eabi/4.8.2/../../../arm-none-eabi/lib/armv7-m/libc.a(lib_a-memmove.o)
                0x0000000000011c8c                memmove
 .text.memset   0x0000000000011d58       0x94 /usr/lib/gcc/arm-none-eabi/4.8.2/../../../arm-none-eabi/lib/armv7-m/libc.a(lib_a-memset.o)
                0x0000000000011d58                memset
 .text.strlen   0x0000000000011dec       0x60 /usr/lib/gcc/arm-none-eabi/4.8.2/../../../arm-none-eabi/lib/armv7-m/libc.a(lib_a-strlen.o)
                0x0000000000011dec                strlen
 *(SORT(.rodata*))
 *fill*         0x0000000000011e4c        0x4 00000000
 .rodata.dp_h   0x0000000000011e50       0x10 /usr/lib/gcc/arm-none-eabi/4.8.2/../../../arm-none-eabi/lib/armv7-m/libm.a(lib_a-e_pow.o)
 .rodata.dp_l   0x0000000000011e60       0x10 /usr/lib/gcc/arm-none-eabi/4.8.2/../../../arm-none-eabi/lib/armv7-m/libm.a(lib_a-e_pow.o)
 .rodata.bp     0x0000000000011e70       0x10 /usr/lib/gcc/arm-none-eabi/4.8.2/../../../arm-none-eabi/lib/armv7-m/libm.a(lib_a-e_pow.o)
 .rodata.TWO52  0x0000000000011e80       0x10 /usr/lib/gcc/arm-none-eabi/4.8.2/../../../arm-none-eabi/lib/armv7-m/libm.a(lib_a-s_rint.o)
 .rodata.autostart_processes
                0x0000000000011e90        0x8 cc26xx-demo.co
                0x0000000000011e90                autostart_processes
 .rodata.str1.4
                0x0000000000011e98       0x14 cc26xx-demo.co
 .rodata.str1.4
                0x0000000000011eac       0xe2 contiki-srf06-cc26xx.a(contiki-main.o)
                                         0xe4 (size before relaxing)
 *fill*         0x0000000000011f8e        0x2 00000000
 .rodata.str1.4
                0x0000000000011f90       0x1c contiki-srf06-cc26xx.a(sensors.o)
 .rodata.str1.4
                0x0000000000011fac        0x7 contiki-srf06-cc26xx.a(bmp-280-sensor.)
                                          0x8 (size before relaxing)
 *fill*         0x0000000000011fb3        0x1 00000000
 .rodata.bmp_280_sensor
                0x0000000000011fb4       0x10 contiki-srf06-cc26xx.a(bmp-280-sensor.)
                0x0000000000011fb4                bmp_280_sensor
 .rodata.tmp_007_sensor
                0x0000000000011fc4       0x10 contiki-srf06-cc26xx.a(tmp-007-sensor.)
                0x0000000000011fc4                tmp_007_sensor
 .rodata.str1.4
                0x0000000000011fd4       0xe3 contiki-srf06-cc26xx.a(tmp-007-sensor.)
                                         0xe4 (size before relaxing)
 *fill*         0x00000000000120b7        0x1 00000000
 .rodata.str1.4
                0x00000000000120b8        0x8 contiki-srf06-cc26xx.a(opt-3001-sensor)
 .rodata.opt_3001_sensor
                0x00000000000120c0       0x10 contiki-srf06-cc26xx.a(opt-3001-sensor)
                0x00000000000120c0                opt_3001_sensor
 .rodata.hdc_1000_sensor
                0x00000000000120d0       0x10 contiki-srf06-cc26xx.a(hdc-1000-sensor)
                0x00000000000120d0                hdc_1000_sensor
 .rodata.str1.4
                0x00000000000120e0        0x8 contiki-srf06-cc26xx.a(hdc-1000-sensor)
 .rodata.mpu_9250_sensor
                0x00000000000120e8       0x10 contiki-srf06-cc26xx.a(mpu-9250-sensor)
                0x00000000000120e8                mpu_9250_sensor
 .rodata.str1.4
                0x00000000000120f8        0x8 contiki-srf06-cc26xx.a(mpu-9250-sensor)
 .rodata.str1.4
                0x0000000000012100        0x7 contiki-srf06-cc26xx.a(button-sensor.o)
                                          0x8 (size before relaxing)
 *fill*         0x0000000000012107        0x1 00000000
 .rodata.button_left_sensor
                0x0000000000012108       0x10 contiki-srf06-cc26xx.a(button-sensor.o)
                0x0000000000012108                button_left_sensor
 .rodata.button_right_sensor
                0x0000000000012118       0x10 contiki-srf06-cc26xx.a(button-sensor.o)
                0x0000000000012118                button_right_sensor
 .rodata.str1.4
                0x0000000000012128        0x5 contiki-srf06-cc26xx.a(reed-relay.o)
                                          0x8 (size before relaxing)
 *fill*         0x000000000001212d        0x3 00000000
 .rodata.reed_relay_sensor